Archive member included to satisfy reference by file (symbol)

c:/users/manht/appdata/roaming/xpacks/@xpack-dev-tools/arm-none-eabi-gcc/10.2.1-1.1.2/.content/bin/../lib/gcc/arm-none-eabi/10.2.1/thumb/v6-m/nofp\libgcc.a(_udivsi3.o)
                              src\board.o (__aeabi_uidiv)
c:/users/manht/appdata/roaming/xpacks/@xpack-dev-tools/arm-none-eabi-gcc/10.2.1-1.1.2/.content/bin/../lib/gcc/arm-none-eabi/10.2.1/thumb/v6-m/nofp\libgcc.a(_divsi3.o)
                              src\lcd\stm32_adafruit_lcd.o (__aeabi_idiv)
c:/users/manht/appdata/roaming/xpacks/@xpack-dev-tools/arm-none-eabi-gcc/10.2.1-1.1.2/.content/bin/../lib/gcc/arm-none-eabi/10.2.1/thumb/v6-m/nofp\libgcc.a(_dvmd_tls.o)
                              c:/users/manht/appdata/roaming/xpacks/@xpack-dev-tools/arm-none-eabi-gcc/10.2.1-1.1.2/.content/bin/../lib/gcc/arm-none-eabi/10.2.1/thumb/v6-m/nofp\libgcc.a(_udivsi3.o) (__aeabi_idiv0)
c:/users/manht/appdata/roaming/xpacks/@xpack-dev-tools/arm-none-eabi-gcc/10.2.1-1.1.2/.content/bin/../lib/gcc/arm-none-eabi/10.2.1/thumb/v6-m/nofp\libgcc.a(_arm_cmpsf2.o)
                              src\can\can_receive.o (__aeabi_fcmpgt)
c:/users/manht/appdata/roaming/xpacks/@xpack-dev-tools/arm-none-eabi-gcc/10.2.1-1.1.2/.content/bin/../lib/gcc/arm-none-eabi/10.2.1/thumb/v6-m/nofp\libgcc.a(_fixunssfsi.o)
                              src\can\can_receive.o (__aeabi_f2uiz)
c:/users/manht/appdata/roaming/xpacks/@xpack-dev-tools/arm-none-eabi-gcc/10.2.1-1.1.2/.content/bin/../lib/gcc/arm-none-eabi/10.2.1/thumb/v6-m/nofp\libgcc.a(_fixunsdfsi.o)
                              src\can\can_receive.o (__aeabi_d2uiz)
c:/users/manht/appdata/roaming/xpacks/@xpack-dev-tools/arm-none-eabi-gcc/10.2.1-1.1.2/.content/bin/../lib/gcc/arm-none-eabi/10.2.1/thumb/v6-m/nofp\libgcc.a(addsf3.o)
                              src\can\can_receive.o (__aeabi_fadd)
c:/users/manht/appdata/roaming/xpacks/@xpack-dev-tools/arm-none-eabi-gcc/10.2.1-1.1.2/.content/bin/../lib/gcc/arm-none-eabi/10.2.1/thumb/v6-m/nofp\libgcc.a(divsf3.o)
                              src\lcd\stm32_adafruit_lcd.o (__aeabi_fdiv)
c:/users/manht/appdata/roaming/xpacks/@xpack-dev-tools/arm-none-eabi-gcc/10.2.1-1.1.2/.content/bin/../lib/gcc/arm-none-eabi/10.2.1/thumb/v6-m/nofp\libgcc.a(eqsf2.o)
                              c:/users/manht/appdata/roaming/xpacks/@xpack-dev-tools/arm-none-eabi-gcc/10.2.1-1.1.2/.content/bin/../lib/gcc/arm-none-eabi/10.2.1/thumb/v6-m/nofp\libgcc.a(_arm_cmpsf2.o) (__eqsf2)
c:/users/manht/appdata/roaming/xpacks/@xpack-dev-tools/arm-none-eabi-gcc/10.2.1-1.1.2/.content/bin/../lib/gcc/arm-none-eabi/10.2.1/thumb/v6-m/nofp\libgcc.a(gesf2.o)
                              c:/users/manht/appdata/roaming/xpacks/@xpack-dev-tools/arm-none-eabi-gcc/10.2.1-1.1.2/.content/bin/../lib/gcc/arm-none-eabi/10.2.1/thumb/v6-m/nofp\libgcc.a(_arm_cmpsf2.o) (__gesf2)
c:/users/manht/appdata/roaming/xpacks/@xpack-dev-tools/arm-none-eabi-gcc/10.2.1-1.1.2/.content/bin/../lib/gcc/arm-none-eabi/10.2.1/thumb/v6-m/nofp\libgcc.a(lesf2.o)
                              c:/users/manht/appdata/roaming/xpacks/@xpack-dev-tools/arm-none-eabi-gcc/10.2.1-1.1.2/.content/bin/../lib/gcc/arm-none-eabi/10.2.1/thumb/v6-m/nofp\libgcc.a(_arm_cmpsf2.o) (__lesf2)
c:/users/manht/appdata/roaming/xpacks/@xpack-dev-tools/arm-none-eabi-gcc/10.2.1-1.1.2/.content/bin/../lib/gcc/arm-none-eabi/10.2.1/thumb/v6-m/nofp\libgcc.a(subsf3.o)
                              c:/users/manht/appdata/roaming/xpacks/@xpack-dev-tools/arm-none-eabi-gcc/10.2.1-1.1.2/.content/bin/../lib/gcc/arm-none-eabi/10.2.1/thumb/v6-m/nofp\libgcc.a(_fixunssfsi.o) (__aeabi_fsub)
c:/users/manht/appdata/roaming/xpacks/@xpack-dev-tools/arm-none-eabi-gcc/10.2.1-1.1.2/.content/bin/../lib/gcc/arm-none-eabi/10.2.1/thumb/v6-m/nofp\libgcc.a(fixsfsi.o)
                              c:/users/manht/appdata/roaming/xpacks/@xpack-dev-tools/arm-none-eabi-gcc/10.2.1-1.1.2/.content/bin/../lib/gcc/arm-none-eabi/10.2.1/thumb/v6-m/nofp\libgcc.a(_fixunssfsi.o) (__aeabi_f2iz)
c:/users/manht/appdata/roaming/xpacks/@xpack-dev-tools/arm-none-eabi-gcc/10.2.1-1.1.2/.content/bin/../lib/gcc/arm-none-eabi/10.2.1/thumb/v6-m/nofp\libgcc.a(floatsisf.o)
                              src\lcd\stm32_adafruit_lcd.o (__aeabi_i2f)
c:/users/manht/appdata/roaming/xpacks/@xpack-dev-tools/arm-none-eabi-gcc/10.2.1-1.1.2/.content/bin/../lib/gcc/arm-none-eabi/10.2.1/thumb/v6-m/nofp\libgcc.a(floatunsisf.o)
                              src\can\can_receive.o (__aeabi_ui2f)
c:/users/manht/appdata/roaming/xpacks/@xpack-dev-tools/arm-none-eabi-gcc/10.2.1-1.1.2/.content/bin/../lib/gcc/arm-none-eabi/10.2.1/thumb/v6-m/nofp\libgcc.a(muldf3.o)
                              src\can\can_receive.o (__aeabi_dmul)
c:/users/manht/appdata/roaming/xpacks/@xpack-dev-tools/arm-none-eabi-gcc/10.2.1-1.1.2/.content/bin/../lib/gcc/arm-none-eabi/10.2.1/thumb/v6-m/nofp\libgcc.a(subdf3.o)
[...]
Memory Configuration

Name             Origin             Length             Attributes
RAM              0x0000000020000000 0x0000000000004000 xrw
CCMRAM           0x0000000000000000 0x0000000000000000 xrw
FLASH            0x0000000008000000 0x0000000000020000 xr
FLASHB1          0x0000000000000000 0x0000000000000000 xr
EXTMEMB0         0x0000000000000000 0x0000000000000000 xr
EXTMEMB1         0x0000000000000000 0x0000000000000000 xr
EXTMEMB2         0x0000000000000000 0x0000000000000000 xr
EXTMEMB3         0x0000000000000000 0x0000000000000000 xr
MEMORY_ARRAY     0x0000000000000000 0x0000000000000000 xrw
*default*        0x0000000000000000 0xffffffffffffffff

Linker script and memory map

LOAD src\backup.o
LOAD src\board.o
LOAD src\can\can_hardware.o
LOAD src\can\can_receive.o
LOAD src\ioc\actuator_io_hardware.o
LOAD src\ioc\ioc.o
LOAD src\ioc\switch.o
LOAD src\lcd\Fonts\font28.o
LOAD src\lcd\digit.o
LOAD src\lcd\digit1.o
LOAD src\lcd\ili9486.o
LOAD src\lcd\lcd_io_gpio8.o
LOAD src\lcd\screen.o
LOAD src\lcd\stm32_adafruit_lcd.o
LOAD src\main.o
LOAD src\stm32f0xx_it.o
LOAD src\usart\usart.o
LOAD system\src\cmsis\system_stm32f0xx.o
LOAD system\src\cmsis\vectors_stm32f0xx.o
LOAD system\src\cortexm\_initialize_hardware.o
LOAD system\src\cortexm\_reset_hardware.o
LOAD system\src\cortexm\exception_handlers.o
LOAD system\src\diag\Trace.o
LOAD system\src\diag\trace_impl.o
LOAD system\src\newlib\_cxx.o
LOAD system\src\newlib\_exit.o
LOAD system\src\newlib\_sbrk.o
LOAD system\src\newlib\_startup.o
LOAD system\src\newlib\_syscalls.o
LOAD system\src\newlib\assert.o
LOAD system\src\stm32f0-stdperiph\stm32f0xx_can.o
LOAD system\src\stm32f0-stdperiph\stm32f0xx_exti.o
LOAD system\src\stm32f0-stdperiph\stm32f0xx_gpio.o
LOAD system\src\stm32f0-stdperiph\stm32f0xx_misc.o
LOAD system\src\stm32f0-stdperiph\stm32f0xx_pwr.o
LOAD system\src\stm32f0-stdperiph\stm32f0xx_rcc.o
LOAD system\src\stm32f0-stdperiph\stm32f0xx_rtc.o
LOAD system\src\stm32f0-stdperiph\stm32f0xx_syscfg.o
LOAD system\src\stm32f0-stdperiph\stm32f0xx_tim.o
LOAD system\src\stm32f0-stdperiph\stm32f0xx_usart.o
LOAD c:/users/manht/appdata/roaming/xpacks/@xpack-dev-tools/arm-none-eabi-gcc/10.2.1-1.1.2/.content/bin/../lib/gcc/arm-none-eabi/10.2.1/../../../../arm-none-eabi/lib/thumb/v6-m/nofp\libstdc++_nano.a
LOAD c:/users/manht/appdata/roaming/xpacks/@xpack-dev-tools/arm-none-eabi-gcc/10.2.1-1.1.2/.content/bin/../lib/gcc/arm-none-eabi/10.2.1/../../../../arm-none-eabi/lib/thumb/v6-m/nofp\libm.a
START GROUP
LOAD c:/users/manht/appdata/roaming/xpacks/@xpack-dev-tools/arm-none-eabi-gcc/10.2.1-1.1.2/.content/bin/../lib/gcc/arm-none-eabi/10.2.1/thumb/v6-m/nofp\libgcc.a
LOAD c:/users/manht/appdata/roaming/xpacks/@xpack-dev-tools/arm-none-eabi-gcc/10.2.1-1.1.2/.content/bin/../lib/gcc/arm-none-eabi/10.2.1/../../../../arm-none-eabi/lib/thumb/v6-m/nofp\libg_nano.a
LOAD c:/users/manht/appdata/roaming/xpacks/@xpack-dev-tools/arm-none-eabi-gcc/10.2.1-1.1.2/.content/bin/../lib/gcc/arm-none-eabi/10.2.1/../../../../arm-none-eabi/lib/thumb/v6-m/nofp\libc_nano.a
END GROUP
START GROUP
LOAD c:/users/manht/appdata/roaming/xpacks/@xpack-dev-tools/arm-none-eabi-gcc/10.2.1-1.1.2/.content/bin/../lib/gcc/arm-none-eabi/10.2.1/thumb/v6-m/nofp\libgcc.a
LOAD c:/users/manht/appdata/roaming/xpacks/@xpack-dev-tools/arm-none-eabi-gcc/10.2.1-1.1.2/.content/bin/../lib/gcc/arm-none-eabi/10.2.1/../../../../arm-none-eabi/lib/thumb/v6-m/nofp\libc_nano.a
END GROUP
                0x0000000020004000                __stack = (ORIGIN (RAM) + LENGTH (RAM))
                0x0000000020004000                _estack = __stack
                0x0000000000000400                __Main_Stack_Size = 0x400
                [!provide]                        PROVIDE (_Main_Stack_Size = __Main_Stack_Size)
                0x0000000020003c00                __Main_Stack_Limit = (__stack - __Main_Stack_Size)
                [!provide]                        PROVIDE (_Main_Stack_Limit = __Main_Stack_Limit)
                0x0000000000000100                _Minimum_Stack_Size = 0x100
                0x000000002000034c                PROVIDE (_Heap_Begin = _end_noinit)
                0x0000000020003c00                PROVIDE (_Heap_Limit = (__stack - __Main_Stack_Size))

.isr_vector     0x0000000008000000      0x210
 FILL mask 0xff
                0x0000000008000000                __vectors_start = ABSOLUTE (.)
                0x0000000008000000                __vectors_start__ = ABSOLUTE (.)
 *(.isr_vector)
 .isr_vector    0x0000000008000000       0xc4 system\src\cmsis\vectors_stm32f0xx.o
                0x0000000008000000                g_pfnVectors
 *(.cfmconfig)
 *(.after_vectors .after_vectors.*)
 .after_vectors
                0x00000000080000c4        0x4 system\src\cmsis\vectors_stm32f0xx.o
                0x00000000080000c4                TIM1_CC_IRQHandler
                0x00000000080000c4                TSC_IRQHandler
                0x00000000080000c4                ADC1_COMP_IRQHandler
                0x00000000080000c4                TIM6_IRQHandler
                0x00000000080000c4                PVD_IRQHandler
                0x00000000080000c4                I2C1_IRQHandler
                0x00000000080000c4                RCC_CRS_IRQHandler
                0x00000000080000c4                SPI1_IRQHandler
                0x00000000080000c4                TIM6_DAC_IRQHandler
                0x00000000080000c4                USART3_4_IRQHandler
                0x00000000080000c4                EXTI2_3_IRQHandler
                0x00000000080000c4                ADC1_IRQHandler
                0x00000000080000c4                I2C2_IRQHandler
                0x00000000080000c4                USART3_6_IRQHandler
                0x00000000080000c4                TIM17_IRQHandler
                0x00000000080000c4                RTC_IRQHandler
                0x00000000080000c4                PVD_VDDIO2_IRQHandler
                0x00000000080000c4                DMA1_Channel4_5_6_7_IRQHandler
                0x00000000080000c4                TIM16_IRQHandler
                0x00000000080000c4                TIM3_IRQHandler
                0x00000000080000c4                RCC_IRQHandler
                0x00000000080000c4                EXTI4_15_IRQHandler
                0x00000000080000c4                USART3_8_IRQHandler
                0x00000000080000c4                DMA1_Channel1_IRQHandler
                0x00000000080000c4                Default_Handler
                0x00000000080000c4                CEC_IRQHandler
                0x00000000080000c4                TIM14_IRQHandler
                0x00000000080000c4                DMA1_Channel4_5_IRQHandler
                0x00000000080000c4                TIM7_IRQHandler
                0x00000000080000c4                TIM15_IRQHandler
                0x00000000080000c4                EXTI0_1_IRQHandler
                0x00000000080000c4                USB_IRQHandler
                0x00000000080000c4                SPI2_IRQHandler
                0x00000000080000c4                DMA1_Ch2_3_DMA2_Ch1_2_IRQHandler
                0x00000000080000c4                DMA1_Ch4_7_DMA2_Ch3_5_IRQHandler
                0x00000000080000c4                TS_IRQHandler
                0x00000000080000c4                WWDG_IRQHandler
                0x00000000080000c4                DMA1_Channel2_3_IRQHandler
                0x00000000080000c4                VDDIO2_IRQHandler
                0x00000000080000c4                FLASH_IRQHandler
                0x00000000080000c4                TIM1_BRK_UP_TRG_COM_IRQHandler
 .after_vectors
                0x00000000080000c8       0x34 system\src\cortexm\exception_handlers.o
                0x00000000080000c8                Reset_Handler
                0x00000000080000ea                HardFault_Handler_C
 .after_vectors
                0x00000000080000fc      0x114 system\src\newlib\_startup.o
                0x00000000080000fc                _start

.inits          0x0000000008000210       0x28
                0x0000000008000210                __data_regions_array_start = .
                0x0000000008000210        0x4 LONG 0x801c87c LOADADDR (.data)
                0x0000000008000214        0x4 LONG 0x20000000 ADDR (.data)
                0x0000000008000218        0x4 LONG 0x20000154 (ADDR (.data) + SIZEOF (.data))
                0x000000000800021c        0x4 LONG 0x801c87c LOADADDR (.data_CCMRAM)
                0x0000000008000220        0x4 LONG 0x0 ADDR (.data_CCMRAM)
                0x0000000008000224        0x4 LONG 0x0 (ADDR (.data_CCMRAM) + SIZEOF (.data_CCMRAM))
                0x0000000008000228                __data_regions_array_end = .
                0x0000000008000228                __bss_regions_array_start = .
                0x0000000008000228        0x4 LONG 0x20000154 ADDR (.bss)
                0x000000000800022c        0x4 LONG 0x2000034c (ADDR (.bss) + SIZEOF (.bss))
                0x0000000008000230        0x4 LONG 0x0 ADDR (.bss_CCMRAM)
                0x0000000008000234        0x4 LONG 0x0 (ADDR (.bss_CCMRAM) + SIZEOF (.bss_CCMRAM))
                0x0000000008000238                __bss_regions_array_end = .
 *(.init)
 *(.fini)
                0x0000000008000238                . = ALIGN (0x4)
                0x0000000008000238                PROVIDE (__preinit_array_start = .)
 *(.preinit_array_sysinit .preinit_array_sysinit.*)
 *(.preinit_array_platform .preinit_array_platform.*)
 *(.preinit_array .preinit_array.*)
                0x0000000008000238                PROVIDE (__preinit_array_end = .)
                0x0000000008000238                . = ALIGN (0x4)
                0x0000000008000238                PROVIDE (__init_array_start = .)
 *(SORT_BY_NAME(.init_array.*))
 *(.init_array)
                0x0000000008000238                PROVIDE (__init_array_end = .)
                0x0000000008000238                . = ALIGN (0x4)
                0x0000000008000238                PROVIDE (__fini_array_start = .)
 *(SORT_BY_NAME(.fini_array.*))
 *(.fini_array)
                0x0000000008000238                PROVIDE (__fini_array_end = .)

.flashtext
 *(.flashtext .flashtext.*)

.text           0x0000000008000238    0x1c63b
 *(.text .text.*)
 .text.rcc_backup_init
                0x0000000008000238       0x32 src\backup.o
                0x0000000008000238                rcc_backup_init
 .text.get_backup_data
                0x000000000800026a        0xa src\backup.o
                0x000000000800026a                get_backup_data
 .text.write_backup_data
                0x0000000008000274        0xc src\backup.o
                0x0000000008000274                write_backup_data
 .text.lcd_draw_init_screen
                0x0000000008000280       0xd8 src\board.o
 .text.board_init
                0x0000000008000358       0x68 src\board.o
                0x0000000008000358                board_init
 .text.can_hardware_init_clk
                0x00000000080003c0       0x18 src\can\can_hardware.o
 .text.can_hardware_init_gpio
                0x00000000080003d8       0x9e src\can\can_hardware.o
 .text.can_hardware_init_nvic
                0x0000000008000476       0x1a src\can\can_hardware.o
 .text.can_error_handle
                0x0000000008000490        0x2 src\can\can_hardware.o
                0x0000000008000490                can_error_handle
 *fill*         0x0000000008000492        0x2 
 .text.can_hardware_init_module
                0x0000000008000494       0x70 src\can\can_hardware.o
 .text.can_hardware_init
                0x0000000008000504       0x14 src\can\can_hardware.o
                0x0000000008000504                can_hardware_init
 .text.can_data_process
                0x0000000008000518       0x16 src\can\can_receive.o
 *fill*         0x000000000800052e        0x2 
 .text.rpm_to_kmh
                0x0000000008000530       0x20 src\can\can_receive.o
 .text.rpm_to_ms
                0x0000000008000550       0x1c src\can\can_receive.o
 .text.display_speed
                0x000000000800056c       0x3c src\can\can_receive.o
 .text.can_check_mc_state
                0x00000000080005a8      0x134 src\can\can_receive.o
 .text.can_send_data_uart
                0x00000000080006dc       0x74 src\can\can_receive.o
 .text.can_receive_data
                0x0000000008000750       0xa4 src\can\can_receive.o
                0x0000000008000750                can_receive_data
 .text.display_odo
                0x00000000080007f4       0xe0 src\can\can_receive.o
                0x00000000080007f4                display_odo
 .text.display_trip
                0x00000000080008d4       0x9c src\can\can_receive.o
                0x00000000080008d4                display_trip
 .text.display_temp
                0x0000000008000970       0x3c src\can\can_receive.o
                0x0000000008000970                display_temp
 .text.display_voltage
                0x00000000080009ac       0x68 src\can\can_receive.o
                0x00000000080009ac                display_voltage
 .text.can_send_data
                0x0000000008000a14       0xb4 src\can\can_receive.o
                0x0000000008000a14                can_send_data
 .text.actuator_io_rcc_init
                0x0000000008000ac8       0x1e src\ioc\actuator_io_hardware.o
 *fill*         0x0000000008000ae6        0x2 
 .text.actuator_io_gpio_init
                0x0000000008000ae8      0x150 src\ioc\actuator_io_hardware.o
 .text.actuator_io_timer_init
                0x0000000008000c38       0x54 src\ioc\actuator_io_hardware.o
 .text.actuator_io_hardware_init
                0x0000000008000c8c       0x10 src\ioc\actuator_io_hardware.o
                0x0000000008000c8c                actuator_io_hardware_init
 .text.read_gpio_in
                0x0000000008000c9c       0x1c src\ioc\actuator_io_hardware.o
                0x0000000008000c9c                read_gpio_in
 .text.set_gpio_out
                0x0000000008000cb8       0x1c src\ioc\actuator_io_hardware.o
                0x0000000008000cb8                set_gpio_out
 .text.clear_gpio_out
                0x0000000008000cd4       0x1c src\ioc\actuator_io_hardware.o
                0x0000000008000cd4                clear_gpio_out
 .text.ioc_tim_enable
                0x0000000008000cf0        0xe src\ioc\actuator_io_hardware.o
                0x0000000008000cf0                ioc_tim_enable
 .text.ioc_tim_disable
                0x0000000008000cfe       0x14 src\ioc\actuator_io_hardware.o
                0x0000000008000cfe                ioc_tim_disable
 *fill*         0x0000000008000d12        0x2 
 .text.TIM2_IRQHandler
                0x0000000008000d14       0x30 src\ioc\actuator_io_hardware.o
                0x0000000008000d14                TIM2_IRQHandler
 .text.ioc_switch_in_init
                0x0000000008000d44       0x36 src\ioc\ioc.o
 .text.ioc_switch_out_init
                0x0000000008000d7a       0x2a src\ioc\ioc.o
 .text.ioc_init_switch
                0x0000000008000da4       0x10 src\ioc\ioc.o
 .text.ioc_turn_off_vib_motor
                0x0000000008000db4        0xa src\ioc\ioc.o
 .text.ioc_scan_input
                0x0000000008000dbe       0x44 src\ioc\ioc.o
 .text.io_switch_set_state
                0x0000000008000e02       0x1e src\ioc\ioc.o
 .text.ioc_turn_on_vib_motor
                0x0000000008000e20        0xa src\ioc\ioc.o
 *fill*         0x0000000008000e2a        0x2 
 .text.ioc_process_output
                0x0000000008000e2c      0x144 src\ioc\ioc.o
 .text.ioc_update_output
                0x0000000008000f70       0x3c src\ioc\ioc.o
 .text.ioc_init
                0x0000000008000fac        0x8 src\ioc\ioc.o
                0x0000000008000fac                ioc_init
 .text.ioc_update_device
                0x0000000008000fb4       0x10 src\ioc\ioc.o
                0x0000000008000fb4                ioc_update_device
 .text.switch_set_state
                0x0000000008000fc4       0x36 src\ioc\switch.o
 .text.switch_get_level
                0x0000000008000ffa       0x2a src\ioc\switch.o
 .text.delay_ms
                0x0000000008001024       0x14 src\ioc\switch.o
                0x0000000008001024                delay_ms
 .text.switch_init
                0x0000000008001038        0xe src\ioc\switch.o
                0x0000000008001038                switch_init
 .text.switch_on
                0x0000000008001046        0xa src\ioc\switch.o
                0x0000000008001046                switch_on
 .text.switch_off
                0x0000000008001050        0xa src\ioc\switch.o
                0x0000000008001050                switch_off
 .text.switch_get_state
                0x000000000800105a        0x4 src\ioc\switch.o
                0x000000000800105a                switch_get_state
 .text.switch_read_state
                0x000000000800105e       0x48 src\ioc\switch.o
                0x000000000800105e                switch_read_state
 .text.switch_toggle
                0x00000000080010a6       0x14 src\ioc\switch.o
                0x00000000080010a6                switch_toggle
 .text.ili9486_GetLcdPixelWidth
                0x00000000080010ba        0x6 src\lcd\ili9486.o
                0x00000000080010ba                ili9486_GetLcdPixelWidth
 .text.ili9486_GetLcdPixelHeight
                0x00000000080010c0        0x6 src\lcd\ili9486.o
                0x00000000080010c0                ili9486_GetLcdPixelHeight
 .text.ili9486_DisplayOn
                0x00000000080010c6       0x10 src\lcd\ili9486.o
                0x00000000080010c6                ili9486_DisplayOn
 .text.ili9486_DisplayOff
                0x00000000080010d6       0x10 src\lcd\ili9486.o
                0x00000000080010d6                ili9486_DisplayOff
 *fill*         0x00000000080010e6        0x2 
 .text.ili9486_ReadID
                0x00000000080010e8       0x30 src\lcd\ili9486.o
                0x00000000080010e8                ili9486_ReadID
 .text.ili9486_Init
                0x0000000008001118       0xd4 src\lcd\ili9486.o
                0x0000000008001118                ili9486_Init
 .text.ili9486_SetCursor
                0x00000000080011ec       0x4c src\lcd\ili9486.o
                0x00000000080011ec                ili9486_SetCursor
 .text.ili9486_SetDisplayWindow
                0x0000000008001238       0x88 src\lcd\ili9486.o
                0x0000000008001238                ili9486_SetDisplayWindow
 .text.ili9486_WritePixel
                0x00000000080012c0       0x5a src\lcd\ili9486.o
                0x00000000080012c0                ili9486_WritePixel
 *fill*         0x000000000800131a        0x2 
 .text.ili9486_ReadPixel
                0x000000000800131c       0x80 src\lcd\ili9486.o
                0x000000000800131c                ili9486_ReadPixel
 .text.ili9486_DrawHLine
                0x000000000800139c       0x6c src\lcd\ili9486.o
                0x000000000800139c                ili9486_DrawHLine
 .text.ili9486_DrawVLine
                0x0000000008001408       0x6c src\lcd\ili9486.o
                0x0000000008001408                ili9486_DrawVLine
 .text.ili9486_FillRect
                0x0000000008001474       0x86 src\lcd\ili9486.o
                0x0000000008001474                ili9486_FillRect
 *fill*         0x00000000080014fa        0x2 
 .text.ili9486_DrawBitmap
                0x00000000080014fc       0xa4 src\lcd\ili9486.o
                0x00000000080014fc                ili9486_DrawBitmap
 .text.ili9486_DrawBitmap_MonoChrome
                0x00000000080015a0       0xa4 src\lcd\ili9486.o
                0x00000000080015a0                ili9486_DrawBitmap_MonoChrome
 .text.ili9486_DrawBitmap_Grayscale4
                0x0000000008001644       0xa4 src\lcd\ili9486.o
                0x0000000008001644                ili9486_DrawBitmap_Grayscale4
 .text.LCD_data16_write
                0x00000000080016e8      0x1ac src\lcd\lcd_io_gpio8.o
 .text.LCD_Delay
                0x0000000008001894        0x8 src\lcd\lcd_io_gpio8.o
                0x0000000008001894                LCD_Delay
 .text.LCD_IO_Bl_OnOff
                0x000000000800189c        0x2 src\lcd\lcd_io_gpio8.o
                0x000000000800189c                LCD_IO_Bl_OnOff
 *fill*         0x000000000800189e        0x2 
 .text.LCD_IO_Init
                0x00000000080018a0      0x178 src\lcd\lcd_io_gpio8.o
                0x00000000080018a0                LCD_IO_Init
 .text.LCD_IO_WriteCmd8
                0x0000000008001a18       0xf0 src\lcd\lcd_io_gpio8.o
                0x0000000008001a18                LCD_IO_WriteCmd8
 .text.LCD_IO_WriteData8
                0x0000000008001b08       0xe0 src\lcd\lcd_io_gpio8.o
                0x0000000008001b08                LCD_IO_WriteData8
 .text.LCD_IO_WriteData16
                0x0000000008001be8      0x1bc src\lcd\lcd_io_gpio8.o
                0x0000000008001be8                LCD_IO_WriteData16
 .text.LCD_IO_WriteCmd8DataFill16
                0x0000000008001da4      0x290 src\lcd\lcd_io_gpio8.o
                0x0000000008001da4                LCD_IO_WriteCmd8DataFill16
 .text.LCD_IO_WriteCmd8MultipleData8
                0x0000000008002034      0x1c8 src\lcd\lcd_io_gpio8.o
                0x0000000008002034                LCD_IO_WriteCmd8MultipleData8
 .text.LCD_IO_WriteCmd8MultipleData16_RGB565
                0x00000000080021fc      0x294 src\lcd\lcd_io_gpio8.o
                0x00000000080021fc                LCD_IO_WriteCmd8MultipleData16_RGB565
 .text.RGB888_to_RGB565
                0x0000000008002490       0x1c src\lcd\lcd_io_gpio8.o
                0x0000000008002490                RGB888_to_RGB565
 .text.LCD_IO_WriteCmd8MultipleData16_Monochrome
                0x00000000080024ac      0x130 src\lcd\lcd_io_gpio8.o
                0x00000000080024ac                LCD_IO_WriteCmd8MultipleData16_Monochrome
 .text.LCD_IO_WriteCmd8MultipleData16_Grayscale4
                0x00000000080025dc      0x134 src\lcd\lcd_io_gpio8.o
                0x00000000080025dc                LCD_IO_WriteCmd8MultipleData16_Grayscale4
 .text.LCD_IO_ReadCmd8MultipleData8
                0x0000000008002710      0x26c src\lcd\lcd_io_gpio8.o
                0x0000000008002710                LCD_IO_ReadCmd8MultipleData8
 .text.LCD_IO_ReadCmd8MultipleData24to16
                0x000000000800297c      0x418 src\lcd\lcd_io_gpio8.o
                0x000000000800297c                LCD_IO_ReadCmd8MultipleData24to16
 .text.SetDisplayWindow
                0x0000000008002d94       0x14 src\lcd\stm32_adafruit_lcd.o
 .text.BSP_LCD_GetXSize
                0x0000000008002da8       0x10 src\lcd\stm32_adafruit_lcd.o
                0x0000000008002da8                BSP_LCD_GetXSize
 .text.BSP_LCD_GetYSize
                0x0000000008002db8       0x10 src\lcd\stm32_adafruit_lcd.o
                0x0000000008002db8                BSP_LCD_GetYSize
 .text.BSP_LCD_Clear
                0x0000000008002dc8       0x2c src\lcd\stm32_adafruit_lcd.o
                0x0000000008002dc8                BSP_LCD_Clear
 .text.BSP_LCD_Init
                0x0000000008002df4       0x34 src\lcd\stm32_adafruit_lcd.o
                0x0000000008002df4                BSP_LCD_Init
 .text.BSP_LCD_DrawPixel
                0x0000000008002e28       0x14 src\lcd\stm32_adafruit_lcd.o
                0x0000000008002e28                BSP_LCD_DrawPixel
 .text.BSP_LCD_DrawHLine
                0x0000000008002e3c       0x44 src\lcd\stm32_adafruit_lcd.o
                0x0000000008002e3c                BSP_LCD_DrawHLine
 .text.BSP_LCD_DrawVLine
                0x0000000008002e80       0x44 src\lcd\stm32_adafruit_lcd.o
                0x0000000008002e80                BSP_LCD_DrawVLine
 .text.BSP_LCD_DrawRect
                0x0000000008002ec4       0x8c src\lcd\stm32_adafruit_lcd.o
                0x0000000008002ec4                BSP_LCD_DrawRect
 .text.BSP_LCD_DrawBitmap_Monochrome
                0x0000000008002f50       0x50 src\lcd\stm32_adafruit_lcd.o
                0x0000000008002f50                BSP_LCD_DrawBitmap_Monochrome
 .text.BSP_LCD_DrawBitmap_Grayscale4
                0x0000000008002fa0       0x50 src\lcd\stm32_adafruit_lcd.o
                0x0000000008002fa0                BSP_LCD_DrawBitmap_Grayscale4
 .text.app_init
                0x0000000008002ff0       0x38 src\main.o
                0x0000000008002ff0                app_init
 .text.update_io
                0x0000000008003028       0x10 src\main.o
                0x0000000008003028                update_io
 .text.main     0x0000000008003038       0x10 src\main.o
                0x0000000008003038                main
 .text.can_rx_message_prepare
                0x0000000008003048       0x28 src\stm32f0xx_it.o
 .text.NMI_Handler
                0x0000000008003070        0x2 src\stm32f0xx_it.o
                0x0000000008003070                NMI_Handler
 .text.HardFault_Handler
                0x0000000008003072        0x2 src\stm32f0xx_it.o
                0x0000000008003072                HardFault_Handler
 .text.SVC_Handler
                0x0000000008003074        0x2 src\stm32f0xx_it.o
                0x0000000008003074                SVC_Handler
 .text.PendSV_Handler
                0x0000000008003076        0x2 src\stm32f0xx_it.o
                0x0000000008003076                PendSV_Handler
 .text.SysTick_Handler
                0x0000000008003078       0x24 src\stm32f0xx_it.o
                0x0000000008003078                SysTick_Handler
 .text.USART1_IRQHandler
                0x000000000800309c       0x5c src\stm32f0xx_it.o
                0x000000000800309c                USART1_IRQHandler
 .text.USART2_IRQHandler
                0x00000000080030f8       0x64 src\stm32f0xx_it.o
                0x00000000080030f8                USART2_IRQHandler
 .text.CEC_CAN_IRQHandler
                0x000000000800315c       0x44 src\stm32f0xx_it.o
                0x000000000800315c                CEC_CAN_IRQHandler
 .text.USART1_Send_String
                0x00000000080031a0       0x28 src\usart\usart.o
                0x00000000080031a0                USART1_Send_String
 .text.SetSysClock
                0x00000000080031c8       0xb4 system\src\cmsis\system_stm32f0xx.o
 .text.SystemInit
                0x000000000800327c       0x64 system\src\cmsis\system_stm32f0xx.o
                0x000000000800327c                SystemInit
 .text.SystemCoreClockUpdate
                0x00000000080032e0       0x98 system\src\cmsis\system_stm32f0xx.o
                0x00000000080032e0                SystemCoreClockUpdate
 .text.__initialize_hardware_early
                0x0000000008003378        0x8 system\src\cortexm\_initialize_hardware.o
                0x0000000008003378                __initialize_hardware_early
 .text.__initialize_hardware
                0x0000000008003380        0x8 system\src\cortexm\_initialize_hardware.o
                0x0000000008003380                __initialize_hardware
 .text._exit    0x0000000008003388        0x2 system\src\newlib\_exit.o
                0x0000000008003388                _exit
 .text.abort    0x000000000800338a        0x8 system\src\newlib\_exit.o
                0x000000000800338a                abort
 *fill*         0x0000000008003392        0x2 
 .text._sbrk    0x0000000008003394       0x48 system\src\newlib\_sbrk.o
                0x0000000008003394                _sbrk
 .text.__initialize_args
                0x00000000080033dc       0x10 system\src\newlib\_syscalls.o
                0x00000000080033dc                __initialize_args
 .text.assert_failed
                0x00000000080033ec        0x6 system\src\newlib\assert.o
                0x00000000080033ec                assert_failed
 .text.CheckITStatus
                0x00000000080033f2        0xc system\src\stm32f0-stdperiph\stm32f0xx_can.o
 *fill*         0x00000000080033fe        0x2 
 .text.CAN_DeInit
                0x0000000008003400       0x30 system\src\stm32f0-stdperiph\stm32f0xx_can.o
                0x0000000008003400                CAN_DeInit
 .text.CAN_Init
                0x0000000008003430      0x1dc system\src\stm32f0-stdperiph\stm32f0xx_can.o
                0x0000000008003430                CAN_Init
 .text.CAN_FilterInit
                0x000000000800360c      0x164 system\src\stm32f0-stdperiph\stm32f0xx_can.o
                0x000000000800360c                CAN_FilterInit
 .text.CAN_Receive
                0x0000000008003770       0xd0 system\src\stm32f0-stdperiph\stm32f0xx_can.o
                0x0000000008003770                CAN_Receive
 .text.CAN_ITConfig
                0x0000000008003840       0xa8 system\src\stm32f0-stdperiph\stm32f0xx_can.o
                0x0000000008003840                CAN_ITConfig
 .text.CAN_GetITStatus
                0x00000000080038e8      0x188 system\src\stm32f0-stdperiph\stm32f0xx_can.o
                0x00000000080038e8                CAN_GetITStatus
 .text.GPIO_Init
                0x0000000008003a70      0x120 system\src\stm32f0-stdperiph\stm32f0xx_gpio.o
                0x0000000008003a70                GPIO_Init
 .text.GPIO_ReadInputDataBit
                0x0000000008003b90       0xc8 system\src\stm32f0-stdperiph\stm32f0xx_gpio.o
                0x0000000008003b90                GPIO_ReadInputDataBit
 .text.GPIO_SetBits
                0x0000000008003c58       0x64 system\src\stm32f0-stdperiph\stm32f0xx_gpio.o
                0x0000000008003c58                GPIO_SetBits
 .text.GPIO_ResetBits
                0x0000000008003cbc       0x64 system\src\stm32f0-stdperiph\stm32f0xx_gpio.o
                0x0000000008003cbc                GPIO_ResetBits
 .text.GPIO_PinAFConfig
                0x0000000008003d20       0x94 system\src\stm32f0-stdperiph\stm32f0xx_gpio.o
                0x0000000008003d20                GPIO_PinAFConfig
 .text.NVIC_Init
                0x0000000008003db4       0x78 system\src\stm32f0-stdperiph\stm32f0xx_misc.o
                0x0000000008003db4                NVIC_Init
 .text.PWR_BackupAccessCmd
                0x0000000008003e2c       0x3c system\src\stm32f0-stdperiph\stm32f0xx_pwr.o
                0x0000000008003e2c                PWR_BackupAccessCmd
 .text.RCC_LSEConfig
                0x0000000008003e68       0x3c system\src\stm32f0-stdperiph\stm32f0xx_rcc.o
                0x0000000008003e68                RCC_LSEConfig
 .text.RCC_RTCCLKConfig
                0x0000000008003ea4       0x3c system\src\stm32f0-stdperiph\stm32f0xx_rcc.o
                0x0000000008003ea4                RCC_RTCCLKConfig
 .text.RCC_RTCCLKCmd
                0x0000000008003ee0       0x40 system\src\stm32f0-stdperiph\stm32f0xx_rcc.o
                0x0000000008003ee0                RCC_RTCCLKCmd
 .text.RCC_AHBPeriphClockCmd
                0x0000000008003f20       0x54 system\src\stm32f0-stdperiph\stm32f0xx_rcc.o
                0x0000000008003f20                RCC_AHBPeriphClockCmd
 .text.RCC_APB2PeriphClockCmd
                0x0000000008003f74       0x54 system\src\stm32f0-stdperiph\stm32f0xx_rcc.o
                0x0000000008003f74                RCC_APB2PeriphClockCmd
 .text.RCC_APB1PeriphClockCmd
                0x0000000008003fc8       0x54 system\src\stm32f0-stdperiph\stm32f0xx_rcc.o
                0x0000000008003fc8                RCC_APB1PeriphClockCmd
 .text.RCC_APB1PeriphResetCmd
                0x000000000800401c       0x54 system\src\stm32f0-stdperiph\stm32f0xx_rcc.o
                0x000000000800401c                RCC_APB1PeriphResetCmd
 .text.RCC_GetFlagStatus
                0x0000000008004070       0x88 system\src\stm32f0-stdperiph\stm32f0xx_rcc.o
                0x0000000008004070                RCC_GetFlagStatus
 .text.RTC_WriteBackupRegister
                0x00000000080040f8       0x3c system\src\stm32f0-stdperiph\stm32f0xx_rtc.o
                0x00000000080040f8                RTC_WriteBackupRegister
 .text.RTC_ReadBackupRegister
                0x0000000008004134       0x38 system\src\stm32f0-stdperiph\stm32f0xx_rtc.o
                0x0000000008004134                RTC_ReadBackupRegister
 .text.TIM_TimeBaseInit
                0x000000000800416c      0x110 system\src\stm32f0-stdperiph\stm32f0xx_tim.o
                0x000000000800416c                TIM_TimeBaseInit
 .text.TIM_Cmd  0x000000000800427c       0x98 system\src\stm32f0-stdperiph\stm32f0xx_tim.o
                0x000000000800427c                TIM_Cmd
 .text.TIM_ITConfig
                0x0000000008004314       0xb0 system\src\stm32f0-stdperiph\stm32f0xx_tim.o
                0x0000000008004314                TIM_ITConfig
 .text.TIM_ClearFlag
                0x00000000080043c4       0x90 system\src\stm32f0-stdperiph\stm32f0xx_tim.o
                0x00000000080043c4                TIM_ClearFlag
 .text.TIM_GetITStatus
                0x0000000008004454       0xb8 system\src\stm32f0-stdperiph\stm32f0xx_tim.o
                0x0000000008004454                TIM_GetITStatus
 .text.USART_SendData
                0x000000000800450c       0x84 system\src\stm32f0-stdperiph\stm32f0xx_usart.o
                0x000000000800450c                USART_SendData
 .text.USART_ReceiveData
                0x0000000008004590       0x6c system\src\stm32f0-stdperiph\stm32f0xx_usart.o
                0x0000000008004590                USART_ReceiveData
 .text.USART_GetFlagStatus
                0x00000000080045fc      0x114 system\src\stm32f0-stdperiph\stm32f0xx_usart.o
                0x00000000080045fc                USART_GetFlagStatus
 .text.USART_GetITStatus
                0x0000000008004710      0x140 system\src\stm32f0-stdperiph\stm32f0xx_usart.o
                0x0000000008004710                USART_GetITStatus
 .text          0x0000000008004850      0x114 c:/users/manht/appdata/roaming/xpacks/@xpack-dev-tools/arm-none-eabi-gcc/10.2.1-1.1.2/.content/bin/../lib/gcc/arm-none-eabi/10.2.1/thumb/v6-m/nofp\libgcc.a(_udivsi3.o)
                0x0000000008004850                __aeabi_uidiv
                0x0000000008004850                __udivsi3
                0x000000000800495c                __aeabi_uidivmod
 .text          0x0000000008004964        0x4 c:/users/manht/appdata/roaming/xpacks/@xpack-dev-tools/arm-none-eabi-gcc/10.2.1-1.1.2/.content/bin/../lib/gcc/arm-none-eabi/10.2.1/thumb/v6-m/nofp\libgcc.a(_dvmd_tls.o)
                0x0000000008004964                __aeabi_idiv0
                0x0000000008004964                __aeabi_ldiv0
 .text          0x0000000008004968       0x74 c:/users/manht/appdata/roaming/xpacks/@xpack-dev-tools/arm-none-eabi-gcc/10.2.1-1.1.2/.content/bin/../lib/gcc/arm-none-eabi/10.2.1/thumb/v6-m/nofp\libgcc.a(_arm_cmpsf2.o)
                0x0000000008004968                __aeabi_cfrcmple
                0x0000000008004970                __aeabi_cfcmpeq
                0x0000000008004970                __aeabi_cfcmple
                0x0000000008004980                __aeabi_fcmpeq
                0x000000000800498c                __aeabi_fcmplt
                0x00000000080049a0                __aeabi_fcmple
                0x00000000080049b4                __aeabi_fcmpgt
                0x00000000080049c8                __aeabi_fcmpge
 .text.__fixunssfsi
                0x00000000080049dc       0x30 c:/users/manht/appdata/roaming/xpacks/@xpack-dev-tools/arm-none-eabi-gcc/10.2.1-1.1.2/.content/bin/../lib/gcc/arm-none-eabi/10.2.1/thumb/v6-m/nofp\libgcc.a(_fixunssfsi.o)
                0x00000000080049dc                __fixunssfsi
                0x00000000080049dc                __aeabi_f2uiz
 .text.__fixunsdfsi
                0x0000000008004a0c       0x3c c:/users/manht/appdata/roaming/xpacks/@xpack-dev-tools/arm-none-eabi-gcc/10.2.1-1.1.2/.content/bin/../lib/gcc/arm-none-eabi/10.2.1/thumb/v6-m/nofp\libgcc.a(_fixunsdfsi.o)
                0x0000000008004a0c                __aeabi_d2uiz
                0x0000000008004a0c                __fixunsdfsi
 .text.__aeabi_fadd
                0x0000000008004a48      0x33c c:/users/manht/appdata/roaming/xpacks/@xpack-dev-tools/arm-none-eabi-gcc/10.2.1-1.1.2/.content/bin/../lib/gcc/arm-none-eabi/10.2.1/thumb/v6-m/nofp\libgcc.a(addsf3.o)
                0x0000000008004a48                __aeabi_fadd
 .text.__eqsf2  0x0000000008004d84       0x4c c:/users/manht/appdata/roaming/xpacks/@xpack-dev-tools/arm-none-eabi-gcc/10.2.1-1.1.2/.content/bin/../lib/gcc/arm-none-eabi/10.2.1/thumb/v6-m/nofp\libgcc.a(eqsf2.o)
                0x0000000008004d84                __eqsf2
                0x0000000008004d84                __nesf2
 .text.__gesf2  0x0000000008004dd0       0x8c c:/users/manht/appdata/roaming/xpacks/@xpack-dev-tools/arm-none-eabi-gcc/10.2.1-1.1.2/.content/bin/../lib/gcc/arm-none-eabi/10.2.1/thumb/v6-m/nofp\libgcc.a(gesf2.o)
                0x0000000008004dd0                __gesf2
                0x0000000008004dd0                __gtsf2
 .text.__lesf2  0x0000000008004e5c       0x88 c:/users/manht/appdata/roaming/xpacks/@xpack-dev-tools/arm-none-eabi-gcc/10.2.1-1.1.2/.content/bin/../lib/gcc/arm-none-eabi/10.2.1/thumb/v6-m/nofp\libgcc.a(lesf2.o)
                0x0000000008004e5c                __ltsf2
                0x0000000008004e5c                __lesf2
 .text.__aeabi_fsub
                0x0000000008004ee4      0x35c c:/users/manht/appdata/roaming/xpacks/@xpack-dev-tools/arm-none-eabi-gcc/10.2.1-1.1.2/.content/bin/../lib/gcc/arm-none-eabi/10.2.1/thumb/v6-m/nofp\libgcc.a(subsf3.o)
                0x0000000008004ee4                __aeabi_fsub
 .text.__aeabi_f2iz
                0x0000000008005240       0x40 c:/users/manht/appdata/roaming/xpacks/@xpack-dev-tools/arm-none-eabi-gcc/10.2.1-1.1.2/.content/bin/../lib/gcc/arm-none-eabi/10.2.1/thumb/v6-m/nofp\libgcc.a(fixsfsi.o)
                0x0000000008005240                __aeabi_f2iz
 .text.__aeabi_ui2f
                0x0000000008005280       0x84 c:/users/manht/appdata/roaming/xpacks/@xpack-dev-tools/arm-none-eabi-gcc/10.2.1-1.1.2/.content/bin/../lib/gcc/arm-none-eabi/10.2.1/thumb/v6-m/nofp\libgcc.a(floatunsisf.o)
                0x0000000008005280                __aeabi_ui2f
 .text.__aeabi_dmul
                0x0000000008005304      0x4dc c:/users/manht/appdata/roaming/xpacks/@xpack-dev-tools/arm-none-eabi-gcc/10.2.1-1.1.2/.content/bin/../lib/gcc/arm-none-eabi/10.2.1/thumb/v6-m/nofp\libgcc.a(muldf3.o)
                0x0000000008005304                __aeabi_dmul
 .text.__aeabi_dsub
                0x00000000080057e0      0x724 c:/users/manht/appdata/roaming/xpacks/@xpack-dev-tools/arm-none-eabi-gcc/10.2.1-1.1.2/.content/bin/../lib/gcc/arm-none-eabi/10.2.1/thumb/v6-m/nofp\libgcc.a(subdf3.o)
                0x00000000080057e0                __aeabi_dsub
 .text.__aeabi_d2iz
                0x0000000008005f04       0x6c c:/users/manht/appdata/roaming/xpacks/@xpack-dev-tools/arm-none-eabi-gcc/10.2.1-1.1.2/.content/bin/../lib/gcc/arm-none-eabi/10.2.1/thumb/v6-m/nofp\libgcc.a(fixdfsi.o)
                0x0000000008005f04                __aeabi_d2iz
 .text.__aeabi_ui2d
                0x0000000008005f70       0x4c c:/users/manht/appdata/roaming/xpacks/@xpack-dev-tools/arm-none-eabi-gcc/10.2.1-1.1.2/.content/bin/../lib/gcc/arm-none-eabi/10.2.1/thumb/v6-m/nofp\libgcc.a(floatunsidf.o)
                0x0000000008005f70                __aeabi_ui2d
 .text.__aeabi_d2f
                0x0000000008005fbc      0x110 c:/users/manht/appdata/roaming/xpacks/@xpack-dev-tools/arm-none-eabi-gcc/10.2.1-1.1.2/.content/bin/../lib/gcc/arm-none-eabi/10.2.1/thumb/v6-m/nofp\libgcc.a(truncdfsf2.o)
                0x0000000008005fbc                __aeabi_d2f
 .text          0x00000000080060cc       0x7c c:/users/manht/appdata/roaming/xpacks/@xpack-dev-tools/arm-none-eabi-gcc/10.2.1-1.1.2/.content/bin/../lib/gcc/arm-none-eabi/10.2.1/thumb/v6-m/nofp\libgcc.a(_arm_cmpdf2.o)
                0x00000000080060cc                __aeabi_cdrcmple
                0x00000000080060dc                __aeabi_cdcmple
                0x00000000080060dc                __aeabi_cdcmpeq
                0x00000000080060ec                __aeabi_dcmpeq
                0x00000000080060f8                __aeabi_dcmplt
                0x000000000800610c                __aeabi_dcmple
                0x0000000008006120                __aeabi_dcmpgt
                0x0000000008006134                __aeabi_dcmpge
 .text          0x0000000008006148       0x3c c:/users/manht/appdata/roaming/xpacks/@xpack-dev-tools/arm-none-eabi-gcc/10.2.1-1.1.2/.content/bin/../lib/gcc/arm-none-eabi/10.2.1/thumb/v6-m/nofp\libgcc.a(_clzsi2.o)
                0x0000000008006148                __clzsi2
 .text.__eqdf2  0x0000000008006184       0x84 c:/users/manht/appdata/roaming/xpacks/@xpack-dev-tools/arm-none-eabi-gcc/10.2.1-1.1.2/.content/bin/../lib/gcc/arm-none-eabi/10.2.1/thumb/v6-m/nofp\libgcc.a(eqdf2.o)
                0x0000000008006184                __nedf2
                0x0000000008006184                __eqdf2
 .text.__gedf2  0x0000000008006208       0xcc c:/users/manht/appdata/roaming/xpacks/@xpack-dev-tools/arm-none-eabi-gcc/10.2.1-1.1.2/.content/bin/../lib/gcc/arm-none-eabi/10.2.1/thumb/v6-m/nofp\libgcc.a(gedf2.o)
                0x0000000008006208                __gedf2
                0x0000000008006208                __gtdf2
 .text.__ledf2  0x00000000080062d4       0xc8 c:/users/manht/appdata/roaming/xpacks/@xpack-dev-tools/arm-none-eabi-gcc/10.2.1-1.1.2/.content/bin/../lib/gcc/arm-none-eabi/10.2.1/thumb/v6-m/nofp\libgcc.a(ledf2.o)
                0x00000000080062d4                __ledf2
                0x00000000080062d4                __ltdf2
 .text.__errno  0x000000000800639c        0xc c:/users/manht/appdata/roaming/xpacks/@xpack-dev-tools/arm-none-eabi-gcc/10.2.1-1.1.2/.content/bin/../lib/gcc/arm-none-eabi/10.2.1/../../../../arm-none-eabi/lib/thumb/v6-m/nofp\libg_nano.a(lib_a-errno.o)
                0x000000000800639c                __errno
 .text._free_r  0x00000000080063a8       0x94 c:/users/manht/appdata/roaming/xpacks/@xpack-dev-tools/arm-none-eabi-gcc/10.2.1-1.1.2/.content/bin/../lib/gcc/arm-none-eabi/10.2.1/../../../../arm-none-eabi/lib/thumb/v6-m/nofp\libg_nano.a(lib_a-nano-freer.o)
                0x00000000080063a8                _free_r
 .text._malloc_r
                0x000000000800643c       0xbc c:/users/manht/appdata/roaming/xpacks/@xpack-dev-tools/arm-none-eabi-gcc/10.2.1-1.1.2/.content/bin/../lib/gcc/arm-none-eabi/10.2.1/../../../../arm-none-eabi/lib/thumb/v6-m/nofp\libg_nano.a(lib_a-nano-mallocr.o)
                0x000000000800643c                _malloc_r
 .text._sbrk_r  0x00000000080064f8       0x24 c:/users/manht/appdata/roaming/xpacks/@xpack-dev-tools/arm-none-eabi-gcc/10.2.1-1.1.2/.content/bin/../lib/gcc/arm-none-eabi/10.2.1/../../../../arm-none-eabi/lib/thumb/v6-m/nofp\libg_nano.a(lib_a-sbrkr.o)
                0x00000000080064f8                _sbrk_r
 .text.sprintf  0x000000000800651c       0x40 c:/users/manht/appdata/roaming/xpacks/@xpack-dev-tools/arm-none-eabi-gcc/10.2.1-1.1.2/.content/bin/../lib/gcc/arm-none-eabi/10.2.1/../../../../arm-none-eabi/lib/thumb/v6-m/nofp\libg_nano.a(lib_a-sprintf.o)
                0x000000000800651c                siprintf
                0x000000000800651c                sprintf
 .text.__malloc_lock
                0x000000000800655c       0x10 c:/users/manht/appdata/roaming/xpacks/@xpack-dev-tools/arm-none-eabi-gcc/10.2.1-1.1.2/.content/bin/../lib/gcc/arm-none-eabi/10.2.1/../../../../arm-none-eabi/lib/thumb/v6-m/nofp\libg_nano.a(lib_a-mlock.o)
                0x000000000800655c                __malloc_lock
 .text.__malloc_unlock
                0x000000000800656c       0x10 c:/users/manht/appdata/roaming/xpacks/@xpack-dev-tools/arm-none-eabi-gcc/10.2.1-1.1.2/.content/bin/../lib/gcc/arm-none-eabi/10.2.1/../../../../arm-none-eabi/lib/thumb/v6-m/nofp\libg_nano.a(lib_a-mlock.o)
                0x000000000800656c                __malloc_unlock
 .text.__ssputs_r
                0x000000000800657c       0xc4 c:/users/manht/appdata/roaming/xpacks/@xpack-dev-tools/arm-none-eabi-gcc/10.2.1-1.1.2/.content/bin/../lib/gcc/arm-none-eabi/10.2.1/../../../../arm-none-eabi/lib/thumb/v6-m/nofp\libg_nano.a(lib_a-nano-svfprintf.o)
                0x000000000800657c                __ssputs_r
 .text._svfprintf_r
                0x0000000008006640      0x200 c:/users/manht/appdata/roaming/xpacks/@xpack-dev-tools/arm-none-eabi-gcc/10.2.1-1.1.2/.content/bin/../lib/gcc/arm-none-eabi/10.2.1/../../../../arm-none-eabi/lib/thumb/v6-m/nofp\libg_nano.a(lib_a-nano-svfprintf.o)
                0x0000000008006640                _svfiprintf_r
                0x0000000008006640                _svfprintf_r
 .text._printf_common
                0x0000000008006840       0xde c:/users/manht/appdata/roaming/xpacks/@xpack-dev-tools/arm-none-eabi-gcc/10.2.1-1.1.2/.content/bin/../lib/gcc/arm-none-eabi/10.2.1/../../../../arm-none-eabi/lib/thumb/v6-m/nofp\libg_nano.a(lib_a-nano-vfprintf_i.o)
                0x0000000008006840                _printf_common
 *fill*         0x000000000800691e        0x2 
 .text._printf_i
                0x0000000008006920      0x224 c:/users/manht/appdata/roaming/xpacks/@xpack-dev-tools/arm-none-eabi-gcc/10.2.1-1.1.2/.content/bin/../lib/gcc/arm-none-eabi/10.2.1/../../../../arm-none-eabi/lib/thumb/v6-m/nofp\libg_nano.a(lib_a-nano-vfprintf_i.o)
                0x0000000008006920                _printf_i
 .text.__retarget_lock_acquire_recursive
                0x0000000008006b44        0x2 c:/users/manht/appdata/roaming/xpacks/@xpack-dev-tools/arm-none-eabi-gcc/10.2.1-1.1.2/.content/bin/../lib/gcc/arm-none-eabi/10.2.1/../../../../arm-none-eabi/lib/thumb/v6-m/nofp\libg_nano.a(lib_a-lock.o)
                0x0000000008006b44                __retarget_lock_acquire_recursive
 .text.__retarget_lock_release_recursive
                0x0000000008006b46        0x2 c:/users/manht/appdata/roaming/xpacks/@xpack-dev-tools/arm-none-eabi-gcc/10.2.1-1.1.2/.content/bin/../lib/gcc/arm-none-eabi/10.2.1/../../../../arm-none-eabi/lib/thumb/v6-m/nofp\libg_nano.a(lib_a-lock.o)
                0x0000000008006b46                __retarget_lock_release_recursive
 .text.memchr   0x0000000008006b48       0x16 c:/users/manht/appdata/roaming/xpacks/@xpack-dev-tools/arm-none-eabi-gcc/10.2.1-1.1.2/.content/bin/../lib/gcc/arm-none-eabi/10.2.1/../../../../arm-none-eabi/lib/thumb/v6-m/nofp\libg_nano.a(lib_a-memchr-stub.o)
                0x0000000008006b48                memchr
 .text.memcpy   0x0000000008006b5e       0x12 c:/users/manht/appdata/roaming/xpacks/@xpack-dev-tools/arm-none-eabi-gcc/10.2.1-1.1.2/.content/bin/../lib/gcc/arm-none-eabi/10.2.1/../../../../arm-none-eabi/lib/thumb/v6-m/nofp\libg_nano.a(lib_a-memcpy-stub.o)
                0x0000000008006b5e                memcpy
 .text.memmove  0x0000000008006b70       0x26 c:/users/manht/appdata/roaming/xpacks/@xpack-dev-tools/arm-none-eabi-gcc/10.2.1-1.1.2/.content/bin/../lib/gcc/arm-none-eabi/10.2.1/../../../../arm-none-eabi/lib/thumb/v6-m/nofp\libg_nano.a(lib_a-memmove.o)
                0x0000000008006b70                memmove
 .text._realloc_r
                0x0000000008006b96       0x4c c:/users/manht/appdata/roaming/xpacks/@xpack-dev-tools/arm-none-eabi-gcc/10.2.1-1.1.2/.content/bin/../lib/gcc/arm-none-eabi/10.2.1/../../../../arm-none-eabi/lib/thumb/v6-m/nofp\libg_nano.a(lib_a-nano-reallocr.o)
                0x0000000008006b96                _realloc_r
 .text._malloc_usable_size_r
                0x0000000008006be2       0x10 c:/users/manht/appdata/roaming/xpacks/@xpack-dev-tools/arm-none-eabi-gcc/10.2.1-1.1.2/.content/bin/../lib/gcc/arm-none-eabi/10.2.1/../../../../arm-none-eabi/lib/thumb/v6-m/nofp\libg_nano.a(lib_a-nano-msizer.o)
                0x0000000008006be2                _malloc_usable_size_r
 *fill*         0x0000000008006bf2        0x2 
 .text          0x0000000008006bf4       0x14 c:/users/manht/appdata/roaming/xpacks/@xpack-dev-tools/arm-none-eabi-gcc/10.2.1-1.1.2/.content/bin/../lib/gcc/arm-none-eabi/10.2.1/thumb/v6-m/nofp\libgcc.a(_thumb1_case_shi.o)
                0x0000000008006bf4                __gnu_thumb1_case_shi
 *(.rodata .rodata.* .constdata .constdata.*)
 .rodata.can_check_mc_state.str1.4
                0x0000000008006c08       0x9e src\can\can_receive.o
 *fill*         0x0000000008006ca6        0x2 
 .rodata.can_send_data_uart.str1.4
                0x0000000008006ca8        0x5 src\can\can_receive.o
 *fill*         0x0000000008006cad        0x3 
 .rodata.Font28_Table
                0x0000000008006cb0        0x0 src\lcd\Fonts\font28.o
                0x0000000008006cb0                Font28_Table
 .rodata.Font_array1
                0x0000000008006cb0       0x28 src\lcd\digit.o
                0x0000000008006cb0                Font_array1
 .rodata.censius
                0x0000000008006cd8      0x23e src\lcd\digit.o
                0x0000000008006cd8                censius
 *fill*         0x0000000008006f16        0x2 
 .rodata.digit1_0
                0x0000000008006f18      0x1c6 src\lcd\digit.o
                0x0000000008006f18                digit1_0
 *fill*         0x00000000080070de        0x2 
 .rodata.digit1_1
                0x00000000080070e0      0x1c6 src\lcd\digit.o
                0x00000000080070e0                digit1_1
 *fill*         0x00000000080072a6        0x2 
 .rodata.digit1_2
                0x00000000080072a8      0x1c6 src\lcd\digit.o
                0x00000000080072a8                digit1_2
 *fill*         0x000000000800746e        0x2 
 .rodata.digit1_3
                0x0000000008007470      0x1c6 src\lcd\digit.o
                0x0000000008007470                digit1_3
 *fill*         0x0000000008007636        0x2 
 .rodata.digit1_4
                0x0000000008007638      0x1c6 src\lcd\digit.o
                0x0000000008007638                digit1_4
 *fill*         0x00000000080077fe        0x2 
 .rodata.digit1_5
                0x0000000008007800      0x1c6 src\lcd\digit.o
                0x0000000008007800                digit1_5
 *fill*         0x00000000080079c6        0x2 
 .rodata.digit1_6
                0x00000000080079c8      0x1c6 src\lcd\digit.o
                0x00000000080079c8                digit1_6
 *fill*         0x0000000008007b8e        0x2 
 .rodata.digit1_7
                0x0000000008007b90      0x1c6 src\lcd\digit.o
                0x0000000008007b90                digit1_7
 *fill*         0x0000000008007d56        0x2 
 .rodata.digit1_8
                0x0000000008007d58      0x1c6 src\lcd\digit.o
                0x0000000008007d58                digit1_8
 *fill*         0x0000000008007f1e        0x2 
 .rodata.digit1_9
                0x0000000008007f20      0x1c6 src\lcd\digit.o
                0x0000000008007f20                digit1_9
 *fill*         0x00000000080080e6        0x2 
 .rodata.dot    0x00000000080080e8      0x162 src\lcd\digit.o
                0x00000000080080e8                dot
 *fill*         0x000000000800824a        0x6 
 .rodata.km_distance
                0x0000000008008250      0x1bc src\lcd\digit.o
                0x0000000008008250                km_distance
 .rodata.Font_array
                0x000000000800840c       0x28 src\lcd\digit1.o
                0x000000000800840c                Font_array
 *fill*         0x0000000008008434        0x4 
 .rodata.digit_0
                0x0000000008008438     0x1b8e src\lcd\digit1.o
                0x0000000008008438                digit_0
 *fill*         0x0000000008009fc6        0x2 
 .rodata.digit_1
                0x0000000008009fc8     0x1b8e src\lcd\digit1.o
                0x0000000008009fc8                digit_1
 *fill*         0x000000000800bb56        0x2 
 .rodata.digit_2
                0x000000000800bb58     0x1b8e src\lcd\digit1.o
                0x000000000800bb58                digit_2
 *fill*         0x000000000800d6e6        0x2 
 .rodata.digit_3
                0x000000000800d6e8     0x1b8e src\lcd\digit1.o
                0x000000000800d6e8                digit_3
 *fill*         0x000000000800f276        0x2 
 .rodata.digit_4
                0x000000000800f278     0x1b8e src\lcd\digit1.o
                0x000000000800f278                digit_4
 *fill*         0x0000000008010e06        0x2 
 .rodata.digit_5
                0x0000000008010e08     0x1b8e src\lcd\digit1.o
                0x0000000008010e08                digit_5
 *fill*         0x0000000008012996        0x2 
 .rodata.digit_6
                0x0000000008012998     0x1b8e src\lcd\digit1.o
                0x0000000008012998                digit_6
 *fill*         0x0000000008014526        0x2 
 .rodata.digit_7
                0x0000000008014528     0x1b8e src\lcd\digit1.o
                0x0000000008014528                digit_7
 *fill*         0x00000000080160b6        0x2 
 .rodata.digit_8
                0x00000000080160b8     0x1b8e src\lcd\digit1.o
                0x00000000080160b8                digit_8
 *fill*         0x0000000008017c46        0x2 
 .rodata.digit_9
                0x0000000008017c48     0x1b8e src\lcd\digit1.o
                0x0000000008017c48                digit_9
 *fill*         0x00000000080197d6        0x2 
 .rodata.ili9486_Init.str1.4
                0x00000000080197d8        0x6 src\lcd\ili9486.o
 *fill*         0x00000000080197de        0x2 
 .rodata.ili9486_ReadPixel.str1.4
                0x00000000080197e0        0x2 src\lcd\ili9486.o
 *fill*         0x00000000080197e2        0x2 
 .rodata        0x00000000080197e4       0x2c src\lcd\ili9486.o
 .rodata.icon_blank
                0x0000000008019810       0x36 src\lcd\screen.o
                0x0000000008019810                icon_blank
 *fill*         0x0000000008019846        0x2 
 .rodata.icon_cos_led
                0x0000000008019848      0x59a src\lcd\screen.o
                0x0000000008019848                icon_cos_led
 *fill*         0x0000000008019de2        0x6 
 .rodata.icon_eco
                0x0000000008019de8      0x69e src\lcd\screen.o
                0x0000000008019de8                icon_eco
 *fill*         0x000000000801a486        0x2 
 .rodata.icon_far_led
                0x000000000801a488      0x59a src\lcd\screen.o
                0x000000000801a488                icon_far_led
 *fill*         0x000000000801aa22        0x6 
 .rodata.icon_kmh
                0x000000000801aa28      0x70a src\lcd\screen.o
                0x000000000801aa28                icon_kmh
 *fill*         0x000000000801b132        0x6 
 .rodata.icon_odo
                0x000000000801b138      0x270 src\lcd\screen.o
                0x000000000801b138                icon_odo
 .rodata.icon_pin
                0x000000000801b3a8      0x936 src\lcd\screen.o
                0x000000000801b3a8                icon_pin
 *fill*         0x000000000801bcde        0x2 
 .rodata.icon_sport
                0x000000000801bce0      0x69e src\lcd\screen.o
                0x000000000801bce0                icon_sport
 *fill*         0x000000000801c37e        0x2 
 .rodata.icon_trip
                0x000000000801c380      0x270 src\lcd\screen.o
                0x000000000801c380                icon_trip
 .rodata.CAN_DeInit.str1.4
                0x000000000801c5f0       0x30 system\src\stm32f0-stdperiph\stm32f0xx_can.o
 .rodata.CAN_GetITStatus
                0x000000000801c620       0x84 system\src\stm32f0-stdperiph\stm32f0xx_can.o
 .rodata.GPIO_DeInit.str1.4
                0x000000000801c6a4       0x31 system\src\stm32f0-stdperiph\stm32f0xx_gpio.o
 *fill*         0x000000000801c6d5        0x3 
 .rodata.NVIC_Init.str1.4
                0x000000000801c6d8       0x31 system\src\stm32f0-stdperiph\stm32f0xx_misc.o
 *fill*         0x000000000801c709        0x3 
 .rodata.PWR_BackupAccessCmd.str1.4
                0x000000000801c70c       0x30 system\src\stm32f0-stdperiph\stm32f0xx_pwr.o
 .rodata.RCC_HSEConfig.str1.4
                0x000000000801c73c       0x30 system\src\stm32f0-stdperiph\stm32f0xx_rcc.o
 .rodata.RTC_WriteProtectionCmd.str1.4
                0x000000000801c76c       0x30 system\src\stm32f0-stdperiph\stm32f0xx_rtc.o
 .rodata.TIM_DeInit.str1.4
                0x000000000801c79c       0x30 system\src\stm32f0-stdperiph\stm32f0xx_tim.o
 .rodata.USART_DeInit.str1.4
                0x000000000801c7cc       0x32 system\src\stm32f0-stdperiph\stm32f0xx_usart.o
 *fill*         0x000000000801c7fe        0x2 
 .rodata.__aeabi_dmul
                0x000000000801c800       0x40 c:/users/manht/appdata/roaming/xpacks/@xpack-dev-tools/arm-none-eabi-gcc/10.2.1-1.1.2/.content/bin/../lib/gcc/arm-none-eabi/10.2.1/thumb/v6-m/nofp\libgcc.a(muldf3.o)
 .rodata._svfprintf_r.str1.1
                0x000000000801c840       0x11 c:/users/manht/appdata/roaming/xpacks/@xpack-dev-tools/arm-none-eabi-gcc/10.2.1-1.1.2/.content/bin/../lib/gcc/arm-none-eabi/10.2.1/../../../../arm-none-eabi/lib/thumb/v6-m/nofp\libg_nano.a(lib_a-nano-svfprintf.o)
 .rodata._printf_i.str1.1
                0x000000000801c851       0x22 c:/users/manht/appdata/roaming/xpacks/@xpack-dev-tools/arm-none-eabi-gcc/10.2.1-1.1.2/.content/bin/../lib/gcc/arm-none-eabi/10.2.1/../../../../arm-none-eabi/lib/thumb/v6-m/nofp\libg_nano.a(lib_a-nano-vfprintf_i.o)
 *(vtable)
 *(.eh_frame*)
 *(.glue_7)
 .glue_7        0x000000000801c873        0x0 linker stubs
 *(.glue_7t)
 .glue_7t       0x000000000801c873        0x0 linker stubs

.vfp11_veneer   0x000000000801c874        0x0
 .vfp11_veneer  0x000000000801c874        0x0 linker stubs

.v4_bx          0x000000000801c874        0x0
 .v4_bx         0x000000000801c874        0x0 linker stubs

.iplt           0x000000000801c874        0x0
 .iplt          0x000000000801c874        0x0 src\backup.o

.ARM.extab
 *(.ARM.extab* .gnu.linkonce.armextab.*)
                0x000000000801c874                . = ALIGN (0x4)
                0x000000000801c874                __exidx_start = .

.ARM.exidx      0x000000000801c874        0x8
 *(.ARM.exidx* .gnu.linkonce.armexidx.*)
 .ARM.exidx.text.__fixunssfsi
                0x000000000801c874        0x8 c:/users/manht/appdata/roaming/xpacks/@xpack-dev-tools/arm-none-eabi-gcc/10.2.1-1.1.2/.content/bin/../lib/gcc/arm-none-eabi/10.2.1/thumb/v6-m/nofp\libgcc.a(_fixunssfsi.o)
 .ARM.exidx.text.__fixunsdfsi
                0x000000000801c87c        0x0 c:/users/manht/appdata/roaming/xpacks/@xpack-dev-tools/arm-none-eabi-gcc/10.2.1-1.1.2/.content/bin/../lib/gcc/arm-none-eabi/10.2.1/thumb/v6-m/nofp\libgcc.a(_fixunsdfsi.o)
                                          0x8 (size before relaxing)
 .ARM.exidx.text.__aeabi_fadd
                0x000000000801c87c        0x0 c:/users/manht/appdata/roaming/xpacks/@xpack-dev-tools/arm-none-eabi-gcc/10.2.1-1.1.2/.content/bin/../lib/gcc/arm-none-eabi/10.2.1/thumb/v6-m/nofp\libgcc.a(addsf3.o)
                                          0x8 (size before relaxing)
 .ARM.exidx.text.__eqsf2
                0x000000000801c87c        0x0 c:/users/manht/appdata/roaming/xpacks/@xpack-dev-tools/arm-none-eabi-gcc/10.2.1-1.1.2/.content/bin/../lib/gcc/arm-none-eabi/10.2.1/thumb/v6-m/nofp\libgcc.a(eqsf2.o)
                                          0x8 (size before relaxing)
 .ARM.exidx.text.__gesf2
                0x000000000801c87c        0x0 c:/users/manht/appdata/roaming/xpacks/@xpack-dev-tools/arm-none-eabi-gcc/10.2.1-1.1.2/.content/bin/../lib/gcc/arm-none-eabi/10.2.1/thumb/v6-m/nofp\libgcc.a(gesf2.o)
                                          0x8 (size before relaxing)
 .ARM.exidx.text.__lesf2
                0x000000000801c87c        0x0 c:/users/manht/appdata/roaming/xpacks/@xpack-dev-tools/arm-none-eabi-gcc/10.2.1-1.1.2/.content/bin/../lib/gcc/arm-none-eabi/10.2.1/thumb/v6-m/nofp\libgcc.a(lesf2.o)
                                          0x8 (size before relaxing)
 .ARM.exidx.text.__aeabi_fsub
                0x000000000801c87c        0x0 c:/users/manht/appdata/roaming/xpacks/@xpack-dev-tools/arm-none-eabi-gcc/10.2.1-1.1.2/.content/bin/../lib/gcc/arm-none-eabi/10.2.1/thumb/v6-m/nofp\libgcc.a(subsf3.o)
                                          0x8 (size before relaxing)
 .ARM.exidx.text.__aeabi_f2iz
                0x000000000801c87c        0x0 c:/users/manht/appdata/roaming/xpacks/@xpack-dev-tools/arm-none-eabi-gcc/10.2.1-1.1.2/.content/bin/../lib/gcc/arm-none-eabi/10.2.1/thumb/v6-m/nofp\libgcc.a(fixsfsi.o)
                                          0x8 (size before relaxing)
 .ARM.exidx.text.__aeabi_ui2f
                0x000000000801c87c        0x0 c:/users/manht/appdata/roaming/xpacks/@xpack-dev-tools/arm-none-eabi-gcc/10.2.1-1.1.2/.content/bin/../lib/gcc/arm-none-eabi/10.2.1/thumb/v6-m/nofp\libgcc.a(floatunsisf.o)
                                          0x8 (size before relaxing)
 .ARM.exidx.text.__aeabi_dmul
                0x000000000801c87c        0x0 c:/users/manht/appdata/roaming/xpacks/@xpack-dev-tools/arm-none-eabi-gcc/10.2.1-1.1.2/.content/bin/../lib/gcc/arm-none-eabi/10.2.1/thumb/v6-m/nofp\libgcc.a(muldf3.o)
                                          0x8 (size before relaxing)
 .ARM.exidx.text.__aeabi_dsub
                0x000000000801c87c        0x0 c:/users/manht/appdata/roaming/xpacks/@xpack-dev-tools/arm-none-eabi-gcc/10.2.1-1.1.2/.content/bin/../lib/gcc/arm-none-eabi/10.2.1/thumb/v6-m/nofp\libgcc.a(subdf3.o)
                                          0x8 (size before relaxing)
 .ARM.exidx.text.__aeabi_d2iz
                0x000000000801c87c        0x0 c:/users/manht/appdata/roaming/xpacks/@xpack-dev-tools/arm-none-eabi-gcc/10.2.1-1.1.2/.content/bin/../lib/gcc/arm-none-eabi/10.2.1/thumb/v6-m/nofp\libgcc.a(fixdfsi.o)
                                          0x8 (size before relaxing)
 .ARM.exidx.text.__aeabi_ui2d
                0x000000000801c87c        0x0 c:/users/manht/appdata/roaming/xpacks/@xpack-dev-tools/arm-none-eabi-gcc/10.2.1-1.1.2/.content/bin/../lib/gcc/arm-none-eabi/10.2.1/thumb/v6-m/nofp\libgcc.a(floatunsidf.o)
                                          0x8 (size before relaxing)
 .ARM.exidx.text.__aeabi_d2f
                0x000000000801c87c        0x0 c:/users/manht/appdata/roaming/xpacks/@xpack-dev-tools/arm-none-eabi-gcc/10.2.1-1.1.2/.content/bin/../lib/gcc/arm-none-eabi/10.2.1/thumb/v6-m/nofp\libgcc.a(truncdfsf2.o)
                                          0x8 (size before relaxing)
 .ARM.exidx.text.__eqdf2
                0x000000000801c87c        0x0 c:/users/manht/appdata/roaming/xpacks/@xpack-dev-tools/arm-none-eabi-gcc/10.2.1-1.1.2/.content/bin/../lib/gcc/arm-none-eabi/10.2.1/thumb/v6-m/nofp\libgcc.a(eqdf2.o)
                                          0x8 (size before relaxing)
 .ARM.exidx.text.__gedf2
                0x000000000801c87c        0x0 c:/users/manht/appdata/roaming/xpacks/@xpack-dev-tools/arm-none-eabi-gcc/10.2.1-1.1.2/.content/bin/../lib/gcc/arm-none-eabi/10.2.1/thumb/v6-m/nofp\libgcc.a(gedf2.o)
                                          0x8 (size before relaxing)
 .ARM.exidx.text.__ledf2
                0x000000000801c87c        0x0 c:/users/manht/appdata/roaming/xpacks/@xpack-dev-tools/arm-none-eabi-gcc/10.2.1-1.1.2/.content/bin/../lib/gcc/arm-none-eabi/10.2.1/thumb/v6-m/nofp\libgcc.a(ledf2.o)
                                          0x8 (size before relaxing)
                0x000000000801c87c                __exidx_end = .

.rel.dyn        0x000000000801c87c        0x0
 .rel.iplt      0x000000000801c87c        0x0 src\backup.o
                0x000000000801c87c                . = ALIGN (0x4)
                0x000000000801c87c                _etext = .
                0x000000000801c87c                __etext = .

.data_CCMRAM    0x0000000000000000        0x0 load address 0x000000000801c87c
 FILL mask 0xff
 *(.data.CCMRAM .data.CCMRAM.*)
                0x0000000000000000                . = ALIGN (0x4)
                0x000000000801c87c                _sidata = LOADADDR (.data)

.data           0x0000000020000000      0x154 load address 0x000000000801c87c
 FILL mask 0xff
                0x0000000020000000                _sdata = .
                0x0000000020000000                __data_start__ = .
 *(.data_begin .data_begin.*)
 .data_begin    0x0000000020000000        0x4 system\src\newlib\_startup.o
 *(.data .data.*)
 .data.GPIO_IN_PIN
                0x0000000020000004       0x14 src\ioc\actuator_io_hardware.o
                0x0000000020000004                GPIO_IN_PIN
 .data.GPIO_IN_PORT
                0x0000000020000018       0x28 src\ioc\actuator_io_hardware.o
                0x0000000020000018                GPIO_IN_PORT
 .data.GPIO_OUT_PIN
                0x0000000020000040       0x16 src\ioc\actuator_io_hardware.o
                0x0000000020000040                GPIO_OUT_PIN
 *fill*         0x0000000020000056        0x2 ff
 .data.GPIO_OUT_PORT
                0x0000000020000058       0x2c src\ioc\actuator_io_hardware.o
                0x0000000020000058                GPIO_OUT_PORT
 .data.Font28   0x0000000020000084        0x8 src\lcd\Fonts\font28.o
                0x0000000020000084                Font28
 .data.ili9486_drv
                0x000000002000008c       0x40 src\lcd\ili9486.o
                0x000000002000008c                ili9486_drv
 .data.lcd_drv  0x00000000200000cc        0x4 src\lcd\ili9486.o
                0x00000000200000cc                lcd_drv
 .data.AHBPrescTable
                0x00000000200000d0       0x10 system\src\cmsis\system_stm32f0xx.o
                0x00000000200000d0                AHBPrescTable
 .data.SystemCoreClock
                0x00000000200000e0        0x4 system\src\cmsis\system_stm32f0xx.o
                0x00000000200000e0                SystemCoreClock
 .data.argv.1   0x00000000200000e4        0x8 system\src\newlib\_syscalls.o
 .data._impure_ptr
                0x00000000200000ec        0x4 c:/users/manht/appdata/roaming/xpacks/@xpack-dev-tools/arm-none-eabi-gcc/10.2.1-1.1.2/.content/bin/../lib/gcc/arm-none-eabi/10.2.1/../../../../arm-none-eabi/lib/thumb/v6-m/nofp\libg_nano.a(lib_a-impure.o)
                0x00000000200000ec                _impure_ptr
 .data.impure_data
                0x00000000200000f0       0x60 c:/users/manht/appdata/roaming/xpacks/@xpack-dev-tools/arm-none-eabi-gcc/10.2.1-1.1.2/.content/bin/../lib/gcc/arm-none-eabi/10.2.1/../../../../arm-none-eabi/lib/thumb/v6-m/nofp\libg_nano.a(lib_a-impure.o)
 *(.data_end .data_end.*)
 .data_end      0x0000000020000150        0x4 system\src\newlib\_startup.o
                0x0000000020000154                . = ALIGN (0x4)
                0x0000000020000154                _edata = .
                0x0000000020000154                __data_end__ = .

.igot.plt       0x0000000020000154        0x0 load address 0x000000000801c9d0
 .igot.plt      0x0000000020000154        0x0 src\backup.o

.bss_CCMRAM     0x0000000000000000        0x0
 *(.bss.CCMRAM .bss.CCMRAM.*)

.bss            0x0000000020000154      0x1f8
                0x0000000020000154                __bss_start__ = .
                0x0000000020000154                _sbss = .
 *(.bss_begin .bss_begin.*)
 .bss_begin     0x0000000020000154        0x4 system\src\newlib\_startup.o
 *(.bss .bss.*)
 .bss.CAN_InitStructure
                0x0000000020000158        0xc src\can\can_hardware.o
 .bss.dcin      0x0000000020000164        0x4 src\can\can_receive.o
                0x0000000020000164                dcin
 .bss.distance_tmp
                0x0000000020000168        0x4 src\can\can_receive.o
                0x0000000020000168                distance_tmp
 .bss.error     0x000000002000016c        0x4 src\can\can_receive.o
                0x000000002000016c                error
 .bss.speed     0x0000000020000170        0x4 src\can\can_receive.o
                0x0000000020000170                speed
 .bss.temp      0x0000000020000174        0x4 src\can\can_receive.o
                0x0000000020000174                temp
 .bss.torque    0x0000000020000178        0x4 src\can\can_receive.o
                0x0000000020000178                torque
 .bss.TimBase_InitStructure
                0x000000002000017c        0xc src\ioc\actuator_io_hardware.o
                0x000000002000017c                TimBase_InitStructure
 .bss.ioc_tick  0x0000000020000188        0x1 src\ioc\actuator_io_hardware.o
                0x0000000020000188                ioc_tick
 .bss._is_turn_on_motor
                0x0000000020000189        0x1 src\ioc\ioc.o
                0x0000000020000189                _is_turn_on_motor
 *fill*         0x000000002000018a        0x2 
 .bss.on_vib_counter
                0x000000002000018c        0x4 src\ioc\ioc.o
 .bss.Is_ili9486_Initialized
                0x0000000020000190        0x1 src\lcd\ili9486.o
 *fill*         0x0000000020000191        0x1 
 .bss.yEnd      0x0000000020000192        0x2 src\lcd\ili9486.o
 .bss.yStart    0x0000000020000194        0x2 src\lcd\ili9486.o
 .bss.lcd_data8
                0x0000000020000196        0x1 src\lcd\lcd_io_gpio8.o
                0x0000000020000196                lcd_data8
 *fill*         0x0000000020000197        0x1 
 .bss.DrawProp  0x0000000020000198        0xc src\lcd\stm32_adafruit_lcd.o
                0x0000000020000198                DrawProp
 .bss.distance  0x00000000200001a4        0x4 src\main.o
                0x00000000200001a4                distance
 .bss.distance_tmp1
                0x00000000200001a8        0x4 src\main.o
                0x00000000200001a8                distance_tmp1
 .bss.vehicle_ioc
                0x00000000200001ac       0x96 src\main.o
                0x00000000200001ac                vehicle_ioc
 *fill*         0x0000000020000242        0x2 
 .bss.RxMessage
                0x0000000020000244       0x14 src\stm32f0xx_it.o
                0x0000000020000244                RxMessage
 .bss.can_flag  0x0000000020000258        0x1 src\stm32f0xx_it.o
                0x0000000020000258                can_flag
 .bss.can_mes_cnt
                0x0000000020000259        0x1 src\stm32f0xx_it.o
                0x0000000020000259                can_mes_cnt
 *fill*         0x000000002000025a        0x2 
 .bss.msTicks   0x000000002000025c        0x4 src\stm32f0xx_it.o
                0x000000002000025c                msTicks
 .bss.system_time_stamp
                0x0000000020000260        0x4 src\stm32f0xx_it.o
                0x0000000020000260                system_time_stamp
 .bss.buffer1   0x0000000020000264       0x64 src\usart\usart.o
                0x0000000020000264                buffer1
 .bss.buffer2   0x00000000200002c8       0x64 src\usart\usart.o
                0x00000000200002c8                buffer2
 .bss.y1        0x000000002000032c        0x1 src\usart\usart.o
                0x000000002000032c                y1
 .bss.y2        0x000000002000032d        0x1 src\usart\usart.o
                0x000000002000032d                y2
 *fill*         0x000000002000032e        0x2 
 .bss.current_heap_end.0
                0x0000000020000330        0x4 system\src\newlib\_sbrk.o
 .bss.errno     0x0000000020000334        0x4 system\src\newlib\_syscalls.o
                0x0000000020000334                errno
 .bss.name.0    0x0000000020000338        0x1 system\src\newlib\_syscalls.o
 *fill*         0x0000000020000339        0x3 
 .bss.__malloc_free_list
                0x000000002000033c        0x4 c:/users/manht/appdata/roaming/xpacks/@xpack-dev-tools/arm-none-eabi-gcc/10.2.1-1.1.2/.content/bin/../lib/gcc/arm-none-eabi/10.2.1/../../../../arm-none-eabi/lib/thumb/v6-m/nofp\libg_nano.a(lib_a-nano-mallocr.o)
                0x000000002000033c                __malloc_free_list
 .bss.__malloc_sbrk_start
                0x0000000020000340        0x4 c:/users/manht/appdata/roaming/xpacks/@xpack-dev-tools/arm-none-eabi-gcc/10.2.1-1.1.2/.content/bin/../lib/gcc/arm-none-eabi/10.2.1/../../../../arm-none-eabi/lib/thumb/v6-m/nofp\libg_nano.a(lib_a-nano-mallocr.o)
                0x0000000020000340                __malloc_sbrk_start
 .bss.__lock___malloc_recursive_mutex
                0x0000000020000344        0x1 c:/users/manht/appdata/roaming/xpacks/@xpack-dev-tools/arm-none-eabi-gcc/10.2.1-1.1.2/.content/bin/../lib/gcc/arm-none-eabi/10.2.1/../../../../arm-none-eabi/lib/thumb/v6-m/nofp\libg_nano.a(lib_a-lock.o)
                0x0000000020000344                __lock___malloc_recursive_mutex
 *(COMMON)
 *(.bss_end .bss_end.*)
 *fill*         0x0000000020000345        0x3 
 .bss_end       0x0000000020000348        0x4 system\src\newlib\_startup.o
                0x000000002000034c                . = ALIGN (0x4)
                0x000000002000034c                __bss_end__ = .
                0x000000002000034c                _ebss = .

.noinit_CCMRAM
 *(.noinit.CCMRAM .noinit.CCMRAM.*)

.noinit         0x000000002000034c        0x0
                0x000000002000034c                _noinit = .
 *(.noinit .noinit.*)
                0x000000002000034c                . = ALIGN (0x4)
                0x000000002000034c                _end_noinit = .
                [!provide]                        PROVIDE (end = _end_noinit)
                [!provide]                        PROVIDE (_end = _end_noinit)
                [!provide]                        PROVIDE (__end = _end_noinit)
                [!provide]                        PROVIDE (__end__ = _end_noinit)

._check_stack   0x000000002000034c      0x100
                0x000000002000044c                . = (. + _Minimum_Stack_Size)
 *fill*         0x000000002000034c      0x100 

.b1text
 *(.b1text)
 *(.b1rodata)
 *(.b1rodata.*)

.eb0text
 *(.eb0text)
 *(.eb0rodata)
 *(.eb0rodata.*)

.eb1text
 *(.eb1text)
 *(.eb1rodata)
 *(.eb1rodata.*)

.eb2text
 *(.eb2text)
 *(.eb2rodata)
 *(.eb2rodata.*)

.eb3text
 *(.eb3text)
 *(.eb3rodata)
 *(.eb3rodata.*)

.stab
 *(.stab)

.stabstr
 *(.stabstr)

.stab.excl
 *(.stab.excl)

.stab.exclstr
 *(.stab.exclstr)

.stab.index
 *(.stab.index)

.stab.indexstr
 *(.stab.indexstr)

.comment        0x0000000000000000       0x44
 *(.comment)
 .comment       0x0000000000000000       0x44 src\backup.o
                                         0x45 (size before relaxing)
 .comment       0x0000000000000044       0x45 src\board.o
 .comment       0x0000000000000044       0x45 src\can\can_hardware.o
 .comment       0x0000000000000044       0x45 src\can\can_receive.o
 .comment       0x0000000000000044       0x45 src\ioc\actuator_io_hardware.o
 .comment       0x0000000000000044       0x45 src\ioc\ioc.o
 .comment       0x0000000000000044       0x45 src\ioc\switch.o
 .comment       0x0000000000000044       0x45 src\lcd\Fonts\font28.o
 .comment       0x0000000000000044       0x45 src\lcd\digit.o
 .comment       0x0000000000000044       0x45 src\lcd\digit1.o
 .comment       0x0000000000000044       0x45 src\lcd\ili9486.o
 .comment       0x0000000000000044       0x45 src\lcd\lcd_io_gpio8.o
 .comment       0x0000000000000044       0x45 src\lcd\screen.o
 .comment       0x0000000000000044       0x45 src\lcd\stm32_adafruit_lcd.o
 .comment       0x0000000000000044       0x45 src\main.o
 .comment       0x0000000000000044       0x45 src\stm32f0xx_it.o
 .comment       0x0000000000000044       0x45 src\usart\usart.o
 .comment       0x0000000000000044       0x45 system\src\cmsis\system_stm32f0xx.o
 .comment       0x0000000000000044       0x45 system\src\cmsis\vectors_stm32f0xx.o
 .comment       0x0000000000000044       0x45 system\src\cortexm\_initialize_hardware.o
 .comment       0x0000000000000044       0x45 system\src\cortexm\exception_handlers.o
 .comment       0x0000000000000044       0x45 system\src\newlib\_exit.o
 .comment       0x0000000000000044       0x45 system\src\newlib\_sbrk.o
 .comment       0x0000000000000044       0x45 system\src\newlib\_startup.o
 .comment       0x0000000000000044       0x45 system\src\newlib\_syscalls.o
 .comment       0x0000000000000044       0x45 system\src\newlib\assert.o
 .comment       0x0000000000000044       0x45 system\src\stm32f0-stdperiph\stm32f0xx_can.o
 .comment       0x0000000000000044       0x45 system\src\stm32f0-stdperiph\stm32f0xx_gpio.o
 .comment       0x0000000000000044       0x45 system\src\stm32f0-stdperiph\stm32f0xx_misc.o
 .comment       0x0000000000000044       0x45 system\src\stm32f0-stdperiph\stm32f0xx_pwr.o
 .comment       0x0000000000000044       0x45 system\src\stm32f0-stdperiph\stm32f0xx_rcc.o
 .comment       0x0000000000000044       0x45 system\src\stm32f0-stdperiph\stm32f0xx_rtc.o
 .comment       0x0000000000000044       0x45 system\src\stm32f0-stdperiph\stm32f0xx_tim.o
 .comment       0x0000000000000044       0x45 system\src\stm32f0-stdperiph\stm32f0xx_usart.o

.ARM.attributes
                0x0000000000000000       0x2c
 .ARM.attributes
                0x0000000000000000       0x2c src\backup.o
 .ARM.attributes
                0x000000000000002c       0x2c src\board.o
 .ARM.attributes
                0x0000000000000058       0x2c src\can\can_hardware.o
 .ARM.attributes
                0x0000000000000084       0x2c src\can\can_receive.o
 .ARM.attributes
                0x00000000000000b0       0x2c src\ioc\actuator_io_hardware.o
 .ARM.attributes
                0x00000000000000dc       0x2c src\ioc\ioc.o
 .ARM.attributes
                0x0000000000000108       0x2c src\ioc\switch.o
 .ARM.attributes
                0x0000000000000134       0x31 src\lcd\Fonts\font28.o
 .ARM.attributes
                0x0000000000000165       0x31 src\lcd\digit.o
 .ARM.attributes
                0x0000000000000196       0x31 src\lcd\digit1.o
 .ARM.attributes
                0x00000000000001c7       0x2c src\lcd\ili9486.o
 .ARM.attributes
                0x00000000000001f3       0x2c src\lcd\lcd_io_gpio8.o
 .ARM.attributes
                0x000000000000021f       0x31 src\lcd\screen.o
 .ARM.attributes
                0x0000000000000250       0x2c src\lcd\stm32_adafruit_lcd.o
 .ARM.attributes
                0x000000000000027c       0x2c src\main.o
 .ARM.attributes
                0x00000000000002a8       0x2c src\stm32f0xx_it.o
 .ARM.attributes
                0x00000000000002d4       0x2c src\usart\usart.o
 .ARM.attributes
                0x0000000000000300       0x2c system\src\cmsis\system_stm32f0xx.o
 .ARM.attributes
                0x000000000000032c       0x2c system\src\cmsis\vectors_stm32f0xx.o
 .ARM.attributes
                0x0000000000000358       0x2c system\src\cortexm\_initialize_hardware.o
 .ARM.attributes
                0x0000000000000384       0x2c system\src\cortexm\exception_handlers.o
 .ARM.attributes
                0x00000000000003b0       0x2c system\src\newlib\_exit.o
 .ARM.attributes
                0x00000000000003dc       0x2c system\src\newlib\_sbrk.o
 .ARM.attributes
                0x0000000000000408       0x2c system\src\newlib\_startup.o
 .ARM.attributes
                0x0000000000000434       0x2c system\src\newlib\_syscalls.o
 .ARM.attributes
                0x0000000000000460       0x2c system\src\newlib\assert.o
 .ARM.attributes
                0x000000000000048c       0x2c system\src\stm32f0-stdperiph\stm32f0xx_can.o
 .ARM.attributes
                0x00000000000004b8       0x2c system\src\stm32f0-stdperiph\stm32f0xx_gpio.o
 .ARM.attributes
                0x00000000000004e4       0x2c system\src\stm32f0-stdperiph\stm32f0xx_misc.o
 .ARM.attributes
                0x0000000000000510       0x2c system\src\stm32f0-stdperiph\stm32f0xx_pwr.o
 .ARM.attributes
                0x000000000000053c       0x2c system\src\stm32f0-stdperiph\stm32f0xx_rcc.o
 .ARM.attributes
                0x0000000000000568       0x2c system\src\stm32f0-stdperiph\stm32f0xx_rtc.o
 .ARM.attributes
                0x0000000000000594       0x2c system\src\stm32f0-stdperiph\stm32f0xx_tim.o
 .ARM.attributes
                0x00000000000005c0       0x2c system\src\stm32f0-stdperiph\stm32f0xx_usart.o
 .ARM.attributes
                0x00000000000005ec       0x1e c:/users/manht/appdata/roaming/xpacks/@xpack-dev-tools/arm-none-eabi-gcc/10.2.1-1.1.2/.content/bin/../lib/gcc/arm-none-eabi/10.2.1/thumb/v6-m/nofp\libgcc.a(_udivsi3.o)
 .ARM.attributes
                0x000000000000060a       0x1e c:/users/manht/appdata/roaming/xpacks/@xpack-dev-tools/arm-none-eabi-gcc/10.2.1-1.1.2/.content/bin/../lib/gcc/arm-none-eabi/10.2.1/thumb/v6-m/nofp\libgcc.a(_dvmd_tls.o)
 .ARM.attributes
                0x0000000000000628       0x1e c:/users/manht/appdata/roaming/xpacks/@xpack-dev-tools/arm-none-eabi-gcc/10.2.1-1.1.2/.content/bin/../lib/gcc/arm-none-eabi/10.2.1/thumb/v6-m/nofp\libgcc.a(_arm_cmpsf2.o)
 .ARM.attributes
                0x0000000000000646       0x2c c:/users/manht/appdata/roaming/xpacks/@xpack-dev-tools/arm-none-eabi-gcc/10.2.1-1.1.2/.content/bin/../lib/gcc/arm-none-eabi/10.2.1/thumb/v6-m/nofp\libgcc.a(_fixunssfsi.o)
 .ARM.attributes
                0x0000000000000672       0x2c c:/users/manht/appdata/roaming/xpacks/@xpack-dev-tools/arm-none-eabi-gcc/10.2.1-1.1.2/.content/bin/../lib/gcc/arm-none-eabi/10.2.1/thumb/v6-m/nofp\libgcc.a(_fixunsdfsi.o)
 .ARM.attributes
                0x000000000000069e       0x2c c:/users/manht/appdata/roaming/xpacks/@xpack-dev-tools/arm-none-eabi-gcc/10.2.1-1.1.2/.content/bin/../lib/gcc/arm-none-eabi/10.2.1/thumb/v6-m/nofp\libgcc.a(addsf3.o)
 .ARM.attributes
                0x00000000000006ca       0x2c c:/users/manht/appdata/roaming/xpacks/@xpack-dev-tools/arm-none-eabi-gcc/10.2.1-1.1.2/.content/bin/../lib/gcc/arm-none-eabi/10.2.1/thumb/v6-m/nofp\libgcc.a(eqsf2.o)
 .ARM.attributes
                0x00000000000006f6       0x2c c:/users/manht/appdata/roaming/xpacks/@xpack-dev-tools/arm-none-eabi-gcc/10.2.1-1.1.2/.content/bin/../lib/gcc/arm-none-eabi/10.2.1/thumb/v6-m/nofp\libgcc.a(gesf2.o)
 .ARM.attributes
                0x0000000000000722       0x2c c:/users/manht/appdata/roaming/xpacks/@xpack-dev-tools/arm-none-eabi-gcc/10.2.1-1.1.2/.content/bin/../lib/gcc/arm-none-eabi/10.2.1/thumb/v6-m/nofp\libgcc.a(lesf2.o)
 .ARM.attributes
                0x000000000000074e       0x2c c:/users/manht/appdata/roaming/xpacks/@xpack-dev-tools/arm-none-eabi-gcc/10.2.1-1.1.2/.content/bin/../lib/gcc/arm-none-eabi/10.2.1/thumb/v6-m/nofp\libgcc.a(subsf3.o)
 .ARM.attributes
                0x000000000000077a       0x2c c:/users/manht/appdata/roaming/xpacks/@xpack-dev-tools/arm-none-eabi-gcc/10.2.1-1.1.2/.content/bin/../lib/gcc/arm-none-eabi/10.2.1/thumb/v6-m/nofp\libgcc.a(fixsfsi.o)
 .ARM.attributes
                0x00000000000007a6       0x2c c:/users/manht/appdata/roaming/xpacks/@xpack-dev-tools/arm-none-eabi-gcc/10.2.1-1.1.2/.content/bin/../lib/gcc/arm-none-eabi/10.2.1/thumb/v6-m/nofp\libgcc.a(floatunsisf.o)
 .ARM.attributes
                0x00000000000007d2       0x2c c:/users/manht/appdata/roaming/xpacks/@xpack-dev-tools/arm-none-eabi-gcc/10.2.1-1.1.2/.content/bin/../lib/gcc/arm-none-eabi/10.2.1/thumb/v6-m/nofp\libgcc.a(muldf3.o)
 .ARM.attributes
                0x00000000000007fe       0x2c c:/users/manht/appdata/roaming/xpacks/@xpack-dev-tools/arm-none-eabi-gcc/10.2.1-1.1.2/.content/bin/../lib/gcc/arm-none-eabi/10.2.1/thumb/v6-m/nofp\libgcc.a(subdf3.o)
 .ARM.attributes
                0x000000000000082a       0x2c c:/users/manht/appdata/roaming/xpacks/@xpack-dev-tools/arm-none-eabi-gcc/10.2.1-1.1.2/.content/bin/../lib/gcc/arm-none-eabi/10.2.1/thumb/v6-m/nofp\libgcc.a(fixdfsi.o)
 .ARM.attributes
                0x0000000000000856       0x2c c:/users/manht/appdata/roaming/xpacks/@xpack-dev-tools/arm-none-eabi-gcc/10.2.1-1.1.2/.content/bin/../lib/gcc/arm-none-eabi/10.2.1/thumb/v6-m/nofp\libgcc.a(floatunsidf.o)
 .ARM.attributes
                0x0000000000000882       0x2c c:/users/manht/appdata/roaming/xpacks/@xpack-dev-tools/arm-none-eabi-gcc/10.2.1-1.1.2/.content/bin/../lib/gcc/arm-none-eabi/10.2.1/thumb/v6-m/nofp\libgcc.a(truncdfsf2.o)
 .ARM.attributes
                0x00000000000008ae       0x1e c:/users/manht/appdata/roaming/xpacks/@xpack-dev-tools/arm-none-eabi-gcc/10.2.1-1.1.2/.content/bin/../lib/gcc/arm-none-eabi/10.2.1/thumb/v6-m/nofp\libgcc.a(_arm_cmpdf2.o)
 .ARM.attributes
                0x00000000000008cc       0x1e c:/users/manht/appdata/roaming/xpacks/@xpack-dev-tools/arm-none-eabi-gcc/10.2.1-1.1.2/.content/bin/../lib/gcc/arm-none-eabi/10.2.1/thumb/v6-m/nofp\libgcc.a(_clzsi2.o)
 .ARM.attributes
                0x00000000000008ea       0x2c c:/users/manht/appdata/roaming/xpacks/@xpack-dev-tools/arm-none-eabi-gcc/10.2.1-1.1.2/.content/bin/../lib/gcc/arm-none-eabi/10.2.1/thumb/v6-m/nofp\libgcc.a(eqdf2.o)
 .ARM.attributes
                0x0000000000000916       0x2c c:/users/manht/appdata/roaming/xpacks/@xpack-dev-tools/arm-none-eabi-gcc/10.2.1-1.1.2/.content/bin/../lib/gcc/arm-none-eabi/10.2.1/thumb/v6-m/nofp\libgcc.a(gedf2.o)
 .ARM.attributes
                0x0000000000000942       0x2c c:/users/manht/appdata/roaming/xpacks/@xpack-dev-tools/arm-none-eabi-gcc/10.2.1-1.1.2/.content/bin/../lib/gcc/arm-none-eabi/10.2.1/thumb/v6-m/nofp\libgcc.a(ledf2.o)
 .ARM.attributes
                0x000000000000096e       0x2c c:/users/manht/appdata/roaming/xpacks/@xpack-dev-tools/arm-none-eabi-gcc/10.2.1-1.1.2/.content/bin/../lib/gcc/arm-none-eabi/10.2.1/../../../../arm-none-eabi/lib/thumb/v6-m/nofp\libg_nano.a(lib_a-errno.o)
 .ARM.attributes
                0x000000000000099a       0x2c c:/users/manht/appdata/roaming/xpacks/@xpack-dev-tools/arm-none-eabi-gcc/10.2.1-1.1.2/.content/bin/../lib/gcc/arm-none-eabi/10.2.1/../../../../arm-none-eabi/lib/thumb/v6-m/nofp\libg_nano.a(lib_a-impure.o)
 .ARM.attributes
                0x00000000000009c6       0x2c c:/users/manht/appdata/roaming/xpacks/@xpack-dev-tools/arm-none-eabi-gcc/10.2.1-1.1.2/.content/bin/../lib/gcc/arm-none-eabi/10.2.1/../../../../arm-none-eabi/lib/thumb/v6-m/nofp\libg_nano.a(lib_a-nano-freer.o)
 .ARM.attributes
                0x00000000000009f2       0x2c c:/users/manht/appdata/roaming/xpacks/@xpack-dev-tools/arm-none-eabi-gcc/10.2.1-1.1.2/.content/bin/../lib/gcc/arm-none-eabi/10.2.1/../../../../arm-none-eabi/lib/thumb/v6-m/nofp\libg_nano.a(lib_a-nano-mallocr.o)
 .ARM.attributes
                0x0000000000000a1e       0x2c c:/users/manht/appdata/roaming/xpacks/@xpack-dev-tools/arm-none-eabi-gcc/10.2.1-1.1.2/.content/bin/../lib/gcc/arm-none-eabi/10.2.1/../../../../arm-none-eabi/lib/thumb/v6-m/nofp\libg_nano.a(lib_a-sbrkr.o)
 .ARM.attributes
                0x0000000000000a4a       0x2c c:/users/manht/appdata/roaming/xpacks/@xpack-dev-tools/arm-none-eabi-gcc/10.2.1-1.1.2/.content/bin/../lib/gcc/arm-none-eabi/10.2.1/../../../../arm-none-eabi/lib/thumb/v6-m/nofp\libg_nano.a(lib_a-sprintf.o)
 .ARM.attributes
                0x0000000000000a76       0x2c c:/users/manht/appdata/roaming/xpacks/@xpack-dev-tools/arm-none-eabi-gcc/10.2.1-1.1.2/.content/bin/../lib/gcc/arm-none-eabi/10.2.1/../../../../arm-none-eabi/lib/thumb/v6-m/nofp\libg_nano.a(lib_a-mlock.o)
 .ARM.attributes
                0x0000000000000aa2       0x2c c:/users/manht/appdata/roaming/xpacks/@xpack-dev-tools/arm-none-eabi-gcc/10.2.1-1.1.2/.content/bin/../lib/gcc/arm-none-eabi/10.2.1/../../../../arm-none-eabi/lib/thumb/v6-m/nofp\libg_nano.a(lib_a-nano-svfprintf.o)
 .ARM.attributes
                0x0000000000000ace       0x2c c:/users/manht/appdata/roaming/xpacks/@xpack-dev-tools/arm-none-eabi-gcc/10.2.1-1.1.2/.content/bin/../lib/gcc/arm-none-eabi/10.2.1/../../../../arm-none-eabi/lib/thumb/v6-m/nofp\libg_nano.a(lib_a-nano-vfprintf_i.o)
 .ARM.attributes
                0x0000000000000afa       0x2c c:/users/manht/appdata/roaming/xpacks/@xpack-dev-tools/arm-none-eabi-gcc/10.2.1-1.1.2/.content/bin/../lib/gcc/arm-none-eabi/10.2.1/../../../../arm-none-eabi/lib/thumb/v6-m/nofp\libg_nano.a(lib_a-lock.o)
 .ARM.attributes
                0x0000000000000b26       0x2c c:/users/manht/appdata/roaming/xpacks/@xpack-dev-tools/arm-none-eabi-gcc/10.2.1-1.1.2/.content/bin/../lib/gcc/arm-none-eabi/10.2.1/../../../../arm-none-eabi/lib/thumb/v6-m/nofp\libg_nano.a(lib_a-memchr-stub.o)
 .ARM.attributes
                0x0000000000000b52       0x2c c:/users/manht/appdata/roaming/xpacks/@xpack-dev-tools/arm-none-eabi-gcc/10.2.1-1.1.2/.content/bin/../lib/gcc/arm-none-eabi/10.2.1/../../../../arm-none-eabi/lib/thumb/v6-m/nofp\libg_nano.a(lib_a-memcpy-stub.o)
 .ARM.attributes
                0x0000000000000b7e       0x2c c:/users/manht/appdata/roaming/xpacks/@xpack-dev-tools/arm-none-eabi-gcc/10.2.1-1.1.2/.content/bin/../lib/gcc/arm-none-eabi/10.2.1/../../../../arm-none-eabi/lib/thumb/v6-m/nofp\libg_nano.a(lib_a-memmove.o)
 .ARM.attributes
                0x0000000000000baa       0x2c c:/users/manht/appdata/roaming/xpacks/@xpack-dev-tools/arm-none-eabi-gcc/10.2.1-1.1.2/.content/bin/../lib/gcc/arm-none-eabi/10.2.1/../../../../arm-none-eabi/lib/thumb/v6-m/nofp\libg_nano.a(lib_a-nano-reallocr.o)
 .ARM.attributes
                0x0000000000000bd6       0x2c c:/users/manht/appdata/roaming/xpacks/@xpack-dev-tools/arm-none-eabi-gcc/10.2.1-1.1.2/.content/bin/../lib/gcc/arm-none-eabi/10.2.1/../../../../arm-none-eabi/lib/thumb/v6-m/nofp\libg_nano.a(lib_a-nano-msizer.o)
 .ARM.attributes
                0x0000000000000c02       0x1e c:/users/manht/appdata/roaming/xpacks/@xpack-dev-tools/arm-none-eabi-gcc/10.2.1-1.1.2/.content/bin/../lib/gcc/arm-none-eabi/10.2.1/thumb/v6-m/nofp\libgcc.a(_thumb1_case_shi.o)

.debug
 *(.debug)

.line
 *(.line)

.debug_srcinfo
 *(.debug_srcinfo)

.debug_sfnames
 *(.debug_sfnames)

.debug_aranges  0x0000000000000000     0x11e8
 *(.debug_aranges)
 .debug_aranges
                0x0000000000000000       0x30 src\backup.o
 .debug_aranges
                0x0000000000000030       0x28 src\board.o
 .debug_aranges
                0x0000000000000058       0x50 src\can\can_hardware.o
 .debug_aranges
                0x00000000000000a8       0x78 src\can\can_receive.o
 .debug_aranges
                0x0000000000000120       0x80 src\ioc\actuator_io_hardware.o
 .debug_aranges
                0x00000000000001a0       0x70 src\ioc\ioc.o
 .debug_aranges
                0x0000000000000210       0x68 src\ioc\switch.o
 .debug_aranges
                0x0000000000000278       0x18 src\lcd\Fonts\font28.o
 .debug_aranges
                0x0000000000000290       0x18 src\lcd\digit.o
 .debug_aranges
                0x00000000000002a8       0x18 src\lcd\digit1.o
 .debug_aranges
                0x00000000000002c0       0x98 src\lcd\ili9486.o
 .debug_aranges
                0x0000000000000358       0xd8 src\lcd\lcd_io_gpio8.o
 .debug_aranges
                0x0000000000000430       0x18 src\lcd\screen.o
 .debug_aranges
                0x0000000000000448      0x138 src\lcd\stm32_adafruit_lcd.o
 .debug_aranges
                0x0000000000000580       0x38 src\main.o
 .debug_aranges
                0x00000000000005b8       0x60 src\stm32f0xx_it.o
 .debug_aranges
                0x0000000000000618       0x70 src\usart\usart.o
 .debug_aranges
                0x0000000000000688       0x30 system\src\cmsis\system_stm32f0xx.o
 .debug_aranges
                0x00000000000006b8       0x20 system\src\cmsis\vectors_stm32f0xx.o
 .debug_aranges
                0x00000000000006d8       0x28 system\src\cortexm\_initialize_hardware.o
 .debug_aranges
                0x0000000000000700       0x50 system\src\cortexm\exception_handlers.o
 .debug_aranges
                0x0000000000000750       0x28 system\src\newlib\_exit.o
 .debug_aranges
                0x0000000000000778       0x20 system\src\newlib\_sbrk.o
 .debug_aranges
                0x0000000000000798       0x40 system\src\newlib\_startup.o
 .debug_aranges
                0x00000000000007d8       0x30 system\src\newlib\_syscalls.o
 .debug_aranges
                0x0000000000000808       0x28 system\src\newlib\assert.o
 .debug_aranges
                0x0000000000000830       0xe0 system\src\stm32f0-stdperiph\stm32f0xx_can.o
 .debug_aranges
                0x0000000000000910       0x80 system\src\stm32f0-stdperiph\stm32f0xx_gpio.o
 .debug_aranges
                0x0000000000000990       0x30 system\src\stm32f0-stdperiph\stm32f0xx_misc.o
 .debug_aranges
                0x00000000000009c0       0x68 system\src\stm32f0-stdperiph\stm32f0xx_pwr.o
 .debug_aranges
                0x0000000000000a28      0x160 system\src\stm32f0-stdperiph\stm32f0xx_rcc.o
 .debug_aranges
                0x0000000000000b88      0x1c0 system\src\stm32f0-stdperiph\stm32f0xx_rtc.o
 .debug_aranges
                0x0000000000000d48      0x300 system\src\stm32f0-stdperiph\stm32f0xx_tim.o
 .debug_aranges
                0x0000000000001048      0x1a0 system\src\stm32f0-stdperiph\stm32f0xx_usart.o

.debug_pubnames
 *(.debug_pubnames)

.debug_info     0x0000000000000000    0x161c3
 *(.debug_info .gnu.linkonce.wi.*)
 .debug_info    0x0000000000000000      0x221 src\backup.o
 .debug_info    0x0000000000000221      0x8f5 src\board.o
 .debug_info    0x0000000000000b16      0xb8e src\can\can_hardware.o
 .debug_info    0x00000000000016a4      0xe7b src\can\can_receive.o
 .debug_info    0x000000000000251f      0xde9 src\ioc\actuator_io_hardware.o
 .debug_info    0x0000000000003308      0x9ba src\ioc\ioc.o
 .debug_info    0x0000000000003cc2      0x45c src\ioc\switch.o
 .debug_info    0x000000000000411e      0x123 src\lcd\Fonts\font28.o
 .debug_info    0x0000000000004241      0x32e src\lcd\digit.o
 .debug_info    0x000000000000456f      0x2f5 src\lcd\digit1.o
 .debug_info    0x0000000000004864     0x1449 src\lcd\ili9486.o
 .debug_info    0x0000000000005cad      0xb94 src\lcd\lcd_io_gpio8.o
 .debug_info    0x0000000000006841      0x287 src\lcd\screen.o
 .debug_info    0x0000000000006ac8     0x1d23 src\lcd\stm32_adafruit_lcd.o
 .debug_info    0x00000000000087eb      0x325 src\main.o
 .debug_info    0x0000000000008b10      0x7ab src\stm32f0xx_it.o
 .debug_info    0x00000000000092bb      0xa20 src\usart\usart.o
 .debug_info    0x0000000000009cdb      0x344 system\src\cmsis\system_stm32f0xx.o
 .debug_info    0x000000000000a01f       0xce system\src\cmsis\vectors_stm32f0xx.o
 .debug_info    0x000000000000a0ed       0xc8 system\src\cortexm\_initialize_hardware.o
 .debug_info    0x000000000000a1b5      0x1c7 system\src\cortexm\exception_handlers.o
 .debug_info    0x000000000000a37c       0xf2 system\src\newlib\_exit.o
 .debug_info    0x000000000000a46e      0x112 system\src\newlib\_sbrk.o
 .debug_info    0x000000000000a580      0x4ae system\src\newlib\_startup.o
 .debug_info    0x000000000000aa2e      0x1d5 system\src\newlib\_syscalls.o
 .debug_info    0x000000000000ac03      0x18a system\src\newlib\assert.o
 .debug_info    0x000000000000ad8d     0x14d2 system\src\stm32f0-stdperiph\stm32f0xx_can.o
 .debug_info    0x000000000000c25f      0xad0 system\src\stm32f0-stdperiph\stm32f0xx_gpio.o
 .debug_info    0x000000000000cd2f      0x427 system\src\stm32f0-stdperiph\stm32f0xx_misc.o
 .debug_info    0x000000000000d156      0x5ce system\src\stm32f0-stdperiph\stm32f0xx_pwr.o
 .debug_info    0x000000000000d724     0x1111 system\src\stm32f0-stdperiph\stm32f0xx_rcc.o
 .debug_info    0x000000000000e835     0x1db3 system\src\stm32f0-stdperiph\stm32f0xx_rtc.o
 .debug_info    0x00000000000105e8     0x3d72 system\src\stm32f0-stdperiph\stm32f0xx_tim.o
 .debug_info    0x000000000001435a     0x1e69 system\src\stm32f0-stdperiph\stm32f0xx_usart.o

.debug_abbrev   0x0000000000000000     0x3668
 *(.debug_abbrev)
 .debug_abbrev  0x0000000000000000       0xf9 src\backup.o
 .debug_abbrev  0x00000000000000f9      0x25e src\board.o