Archive member included to satisfy reference by file (symbol)

c:/users/manht/appdata/roaming/xpacks/@xpack-dev-tools/arm-none-eabi-gcc/10.2.1-1.1.2/.content/bin/../lib/gcc/arm-none-eabi/10.2.1/../../../../arm-none-eabi/lib/thumb/v7-m/nofp\libg_nano.a(lib_a-errno.o)
                              ./system/src/newlib/_sbrk.o (__errno)
c:/users/manht/appdata/roaming/xpacks/@xpack-dev-tools/arm-none-eabi-gcc/10.2.1-1.1.2/.content/bin/../lib/gcc/arm-none-eabi/10.2.1/../../../../arm-none-eabi/lib/thumb/v7-m/nofp\libg_nano.a(lib_a-impure.o)
                              c:/users/manht/appdata/roaming/xpacks/@xpack-dev-tools/arm-none-eabi-gcc/10.2.1-1.1.2/.content/bin/../lib/gcc/arm-none-eabi/10.2.1/../../../../arm-none-eabi/lib/thumb/v7-m/nofp\libg_nano.a(lib_a-errno.o) (_impure_ptr)
c:/users/manht/appdata/roaming/xpacks/@xpack-dev-tools/arm-none-eabi-gcc/10.2.1-1.1.2/.content/bin/../lib/gcc/arm-none-eabi/10.2.1/../../../../arm-none-eabi/lib/thumb/v7-m/nofp\libg_nano.a(lib_a-strlen.o)
                              ./system/src/diag/Trace.o (strlen)
c:/users/manht/appdata/roaming/xpacks/@xpack-dev-tools/arm-none-eabi-gcc/10.2.1-1.1.2/.content/bin/../lib/gcc/arm-none-eabi/10.2.1/../../../../arm-none-eabi/lib/thumb/v7-m/nofp\libg_nano.a(lib_a-vsnprintf.o)
                              ./system/src/diag/Trace.o (vsnprintf)
c:/users/manht/appdata/roaming/xpacks/@xpack-dev-tools/arm-none-eabi-gcc/10.2.1-1.1.2/.content/bin/../lib/gcc/arm-none-eabi/10.2.1/../../../../arm-none-eabi/lib/thumb/v7-m/nofp\libg_nano.a(lib_a-nano-svfprintf.o)
                              c:/users/manht/appdata/roaming/xpacks/@xpack-dev-tools/arm-none-eabi-gcc/10.2.1-1.1.2/.content/bin/../lib/gcc/arm-none-eabi/10.2.1/../../../../arm-none-eabi/lib/thumb/v7-m/nofp\libg_nano.a(lib_a-vsnprintf.o) (_svfprintf_r)
c:/users/manht/appdata/roaming/xpacks/@xpack-dev-tools/arm-none-eabi-gcc/10.2.1-1.1.2/.content/bin/../lib/gcc/arm-none-eabi/10.2.1/../../../../arm-none-eabi/lib/thumb/v7-m/nofp\libg_nano.a(lib_a-nano-vfprintf_i.o)
                              c:/users/manht/appdata/roaming/xpacks/@xpack-dev-tools/arm-none-eabi-gcc/10.2.1-1.1.2/.content/bin/../lib/gcc/arm-none-eabi/10.2.1/../../../../arm-none-eabi/lib/thumb/v7-m/nofp\libg_nano.a(lib_a-nano-svfprintf.o) (_printf_i)
c:/users/manht/appdata/roaming/xpacks/@xpack-dev-tools/arm-none-eabi-gcc/10.2.1-1.1.2/.content/bin/../lib/gcc/arm-none-eabi/10.2.1/../../../../arm-none-eabi/lib/thumb/v7-m/nofp\libg_nano.a(lib_a-memchr-stub.o)
                              c:/users/manht/appdata/roaming/xpacks/@xpack-dev-tools/arm-none-eabi-gcc/10.2.1-1.1.2/.content/bin/../lib/gcc/arm-none-eabi/10.2.1/../../../../arm-none-eabi/lib/thumb/v7-m/nofp\libg_nano.a(lib_a-nano-svfprintf.o) (memchr)
c:/users/manht/appdata/roaming/xpacks/@xpack-dev-tools/arm-none-eabi-gcc/10.2.1-1.1.2/.content/bin/../lib/gcc/arm-none-eabi/10.2.1/../../../../arm-none-eabi/lib/thumb/v7-m/nofp\libg_nano.a(lib_a-memcpy-stub.o)
                              c:/users/manht/appdata/roaming/xpacks/@xpack-dev-tools/arm-none-eabi-gcc/10.2.1-1.1.2/.content/bin/../lib/gcc/arm-none-eabi/10.2.1/../../../../arm-none-eabi/lib/thumb/v7-m/nofp\libg_nano.a(lib_a-nano-svfprintf.o) (memcpy)
c:/users/manht/appdata/roaming/xpacks/@xpack-dev-tools/arm-none-eabi-gcc/10.2.1-1.1.2/.content/bin/../lib/gcc/arm-none-eabi/10.2.1/../../../../arm-none-eabi/lib/thumb/v7-m/nofp\libg_nano.a(lib_a-memmove.o)
                              c:/users/manht/appdata/roaming/xpacks/@xpack-dev-tools/arm-none-eabi-gcc/10.2.1-1.1.2/.content/bin/../lib/gcc/arm-none-eabi/10.2.1/../../../../arm-none-eabi/lib/thumb/v7-m/nofp\libg_nano.a(lib_a-nano-svfprintf.o) (memmove)
c:/users/manht/appdata/roaming/xpacks/@xpack-dev-tools/arm-none-eabi-gcc/10.2.1-1.1.2/.content/bin/../lib/gcc/arm-none-eabi/10.2.1/../../../../arm-none-eabi/lib/thumb/v7-m/nofp\libg_nano.a(lib_a-nano-freer.o)
                              c:/users/manht/appdata/roaming/xpacks/@xpack-dev-tools/arm-none-eabi-gcc/10.2.1-1.1.2/.content/bin/../lib/gcc/arm-none-eabi/10.2.1/../../../../arm-none-eabi/lib/thumb/v7-m/nofp\libg_nano.a(lib_a-nano-svfprintf.o) (_free_r)
c:/users/manht/appdata/roaming/xpacks/@xpack-dev-tools/arm-none-eabi-gcc/10.2.1-1.1.2/.content/bin/../lib/gcc/arm-none-eabi/10.2.1/../../../../arm-none-eabi/lib/thumb/v7-m/nofp\libg_nano.a(lib_a-nano-mallocr.o)
                              c:/users/manht/appdata/roaming/xpacks/@xpack-dev-tools/arm-none-eabi-gcc/10.2.1-1.1.2/.content/bin/../lib/gcc/arm-none-eabi/10.2.1/../../../../arm-none-eabi/lib/thumb/v7-m/nofp\libg_nano.a(lib_a-nano-svfprintf.o) (_malloc_r)
c:/users/manht/appdata/roaming/xpacks/@xpack-dev-tools/arm-none-eabi-gcc/10.2.1-1.1.2/.content/bin/../lib/gcc/arm-none-eabi/10.2.1/../../../../arm-none-eabi/lib/thumb/v7-m/nofp\libg_nano.a(lib_a-nano-reallocr.o)
[...]
Memory Configuration

Name             Origin             Length             Attributes
RAM              0x0000000020000000 0x0000000000005000 xrw
CCMRAM           0x0000000000000000 0x0000000000000000 xrw
FLASH            0x0000000008000000 0x0000000000020000 xr
FLASHB1          0x0000000000000000 0x0000000000000000 xr
EXTMEMB0         0x0000000000000000 0x0000000000000000 xr
EXTMEMB1         0x0000000000000000 0x0000000000000000 xr
EXTMEMB2         0x0000000000000000 0x0000000000000000 xr
EXTMEMB3         0x0000000000000000 0x0000000000000000 xr
MEMORY_ARRAY     0x0000000000000000 0x0000000000000000 xrw
*default*        0x0000000000000000 0xffffffffffffffff

Linker script and memory map

LOAD ./system/src/stm32f1-stdperiph/misc.o
LOAD ./system/src/stm32f1-stdperiph/stm32f10x_gpio.o
LOAD ./system/src/stm32f1-stdperiph/stm32f10x_rcc.o
LOAD ./system/src/newlib/_cxx.o
LOAD ./system/src/newlib/_exit.o
LOAD ./system/src/newlib/_sbrk.o
LOAD ./system/src/newlib/_startup.o
LOAD ./system/src/newlib/_syscalls.o
LOAD ./system/src/newlib/assert.o
LOAD ./system/src/diag/Trace.o
LOAD ./system/src/diag/trace_impl.o
LOAD ./system/src/cortexm/_initialize_hardware.o
LOAD ./system/src/cortexm/_reset_hardware.o
LOAD ./system/src/cortexm/exception_handlers.o
LOAD ./system/src/cmsis/system_stm32f10x.o
LOAD ./system/src/cmsis/vectors_stm32f10x.o
LOAD ./src/BlinkLed.o
LOAD ./src/Timer.o
LOAD ./src/_write.o
LOAD ./src/main.o
LOAD c:/users/manht/appdata/roaming/xpacks/@xpack-dev-tools/arm-none-eabi-gcc/10.2.1-1.1.2/.content/bin/../lib/gcc/arm-none-eabi/10.2.1/../../../../arm-none-eabi/lib/thumb/v7-m/nofp\libstdc++_nano.a
LOAD c:/users/manht/appdata/roaming/xpacks/@xpack-dev-tools/arm-none-eabi-gcc/10.2.1-1.1.2/.content/bin/../lib/gcc/arm-none-eabi/10.2.1/../../../../arm-none-eabi/lib/thumb/v7-m/nofp\libm.a
START GROUP
LOAD c:/users/manht/appdata/roaming/xpacks/@xpack-dev-tools/arm-none-eabi-gcc/10.2.1-1.1.2/.content/bin/../lib/gcc/arm-none-eabi/10.2.1/thumb/v7-m/nofp\libgcc.a
LOAD c:/users/manht/appdata/roaming/xpacks/@xpack-dev-tools/arm-none-eabi-gcc/10.2.1-1.1.2/.content/bin/../lib/gcc/arm-none-eabi/10.2.1/../../../../arm-none-eabi/lib/thumb/v7-m/nofp\libg_nano.a
LOAD c:/users/manht/appdata/roaming/xpacks/@xpack-dev-tools/arm-none-eabi-gcc/10.2.1-1.1.2/.content/bin/../lib/gcc/arm-none-eabi/10.2.1/../../../../arm-none-eabi/lib/thumb/v7-m/nofp\libc_nano.a
END GROUP
START GROUP
LOAD c:/users/manht/appdata/roaming/xpacks/@xpack-dev-tools/arm-none-eabi-gcc/10.2.1-1.1.2/.content/bin/../lib/gcc/arm-none-eabi/10.2.1/thumb/v7-m/nofp\libgcc.a
LOAD c:/users/manht/appdata/roaming/xpacks/@xpack-dev-tools/arm-none-eabi-gcc/10.2.1-1.1.2/.content/bin/../lib/gcc/arm-none-eabi/10.2.1/../../../../arm-none-eabi/lib/thumb/v7-m/nofp\libc_nano.a
END GROUP
                0x0000000020005000                __stack = (ORIGIN (RAM) + LENGTH (RAM))
                0x0000000020005000                _estack = __stack
                0x0000000000000400                __Main_Stack_Size = 0x400
                [!provide]                        PROVIDE (_Main_Stack_Size = __Main_Stack_Size)
                0x0000000020004c00                __Main_Stack_Limit = (__stack - __Main_Stack_Size)
                [!provide]                        PROVIDE (_Main_Stack_Limit = __Main_Stack_Limit)
                0x0000000000000100                _Minimum_Stack_Size = 0x100
                0x000000002000012c                PROVIDE (_Heap_Begin = _end_noinit)
                0x0000000020004c00                PROVIDE (_Heap_Limit = (__stack - __Main_Stack_Size))

.isr_vector     0x0000000008000000      0x350
 FILL mask 0xff
                0x0000000008000000                __vectors_start = ABSOLUTE (.)
                0x0000000008000000                __vectors_start__ = ABSOLUTE (.)
 *(.isr_vector)
 .isr_vector    0x0000000008000000      0x10c ./system/src/cmsis/vectors_stm32f10x.o
                0x0000000008000000                __isr_vectors
 *(.cfmconfig)
 *(.after_vectors .after_vectors.*)
 .after_vectors
                0x000000000800010c      0x114 ./system/src/newlib/_startup.o
                0x000000000800010c                _start
 .after_vectors
                0x0000000008000220      0x12c ./system/src/cortexm/exception_handlers.o
                0x0000000008000220                Reset_Handler
                0x0000000008000226                NMI_Handler
                0x000000000800022a                HardFault_Handler
                0x000000000800023e                HardFault_Handler_C
                0x000000000800029c                MemManage_Handler
                0x00000000080002a0                BusFault_Handler
                0x00000000080002b4                BusFault_Handler_C
                0x00000000080002e8                UsageFault_Handler
                0x00000000080002fc                UsageFault_Handler_C
                0x0000000008000330                SVC_Handler
                0x0000000008000334                DebugMon_Handler
                0x0000000008000338                PendSV_Handler
 .after_vectors
                0x000000000800034c        0x4 ./system/src/cmsis/vectors_stm32f10x.o
                0x000000000800034c                EXTI2_IRQHandler
                0x000000000800034c                TIM8_TRG_COM_IRQHandler
                0x000000000800034c                TIM8_CC_IRQHandler
                0x000000000800034c                TIM1_CC_IRQHandler
                0x000000000800034c                TIM6_IRQHandler
                0x000000000800034c                PVD_IRQHandler
                0x000000000800034c                SDIO_IRQHandler
                0x000000000800034c                CAN2_RX1_IRQHandler
                0x000000000800034c                EXTI3_IRQHandler
                0x000000000800034c                TIM8_TRG_COM_TIM14_IRQHandler
                0x000000000800034c                TIM1_UP_TIM10_IRQHandler
                0x000000000800034c                TIM8_UP_TIM13_IRQHandler
                0x000000000800034c                EXTI0_IRQHandler
                0x000000000800034c                I2C2_EV_IRQHandler
                0x000000000800034c                CAN1_RX0_IRQHandler
                0x000000000800034c                TIM1_UP_TIM16_IRQHandler
                0x000000000800034c                CAN2_SCE_IRQHandler
                0x000000000800034c                ADC1_2_IRQHandler
                0x000000000800034c                SPI1_IRQHandler
                0x000000000800034c                TAMPER_IRQHandler
                0x000000000800034c                TIM6_DAC_IRQHandler
                0x000000000800034c                TIM1_BRK_TIM9_IRQHandler
                0x000000000800034c                CAN2_RX0_IRQHandler
                0x000000000800034c                TIM8_UP_IRQHandler
                0x000000000800034c                DMA2_Channel2_IRQHandler
                0x000000000800034c                DMA1_Channel4_IRQHandler
                0x000000000800034c                USART3_IRQHandler
                0x000000000800034c                RTC_IRQHandler
                0x000000000800034c                DMA1_Channel7_IRQHandler
                0x000000000800034c                CAN1_RX1_IRQHandler
                0x000000000800034c                UART5_IRQHandler
                0x000000000800034c                ADC3_IRQHandler
                0x000000000800034c                TIM4_IRQHandler
                0x000000000800034c                DMA2_Channel1_IRQHandler
                0x000000000800034c                I2C1_EV_IRQHandler
                0x000000000800034c                DMA1_Channel6_IRQHandler
                0x000000000800034c                UART4_IRQHandler
                0x000000000800034c                DMA2_Channel4_IRQHandler
                0x000000000800034c                TIM3_IRQHandler
                0x000000000800034c                RCC_IRQHandler
                0x000000000800034c                TIM8_BRK_TIM12_IRQHandler
                0x000000000800034c                TIM1_TRG_COM_IRQHandler
                0x000000000800034c                DMA1_Channel1_IRQHandler
                0x000000000800034c                Default_Handler
                0x000000000800034c                CEC_IRQHandler
                0x000000000800034c                EXTI15_10_IRQHandler
                0x000000000800034c                TIM14_IRQHandler
                0x000000000800034c                TIM13_IRQHandler
                0x000000000800034c                TIM12_IRQHandler
                0x000000000800034c                TIM7_IRQHandler
                0x000000000800034c                CAN2_TX_IRQHandler
                0x000000000800034c                TIM5_IRQHandler
                0x000000000800034c                EXTI9_5_IRQHandler
                0x000000000800034c                ETH_WKUP_IRQHandler
                0x000000000800034c                SPI2_IRQHandler
                0x000000000800034c                CAN1_TX_IRQHandler
                0x000000000800034c                DMA2_Channel5_IRQHandler
                0x000000000800034c                DMA1_Channel5_IRQHandler
                0x000000000800034c                EXTI4_IRQHandler
                0x000000000800034c                USB_LP_CAN1_RX0_IRQHandler
                0x000000000800034c                TIM1_TRG_COM_TIM17_IRQHandler
                0x000000000800034c                USB_HP_CAN1_TX_IRQHandler
                0x000000000800034c                DMA1_Channel3_IRQHandler
                0x000000000800034c                FSMC_IRQHandler
                0x000000000800034c                ETH_IRQHandler
                0x000000000800034c                TIM1_UP_IRQHandler
                0x000000000800034c                WWDG_IRQHandler
                0x000000000800034c                TIM2_IRQHandler
                0x000000000800034c                OTG_FS_WKUP_IRQHandler
                0x000000000800034c                TIM1_TRG_COM_TIM11_IRQHandler
                0x000000000800034c                TIM1_BRK_IRQHandler
                0x000000000800034c                EXTI1_IRQHandler
                0x000000000800034c                RTCAlarm_IRQHandler
                0x000000000800034c                DMA2_Channel4_5_IRQHandler
                0x000000000800034c                USART2_IRQHandler
                0x000000000800034c                I2C2_ER_IRQHandler
                0x000000000800034c                DMA1_Channel2_IRQHandler
                0x000000000800034c                TIM8_BRK_IRQHandler
                0x000000000800034c                CAN1_SCE_IRQHandler
                0x000000000800034c                FLASH_IRQHandler
                0x000000000800034c                USART1_IRQHandler
                0x000000000800034c                OTG_FS_IRQHandler
                0x000000000800034c                SPI3_IRQHandler
                0x000000000800034c                I2C1_ER_IRQHandler
                0x000000000800034c                USBWakeUp_IRQHandler
                0x000000000800034c                DMA2_Channel3_IRQHandler
                0x000000000800034c                TIM1_BRK_TIM15_IRQHandler

.inits          0x0000000008000350       0x28
                0x0000000008000350                __data_regions_array_start = .
                0x0000000008000350        0x4 LONG 0x8001600 LOADADDR (.data)
                0x0000000008000354        0x4 LONG 0x20000000 ADDR (.data)
                0x0000000008000358        0x4 LONG 0x20000088 (ADDR (.data) + SIZEOF (.data))
                0x000000000800035c        0x4 LONG 0x8001600 LOADADDR (.data_CCMRAM)
                0x0000000008000360        0x4 LONG 0x0 ADDR (.data_CCMRAM)
                0x0000000008000364        0x4 LONG 0x0 (ADDR (.data_CCMRAM) + SIZEOF (.data_CCMRAM))
                0x0000000008000368                __data_regions_array_end = .
                0x0000000008000368                __bss_regions_array_start = .
                0x0000000008000368        0x4 LONG 0x20000088 ADDR (.bss)
                0x000000000800036c        0x4 LONG 0x2000012c (ADDR (.bss) + SIZEOF (.bss))
                0x0000000008000370        0x4 LONG 0x0 ADDR (.bss_CCMRAM)
                0x0000000008000374        0x4 LONG 0x0 (ADDR (.bss_CCMRAM) + SIZEOF (.bss_CCMRAM))
                0x0000000008000378                __bss_regions_array_end = .
 *(.init)
 *(.fini)
                0x0000000008000378                . = ALIGN (0x4)
                0x0000000008000378                PROVIDE (__preinit_array_start = .)
 *(.preinit_array_sysinit .preinit_array_sysinit.*)
 *(.preinit_array_platform .preinit_array_platform.*)
 *(.preinit_array .preinit_array.*)
                0x0000000008000378                PROVIDE (__preinit_array_end = .)
                0x0000000008000378                . = ALIGN (0x4)
                0x0000000008000378                PROVIDE (__init_array_start = .)
 *(SORT_BY_NAME(.init_array.*))
 *(.init_array)
                0x0000000008000378                PROVIDE (__init_array_end = .)
                0x0000000008000378                . = ALIGN (0x4)
                0x0000000008000378                PROVIDE (__fini_array_start = .)
 *(SORT_BY_NAME(.fini_array.*))
 *(.fini_array)
                0x0000000008000378                PROVIDE (__fini_array_end = .)

.flashtext
 *(.flashtext .flashtext.*)

.text           0x0000000008000378     0x1286
 *(.text .text.*)
 .text.GPIO_Init
                0x0000000008000378      0x13c ./system/src/stm32f1-stdperiph/stm32f10x_gpio.o
                0x0000000008000378                GPIO_Init
 .text.GPIO_SetBits
                0x00000000080004b4       0x60 ./system/src/stm32f1-stdperiph/stm32f10x_gpio.o
                0x00000000080004b4                GPIO_SetBits
 .text.GPIO_ResetBits
                0x0000000008000514       0x60 ./system/src/stm32f1-stdperiph/stm32f10x_gpio.o
                0x0000000008000514                GPIO_ResetBits
 .text.RCC_APB2PeriphClockCmd
                0x0000000008000574       0x4c ./system/src/stm32f1-stdperiph/stm32f10x_rcc.o
                0x0000000008000574                RCC_APB2PeriphClockCmd
 .text._exit    0x00000000080005c0        0x2 ./system/src/newlib/_exit.o
                0x00000000080005c0                _exit
 *fill*         0x00000000080005c2        0x2 
 .text.abort    0x00000000080005c4       0x14 ./system/src/newlib/_exit.o
                0x00000000080005c4                abort
 .text._sbrk    0x00000000080005d8       0x44 ./system/src/newlib/_sbrk.o
                0x00000000080005d8                _sbrk
 .text.__initialize_args
                0x000000000800061c       0x10 ./system/src/newlib/_syscalls.o
                0x000000000800061c                __initialize_args
 .text.assert_failed
                0x000000000800062c       0x14 ./system/src/newlib/assert.o
                0x000000000800062c                assert_failed
 .text.trace_printf
                0x0000000008000640       0x34 ./system/src/diag/Trace.o
                0x0000000008000640                trace_printf
 .text.trace_puts
                0x0000000008000674       0x20 ./system/src/diag/Trace.o
                0x0000000008000674                trace_puts
 .text._trace_write_semihosting_debug
                0x0000000008000694       0x60 ./system/src/diag/trace_impl.o
 .text.trace_write
                0x00000000080006f4        0x8 ./system/src/diag/trace_impl.o
                0x00000000080006f4                trace_write
 .text.__initialize_hardware_early
                0x00000000080006fc       0x18 ./system/src/cortexm/_initialize_hardware.o
                0x00000000080006fc                __initialize_hardware_early
 .text.__initialize_hardware
                0x0000000008000714        0x8 ./system/src/cortexm/_initialize_hardware.o
                0x0000000008000714                __initialize_hardware
 .text.dumpExceptionStack
                0x000000000800071c       0xf4 ./system/src/cortexm/exception_handlers.o
                0x000000000800071c                dumpExceptionStack
 .text.isSemihosting
                0x0000000008000810       0x20 ./system/src/cortexm/exception_handlers.o
                0x0000000008000810                isSemihosting
 .text.SetSysClockTo72
                0x0000000008000830       0xc4 ./system/src/cmsis/system_stm32f10x.o
 .text.SetSysClock
                0x00000000080008f4        0x8 ./system/src/cmsis/system_stm32f10x.o
 .text.SystemInit
                0x00000000080008fc       0x50 ./system/src/cmsis/system_stm32f10x.o
                0x00000000080008fc                SystemInit
 .text.SystemCoreClockUpdate
                0x000000000800094c       0x94 ./system/src/cmsis/system_stm32f10x.o
                0x000000000800094c                SystemCoreClockUpdate
 .text.blink_led_init
                0x00000000080009e0       0x3c ./src/BlinkLed.o
                0x00000000080009e0                blink_led_init
 .text.timer_start
                0x0000000008000a1c       0x38 ./src/Timer.o
                0x0000000008000a1c                timer_start
 .text.timer_sleep
                0x0000000008000a54       0x14 ./src/Timer.o
                0x0000000008000a54                timer_sleep
 .text.timer_tick
                0x0000000008000a68       0x14 ./src/Timer.o
                0x0000000008000a68                timer_tick
 .text.SysTick_Handler
                0x0000000008000a7c        0x8 ./src/Timer.o
                0x0000000008000a7c                SysTick_Handler
 .text.main     0x0000000008000a84       0x68 ./src/main.o
                0x0000000008000a84                main
 .text.__errno  0x0000000008000aec        0xc c:/users/manht/appdata/roaming/xpacks/@xpack-dev-tools/arm-none-eabi-gcc/10.2.1-1.1.2/.content/bin/../lib/gcc/arm-none-eabi/10.2.1/../../../../arm-none-eabi/lib/thumb/v7-m/nofp\libg_nano.a(lib_a-errno.o)
                0x0000000008000aec                __errno
 .text          0x0000000008000af8       0x10 c:/users/manht/appdata/roaming/xpacks/@xpack-dev-tools/arm-none-eabi-gcc/10.2.1-1.1.2/.content/bin/../lib/gcc/arm-none-eabi/10.2.1/../../../../arm-none-eabi/lib/thumb/v7-m/nofp\libg_nano.a(lib_a-strlen.o)
                0x0000000008000af8                strlen
 .text._vsnprintf_r
                0x0000000008000b08       0x56 c:/users/manht/appdata/roaming/xpacks/@xpack-dev-tools/arm-none-eabi-gcc/10.2.1-1.1.2/.content/bin/../lib/gcc/arm-none-eabi/10.2.1/../../../../arm-none-eabi/lib/thumb/v7-m/nofp\libg_nano.a(lib_a-vsnprintf.o)
                0x0000000008000b08                _vsniprintf_r
                0x0000000008000b08                _vsnprintf_r
 *fill*         0x0000000008000b5e        0x2 
 .text.vsnprintf
                0x0000000008000b60       0x1c c:/users/manht/appdata/roaming/xpacks/@xpack-dev-tools/arm-none-eabi-gcc/10.2.1-1.1.2/.content/bin/../lib/gcc/arm-none-eabi/10.2.1/../../../../arm-none-eabi/lib/thumb/v7-m/nofp\libg_nano.a(lib_a-vsnprintf.o)
                0x0000000008000b60                vsniprintf
                0x0000000008000b60                vsnprintf
 .text.__ssputs_r
                0x0000000008000b7c       0xb6 c:/users/manht/appdata/roaming/xpacks/@xpack-dev-tools/arm-none-eabi-gcc/10.2.1-1.1.2/.content/bin/../lib/gcc/arm-none-eabi/10.2.1/../../../../arm-none-eabi/lib/thumb/v7-m/nofp\libg_nano.a(lib_a-nano-svfprintf.o)
                0x0000000008000b7c                __ssputs_r
 *fill*         0x0000000008000c32        0x2 
 .text._svfprintf_r
                0x0000000008000c34      0x200 c:/users/manht/appdata/roaming/xpacks/@xpack-dev-tools/arm-none-eabi-gcc/10.2.1-1.1.2/.content/bin/../lib/gcc/arm-none-eabi/10.2.1/../../../../arm-none-eabi/lib/thumb/v7-m/nofp\libg_nano.a(lib_a-nano-svfprintf.o)
                0x0000000008000c34                _svfiprintf_r
                0x0000000008000c34                _svfprintf_r
 .text._printf_common
                0x0000000008000e34       0xde c:/users/manht/appdata/roaming/xpacks/@xpack-dev-tools/arm-none-eabi-gcc/10.2.1-1.1.2/.content/bin/../lib/gcc/arm-none-eabi/10.2.1/../../../../arm-none-eabi/lib/thumb/v7-m/nofp\libg_nano.a(lib_a-nano-vfprintf_i.o)
                0x0000000008000e34                _printf_common
 *fill*         0x0000000008000f12        0x2 
 .text._printf_i
                0x0000000008000f14      0x24c c:/users/manht/appdata/roaming/xpacks/@xpack-dev-tools/arm-none-eabi-gcc/10.2.1-1.1.2/.content/bin/../lib/gcc/arm-none-eabi/10.2.1/../../../../arm-none-eabi/lib/thumb/v7-m/nofp\libg_nano.a(lib_a-nano-vfprintf_i.o)
                0x0000000008000f14                _printf_i
 .text.memchr   0x0000000008001160       0x1c c:/users/manht/appdata/roaming/xpacks/@xpack-dev-tools/arm-none-eabi-gcc/10.2.1-1.1.2/.content/bin/../lib/gcc/arm-none-eabi/10.2.1/../../../../arm-none-eabi/lib/thumb/v7-m/nofp\libg_nano.a(lib_a-memchr-stub.o)
                0x0000000008001160                memchr
 .text.memcpy   0x000000000800117c       0x1c c:/users/manht/appdata/roaming/xpacks/@xpack-dev-tools/arm-none-eabi-gcc/10.2.1-1.1.2/.content/bin/../lib/gcc/arm-none-eabi/10.2.1/../../../../arm-none-eabi/lib/thumb/v7-m/nofp\libg_nano.a(lib_a-memcpy-stub.o)
                0x000000000800117c                memcpy
 .text.memmove  0x0000000008001198       0x34 c:/users/manht/appdata/roaming/xpacks/@xpack-dev-tools/arm-none-eabi-gcc/10.2.1-1.1.2/.content/bin/../lib/gcc/arm-none-eabi/10.2.1/../../../../arm-none-eabi/lib/thumb/v7-m/nofp\libg_nano.a(lib_a-memmove.o)
                0x0000000008001198                memmove
 .text._free_r  0x00000000080011cc       0x90 c:/users/manht/appdata/roaming/xpacks/@xpack-dev-tools/arm-none-eabi-gcc/10.2.1-1.1.2/.content/bin/../lib/gcc/arm-none-eabi/10.2.1/../../../../arm-none-eabi/lib/thumb/v7-m/nofp\libg_nano.a(lib_a-nano-freer.o)
                0x00000000080011cc                _free_r
 .text._malloc_r
                0x000000000800125c       0xb4 c:/users/manht/appdata/roaming/xpacks/@xpack-dev-tools/arm-none-eabi-gcc/10.2.1-1.1.2/.content/bin/../lib/gcc/arm-none-eabi/10.2.1/../../../../arm-none-eabi/lib/thumb/v7-m/nofp\libg_nano.a(lib_a-nano-mallocr.o)
                0x000000000800125c                _malloc_r
 .text._realloc_r
                0x0000000008001310       0x4c c:/users/manht/appdata/roaming/xpacks/@xpack-dev-tools/arm-none-eabi-gcc/10.2.1-1.1.2/.content/bin/../lib/gcc/arm-none-eabi/10.2.1/../../../../arm-none-eabi/lib/thumb/v7-m/nofp\libg_nano.a(lib_a-nano-reallocr.o)
                0x0000000008001310                _realloc_r
 .text._sbrk_r  0x000000000800135c       0x20 c:/users/manht/appdata/roaming/xpacks/@xpack-dev-tools/arm-none-eabi-gcc/10.2.1-1.1.2/.content/bin/../lib/gcc/arm-none-eabi/10.2.1/../../../../arm-none-eabi/lib/thumb/v7-m/nofp\libg_nano.a(lib_a-sbrkr.o)
                0x000000000800135c                _sbrk_r
 .text.__malloc_lock
                0x000000000800137c        0xc c:/users/manht/appdata/roaming/xpacks/@xpack-dev-tools/arm-none-eabi-gcc/10.2.1-1.1.2/.content/bin/../lib/gcc/arm-none-eabi/10.2.1/../../../../arm-none-eabi/lib/thumb/v7-m/nofp\libg_nano.a(lib_a-mlock.o)
                0x000000000800137c                __malloc_lock
 .text.__malloc_unlock
                0x0000000008001388        0xc c:/users/manht/appdata/roaming/xpacks/@xpack-dev-tools/arm-none-eabi-gcc/10.2.1-1.1.2/.content/bin/../lib/gcc/arm-none-eabi/10.2.1/../../../../arm-none-eabi/lib/thumb/v7-m/nofp\libg_nano.a(lib_a-mlock.o)
                0x0000000008001388                __malloc_unlock
 .text._malloc_usable_size_r
                0x0000000008001394       0x10 c:/users/manht/appdata/roaming/xpacks/@xpack-dev-tools/arm-none-eabi-gcc/10.2.1-1.1.2/.content/bin/../lib/gcc/arm-none-eabi/10.2.1/../../../../arm-none-eabi/lib/thumb/v7-m/nofp\libg_nano.a(lib_a-nano-msizer.o)
                0x0000000008001394                _malloc_usable_size_r
 .text.__retarget_lock_acquire_recursive
                0x00000000080013a4        0x2 c:/users/manht/appdata/roaming/xpacks/@xpack-dev-tools/arm-none-eabi-gcc/10.2.1-1.1.2/.content/bin/../lib/gcc/arm-none-eabi/10.2.1/../../../../arm-none-eabi/lib/thumb/v7-m/nofp\libg_nano.a(lib_a-lock.o)
                0x00000000080013a4                __retarget_lock_acquire_recursive
 .text.__retarget_lock_release_recursive
                0x00000000080013a6        0x2 c:/users/manht/appdata/roaming/xpacks/@xpack-dev-tools/arm-none-eabi-gcc/10.2.1-1.1.2/.content/bin/../lib/gcc/arm-none-eabi/10.2.1/../../../../arm-none-eabi/lib/thumb/v7-m/nofp\libg_nano.a(lib_a-lock.o)
                0x00000000080013a6                __retarget_lock_release_recursive
 *(.rodata .rodata.* .constdata .constdata.*)
 .rodata.GPIO_DeInit.str1.4
                0x00000000080013a8       0x31 ./system/src/stm32f1-stdperiph/stm32f10x_gpio.o
 *fill*         0x00000000080013d9        0x3 
 .rodata.RCC_HSEConfig.str1.4
                0x00000000080013dc       0x30 ./system/src/stm32f1-stdperiph/stm32f10x_rcc.o
 .rodata.abort.str1.4
                0x000000000800140c       0x14 ./system/src/newlib/_exit.o
 .rodata.assert_failed.str1.4
                0x0000000008001420       0x2b ./system/src/newlib/assert.o
 .rodata.trace_puts.str1.4
                0x000000000800144b       0x2b ./system/src/diag/Trace.o
                                          0x2 (size before relaxing)
 *fill*         0x000000000800144b        0x1 
 .rodata.dumpExceptionStack.str1.4
                0x000000000800144c      0x11a ./system/src/cortexm/exception_handlers.o
 *fill*         0x0000000008001566        0x2 
 .rodata.str1.4
                0x0000000008001568       0x2a ./system/src/cortexm/exception_handlers.o
 *fill*         0x0000000008001592        0x2 
 .rodata.main.str1.4
                0x0000000008001594       0x37 ./src/main.o
 .rodata._svfprintf_r.str1.1
                0x00000000080015cb       0x11 c:/users/manht/appdata/roaming/xpacks/@xpack-dev-tools/arm-none-eabi-gcc/10.2.1-1.1.2/.content/bin/../lib/gcc/arm-none-eabi/10.2.1/../../../../arm-none-eabi/lib/thumb/v7-m/nofp\libg_nano.a(lib_a-nano-svfprintf.o)
 .rodata._printf_i.str1.1
                0x00000000080015dc       0x22 c:/users/manht/appdata/roaming/xpacks/@xpack-dev-tools/arm-none-eabi-gcc/10.2.1-1.1.2/.content/bin/../lib/gcc/arm-none-eabi/10.2.1/../../../../arm-none-eabi/lib/thumb/v7-m/nofp\libg_nano.a(lib_a-nano-vfprintf_i.o)
 *(vtable)
 *(.eh_frame*)
 *(.glue_7)
 .glue_7        0x00000000080015fe        0x0 linker stubs
 *(.glue_7t)
 .glue_7t       0x00000000080015fe        0x0 linker stubs

.vfp11_veneer   0x0000000008001600        0x0
 .vfp11_veneer  0x0000000008001600        0x0 linker stubs

.v4_bx          0x0000000008001600        0x0
 .v4_bx         0x0000000008001600        0x0 linker stubs

.iplt           0x0000000008001600        0x0
 .iplt          0x0000000008001600        0x0 ./system/src/stm32f1-stdperiph/stm32f10x_gpio.o

.rel.dyn        0x0000000008001600        0x0
 .rel.iplt      0x0000000008001600        0x0 ./system/src/stm32f1-stdperiph/stm32f10x_gpio.o

.ARM.extab
 *(.ARM.extab* .gnu.linkonce.armextab.*)
                0x0000000008001600                . = ALIGN (0x4)
                0x0000000008001600                __exidx_start = .

.ARM.exidx
 *(.ARM.exidx* .gnu.linkonce.armexidx.*)
                0x0000000008001600                __exidx_end = .
                0x0000000008001600                . = ALIGN (0x4)
                0x0000000008001600                _etext = .
                0x0000000008001600                __etext = .

.data_CCMRAM    0x0000000000000000        0x0 load address 0x0000000008001600
 FILL mask 0xff
 *(.data.CCMRAM .data.CCMRAM.*)
                0x0000000000000000                . = ALIGN (0x4)
                0x0000000008001600                _sidata = LOADADDR (.data)

.data           0x0000000020000000       0x88 load address 0x0000000008001600
 FILL mask 0xff
                0x0000000020000000                _sdata = .
                0x0000000020000000                __data_start__ = .
 *(.data_begin .data_begin.*)
 .data_begin    0x0000000020000000        0x4 ./system/src/newlib/_startup.o
 *(.data .data.*)
 .data.argv.1   0x0000000020000004        0x8 ./system/src/newlib/_syscalls.o
 .data.AHBPrescTable
                0x000000002000000c       0x10 ./system/src/cmsis/system_stm32f10x.o
                0x000000002000000c                AHBPrescTable
 .data.SystemCoreClock
                0x000000002000001c        0x4 ./system/src/cmsis/system_stm32f10x.o
                0x000000002000001c                SystemCoreClock
 .data._impure_ptr
                0x0000000020000020        0x4 c:/users/manht/appdata/roaming/xpacks/@xpack-dev-tools/arm-none-eabi-gcc/10.2.1-1.1.2/.content/bin/../lib/gcc/arm-none-eabi/10.2.1/../../../../arm-none-eabi/lib/thumb/v7-m/nofp\libg_nano.a(lib_a-impure.o)
                0x0000000020000020                _impure_ptr
 .data.impure_data
                0x0000000020000024       0x60 c:/users/manht/appdata/roaming/xpacks/@xpack-dev-tools/arm-none-eabi-gcc/10.2.1-1.1.2/.content/bin/../lib/gcc/arm-none-eabi/10.2.1/../../../../arm-none-eabi/lib/thumb/v7-m/nofp\libg_nano.a(lib_a-impure.o)
 *(.data_end .data_end.*)
 .data_end      0x0000000020000084        0x4 ./system/src/newlib/_startup.o
                0x0000000020000088                . = ALIGN (0x4)
                0x0000000020000088                _edata = .
                0x0000000020000088                __data_end__ = .

.igot.plt       0x0000000020000088        0x0 load address 0x0000000008001688
 .igot.plt      0x0000000020000088        0x0 ./system/src/stm32f1-stdperiph/stm32f10x_gpio.o

.bss_CCMRAM     0x0000000000000000        0x0
 *(.bss.CCMRAM .bss.CCMRAM.*)

.bss            0x0000000020000088       0xa4
                0x0000000020000088                __bss_start__ = .
                0x0000000020000088                _sbss = .
 *(.bss_begin .bss_begin.*)
 .bss_begin     0x0000000020000088        0x4 ./system/src/newlib/_startup.o
 *(.bss .bss.*)
 .bss.current_heap_end.0
                0x000000002000008c        0x4 ./system/src/newlib/_sbrk.o
 .bss.errno     0x0000000020000090        0x4 ./system/src/newlib/_syscalls.o
                0x0000000020000090                errno
 .bss.name.0    0x0000000020000094        0x1 ./system/src/newlib/_syscalls.o
 *fill*         0x0000000020000095        0x3 
 .bss.buf.0     0x0000000020000098       0x80 ./system/src/diag/Trace.o
 .bss.timer_delayCount
                0x0000000020000118        0x4 ./src/Timer.o
                0x0000000020000118                timer_delayCount
 .bss.__malloc_free_list
                0x000000002000011c        0x4 c:/users/manht/appdata/roaming/xpacks/@xpack-dev-tools/arm-none-eabi-gcc/10.2.1-1.1.2/.content/bin/../lib/gcc/arm-none-eabi/10.2.1/../../../../arm-none-eabi/lib/thumb/v7-m/nofp\libg_nano.a(lib_a-nano-mallocr.o)
                0x000000002000011c                __malloc_free_list
 .bss.__malloc_sbrk_start
                0x0000000020000120        0x4 c:/users/manht/appdata/roaming/xpacks/@xpack-dev-tools/arm-none-eabi-gcc/10.2.1-1.1.2/.content/bin/../lib/gcc/arm-none-eabi/10.2.1/../../../../arm-none-eabi/lib/thumb/v7-m/nofp\libg_nano.a(lib_a-nano-mallocr.o)
                0x0000000020000120                __malloc_sbrk_start
 .bss.__lock___malloc_recursive_mutex
                0x0000000020000124        0x1 c:/users/manht/appdata/roaming/xpacks/@xpack-dev-tools/arm-none-eabi-gcc/10.2.1-1.1.2/.content/bin/../lib/gcc/arm-none-eabi/10.2.1/../../../../arm-none-eabi/lib/thumb/v7-m/nofp\libg_nano.a(lib_a-lock.o)
                0x0000000020000124                __lock___malloc_recursive_mutex
 *(COMMON)
 *(.bss_end .bss_end.*)
 *fill*         0x0000000020000125        0x3 
 .bss_end       0x0000000020000128        0x4 ./system/src/newlib/_startup.o
                0x000000002000012c                . = ALIGN (0x4)
                0x000000002000012c                __bss_end__ = .
                0x000000002000012c                _ebss = .

.noinit_CCMRAM
 *(.noinit.CCMRAM .noinit.CCMRAM.*)

.noinit         0x000000002000012c        0x0
                0x000000002000012c                _noinit = .
 *(.noinit .noinit.*)
                0x000000002000012c                . = ALIGN (0x4)
                0x000000002000012c                _end_noinit = .
                [!provide]                        PROVIDE (end = _end_noinit)
                [!provide]                        PROVIDE (_end = _end_noinit)
                [!provide]                        PROVIDE (__end = _end_noinit)
                [!provide]                        PROVIDE (__end__ = _end_noinit)

._check_stack   0x000000002000012c      0x100
                0x000000002000022c                . = (. + _Minimum_Stack_Size)
 *fill*         0x000000002000012c      0x100 

.b1text
 *(.b1text)
 *(.b1rodata)
 *(.b1rodata.*)

.eb0text
 *(.eb0text)
 *(.eb0rodata)
 *(.eb0rodata.*)

.eb1text
 *(.eb1text)
 *(.eb1rodata)
 *(.eb1rodata.*)

.eb2text
 *(.eb2text)
 *(.eb2rodata)
 *(.eb2rodata.*)

.eb3text
 *(.eb3text)
 *(.eb3rodata)
 *(.eb3rodata.*)

.stab
 *(.stab)

.stabstr
 *(.stabstr)

.stab.excl
 *(.stab.excl)

.stab.exclstr
 *(.stab.exclstr)

.stab.index
 *(.stab.index)

.stab.indexstr
 *(.stab.indexstr)

.comment        0x0000000000000000       0x44
 *(.comment)
 .comment       0x0000000000000000       0x44 ./system/src/stm32f1-stdperiph/stm32f10x_gpio.o
                                         0x45 (size before relaxing)
 .comment       0x0000000000000044       0x45 ./system/src/stm32f1-stdperiph/stm32f10x_rcc.o
 .comment       0x0000000000000044       0x45 ./system/src/newlib/_exit.o
 .comment       0x0000000000000044       0x45 ./system/src/newlib/_sbrk.o
 .comment       0x0000000000000044       0x45 ./system/src/newlib/_startup.o
 .comment       0x0000000000000044       0x45 ./system/src/newlib/_syscalls.o
 .comment       0x0000000000000044       0x45 ./system/src/newlib/assert.o
 .comment       0x0000000000000044       0x45 ./system/src/diag/Trace.o
 .comment       0x0000000000000044       0x45 ./system/src/diag/trace_impl.o
 .comment       0x0000000000000044       0x45 ./system/src/cortexm/_initialize_hardware.o
 .comment       0x0000000000000044       0x45 ./system/src/cortexm/exception_handlers.o
 .comment       0x0000000000000044       0x45 ./system/src/cmsis/system_stm32f10x.o
 .comment       0x0000000000000044       0x45 ./system/src/cmsis/vectors_stm32f10x.o
 .comment       0x0000000000000044       0x45 ./src/BlinkLed.o
 .comment       0x0000000000000044       0x45 ./src/Timer.o
 .comment       0x0000000000000044       0x45 ./src/main.o

.ARM.attributes
                0x0000000000000000       0x2b
 .ARM.attributes
                0x0000000000000000       0x2d ./system/src/stm32f1-stdperiph/stm32f10x_gpio.o
 .ARM.attributes
                0x000000000000002d       0x2d ./system/src/stm32f1-stdperiph/stm32f10x_rcc.o
 .ARM.attributes
                0x000000000000005a       0x2d ./system/src/newlib/_exit.o
 .ARM.attributes
                0x0000000000000087       0x2d ./system/src/newlib/_sbrk.o
 .ARM.attributes
                0x00000000000000b4       0x2d ./system/src/newlib/_startup.o
 .ARM.attributes
                0x00000000000000e1       0x2d ./system/src/newlib/_syscalls.o
 .ARM.attributes
                0x000000000000010e       0x2d ./system/src/newlib/assert.o
 .ARM.attributes
                0x000000000000013b       0x2d ./system/src/diag/Trace.o
 .ARM.attributes
                0x0000000000000168       0x2d ./system/src/diag/trace_impl.o
 .ARM.attributes
                0x0000000000000195       0x2d ./system/src/cortexm/_initialize_hardware.o
 .ARM.attributes
                0x00000000000001c2       0x2d ./system/src/cortexm/exception_handlers.o
 .ARM.attributes
                0x00000000000001ef       0x2d ./system/src/cmsis/system_stm32f10x.o
 .ARM.attributes
                0x000000000000021c       0x2d ./system/src/cmsis/vectors_stm32f10x.o
 .ARM.attributes
                0x0000000000000249       0x2d ./src/BlinkLed.o
 .ARM.attributes
                0x0000000000000276       0x2d ./src/Timer.o
 .ARM.attributes
                0x00000000000002a3       0x2d ./src/main.o
 .ARM.attributes
                0x00000000000002d0       0x2d c:/users/manht/appdata/roaming/xpacks/@xpack-dev-tools/arm-none-eabi-gcc/10.2.1-1.1.2/.content/bin/../lib/gcc/arm-none-eabi/10.2.1/../../../../arm-none-eabi/lib/thumb/v7-m/nofp\libg_nano.a(lib_a-errno.o)
 .ARM.attributes
                0x00000000000002fd       0x2d c:/users/manht/appdata/roaming/xpacks/@xpack-dev-tools/arm-none-eabi-gcc/10.2.1-1.1.2/.content/bin/../lib/gcc/arm-none-eabi/10.2.1/../../../../arm-none-eabi/lib/thumb/v7-m/nofp\libg_nano.a(lib_a-impure.o)
 .ARM.attributes
                0x000000000000032a       0x17 c:/users/manht/appdata/roaming/xpacks/@xpack-dev-tools/arm-none-eabi-gcc/10.2.1-1.1.2/.content/bin/../lib/gcc/arm-none-eabi/10.2.1/../../../../arm-none-eabi/lib/thumb/v7-m/nofp\libg_nano.a(lib_a-strlen.o)
 .ARM.attributes
                0x0000000000000341       0x2d c:/users/manht/appdata/roaming/xpacks/@xpack-dev-tools/arm-none-eabi-gcc/10.2.1-1.1.2/.content/bin/../lib/gcc/arm-none-eabi/10.2.1/../../../../arm-none-eabi/lib/thumb/v7-m/nofp\libg_nano.a(lib_a-vsnprintf.o)
 .ARM.attributes
                0x000000000000036e       0x2d c:/users/manht/appdata/roaming/xpacks/@xpack-dev-tools/arm-none-eabi-gcc/10.2.1-1.1.2/.content/bin/../lib/gcc/arm-none-eabi/10.2.1/../../../../arm-none-eabi/lib/thumb/v7-m/nofp\libg_nano.a(lib_a-nano-svfprintf.o)
 .ARM.attributes
                0x000000000000039b       0x2d c:/users/manht/appdata/roaming/xpacks/@xpack-dev-tools/arm-none-eabi-gcc/10.2.1-1.1.2/.content/bin/../lib/gcc/arm-none-eabi/10.2.1/../../../../arm-none-eabi/lib/thumb/v7-m/nofp\libg_nano.a(lib_a-nano-vfprintf_i.o)
 .ARM.attributes
                0x00000000000003c8       0x2d c:/users/manht/appdata/roaming/xpacks/@xpack-dev-tools/arm-none-eabi-gcc/10.2.1-1.1.2/.content/bin/../lib/gcc/arm-none-eabi/10.2.1/../../../../arm-none-eabi/lib/thumb/v7-m/nofp\libg_nano.a(lib_a-memchr-stub.o)
 .ARM.attributes
                0x00000000000003f5       0x2d c:/users/manht/appdata/roaming/xpacks/@xpack-dev-tools/arm-none-eabi-gcc/10.2.1-1.1.2/.content/bin/../lib/gcc/arm-none-eabi/10.2.1/../../../../arm-none-eabi/lib/thumb/v7-m/nofp\libg_nano.a(lib_a-memcpy-stub.o)
 .ARM.attributes
                0x0000000000000422       0x2d c:/users/manht/appdata/roaming/xpacks/@xpack-dev-tools/arm-none-eabi-gcc/10.2.1-1.1.2/.content/bin/../lib/gcc/arm-none-eabi/10.2.1/../../../../arm-none-eabi/lib/thumb/v7-m/nofp\libg_nano.a(lib_a-memmove.o)
 .ARM.attributes
                0x000000000000044f       0x2d c:/users/manht/appdata/roaming/xpacks/@xpack-dev-tools/arm-none-eabi-gcc/10.2.1-1.1.2/.content/bin/../lib/gcc/arm-none-eabi/10.2.1/../../../../arm-none-eabi/lib/thumb/v7-m/nofp\libg_nano.a(lib_a-nano-freer.o)
 .ARM.attributes
                0x000000000000047c       0x2d c:/users/manht/appdata/roaming/xpacks/@xpack-dev-tools/arm-none-eabi-gcc/10.2.1-1.1.2/.content/bin/../lib/gcc/arm-none-eabi/10.2.1/../../../../arm-none-eabi/lib/thumb/v7-m/nofp\libg_nano.a(lib_a-nano-mallocr.o)
 .ARM.attributes
                0x00000000000004a9       0x2d c:/users/manht/appdata/roaming/xpacks/@xpack-dev-tools/arm-none-eabi-gcc/10.2.1-1.1.2/.content/bin/../lib/gcc/arm-none-eabi/10.2.1/../../../../arm-none-eabi/lib/thumb/v7-m/nofp\libg_nano.a(lib_a-nano-reallocr.o)
 .ARM.attributes
                0x00000000000004d6       0x2d c:/users/manht/appdata/roaming/xpacks/@xpack-dev-tools/arm-none-eabi-gcc/10.2.1-1.1.2/.content/bin/../lib/gcc/arm-none-eabi/10.2.1/../../../../arm-none-eabi/lib/thumb/v7-m/nofp\libg_nano.a(lib_a-sbrkr.o)
 .ARM.attributes
                0x0000000000000503       0x2d c:/users/manht/appdata/roaming/xpacks/@xpack-dev-tools/arm-none-eabi-gcc/10.2.1-1.1.2/.content/bin/../lib/gcc/arm-none-eabi/10.2.1/../../../../arm-none-eabi/lib/thumb/v7-m/nofp\libg_nano.a(lib_a-mlock.o)
 .ARM.attributes
                0x0000000000000530       0x2d c:/users/manht/appdata/roaming/xpacks/@xpack-dev-tools/arm-none-eabi-gcc/10.2.1-1.1.2/.content/bin/../lib/gcc/arm-none-eabi/10.2.1/../../../../arm-none-eabi/lib/thumb/v7-m/nofp\libg_nano.a(lib_a-nano-msizer.o)
 .ARM.attributes
                0x000000000000055d       0x2d c:/users/manht/appdata/roaming/xpacks/@xpack-dev-tools/arm-none-eabi-gcc/10.2.1-1.1.2/.content/bin/../lib/gcc/arm-none-eabi/10.2.1/../../../../arm-none-eabi/lib/thumb/v7-m/nofp\libg_nano.a(lib_a-lock.o)

.debug
 *(.debug)

.line
 *(.line)

.debug_srcinfo
 *(.debug_srcinfo)

.debug_sfnames
 *(.debug_sfnames)

.debug_aranges  0x0000000000000000      0x490
 *(.debug_aranges)
 .debug_aranges
                0x0000000000000000       0xa8 ./system/src/stm32f1-stdperiph/stm32f10x_gpio.o
 .debug_aranges
                0x00000000000000a8      0x118 ./system/src/stm32f1-stdperiph/stm32f10x_rcc.o
 .debug_aranges
                0x00000000000001c0       0x28 ./system/src/newlib/_exit.o
 .debug_aranges
                0x00000000000001e8       0x20 ./system/src/newlib/_sbrk.o
 .debug_aranges
                0x0000000000000208       0x40 ./system/src/newlib/_startup.o
 .debug_aranges
                0x0000000000000248       0x30 ./system/src/newlib/_syscalls.o
 .debug_aranges
                0x0000000000000278       0x28 ./system/src/newlib/assert.o
 .debug_aranges
                0x00000000000002a0       0x38 ./system/src/diag/Trace.o
 .debug_aranges
                0x00000000000002d8       0x30 ./system/src/diag/trace_impl.o
 .debug_aranges
                0x0000000000000308       0x28 ./system/src/cortexm/_initialize_hardware.o
 .debug_aranges
                0x0000000000000330       0x90 ./system/src/cortexm/exception_handlers.o
 .debug_aranges
                0x00000000000003c0       0x38 ./system/src/cmsis/system_stm32f10x.o
 .debug_aranges
                0x00000000000003f8       0x20 ./system/src/cmsis/vectors_stm32f10x.o
 .debug_aranges
                0x0000000000000418       0x20 ./src/BlinkLed.o
 .debug_aranges
                0x0000000000000438       0x38 ./src/Timer.o
 .debug_aranges
                0x0000000000000470       0x20 ./src/main.o

.debug_pubnames
 *(.debug_pubnames)

.debug_info     0x0000000000000000     0x4819
 *(.debug_info .gnu.linkonce.wi.*)
 .debug_info    0x0000000000000000      0xcba ./system/src/stm32f1-stdperiph/stm32f10x_gpio.o
 .debug_info    0x0000000000000cba      0xd91 ./system/src/stm32f1-stdperiph/stm32f10x_rcc.o
 .debug_info    0x0000000000001a4b       0xf2 ./system/src/newlib/_exit.o
 .debug_info    0x0000000000001b3d      0x112 ./system/src/newlib/_sbrk.o
 .debug_info    0x0000000000001c4f      0x4ae ./system/src/newlib/_startup.o
 .debug_info    0x00000000000020fd      0x1d5 ./system/src/newlib/_syscalls.o
 .debug_info    0x00000000000022d2      0x1c1 ./system/src/newlib/assert.o
 .debug_info    0x0000000000002493      0x30b ./system/src/diag/Trace.o
 .debug_info    0x000000000000279e      0x320 ./system/src/diag/trace_impl.o
 .debug_info    0x0000000000002abe      0x2ac ./system/src/cortexm/_initialize_hardware.o
 .debug_info    0x0000000000002d6a      0x968 ./system/src/cortexm/exception_handlers.o
 .debug_info    0x00000000000036d2      0x4bd ./system/src/cmsis/system_stm32f10x.o
 .debug_info    0x0000000000003b8f       0xce ./system/src/cmsis/vectors_stm32f10x.o
 .debug_info    0x0000000000003c5d      0x28c ./src/BlinkLed.o
 .debug_info    0x0000000000003ee9      0x666 ./src/Timer.o
 .debug_info    0x000000000000454f      0x2ca ./src/main.o

.debug_abbrev   0x0000000000000000     0x1699
 *(.debug_abbrev)
 .debug_abbrev  0x0000000000000000      0x225 ./system/src/stm32f1-stdperiph/stm32f10x_gpio.o
 .debug_abbrev  0x0000000000000225      0x21a ./system/src/stm32f1-stdperiph/stm32f10x_rcc.o
 .debug_abbrev  0x000000000000043f       0x97 ./system/src/newlib/_exit.o
 .debug_abbrev  0x00000000000004d6       0xcd ./system/src/newlib/_sbrk.o
 .debug_abbrev  0x00000000000005a3      0x1b1 ./system/src/newlib/_startup.o
 .debug_abbrev  0x0000000000000754      0x10e ./system/src/newlib/_syscalls.o
 .debug_abbrev  0x0000000000000862       0xb6 ./system/src/newlib/assert.o
 .debug_abbrev  0x0000000000000918      0x173 ./system/src/diag/Trace.o
 .debug_abbrev  0x0000000000000a8b      0x1eb ./system/src/diag/trace_impl.o
 .debug_abbrev  0x0000000000000c76       0xe9 ./system/src/cortexm/_initialize_hardware.o
 .debug_abbrev  0x0000000000000d5f      0x267 ./system/src/cortexm/exception_handlers.o
 .debug_abbrev  0x0000000000000fc6      0x18a ./system/src/cmsis/system_stm32f10x.o
 .debug_abbrev  0x0000000000001150       0xa5 ./system/src/cmsis/vectors_stm32f10x.o
 .debug_abbrev  0x00000000000011f5      0x161 ./src/BlinkLed.o
 .debug_abbrev  0x0000000000001356      0x1de ./src/Timer.o
 .debug_abbrev  0x0000000000001534      0x165 ./src/main.o

.debug_line     0x0000000000000000     0x62d6
 *(.debug_line)
 .debug_line    0x0000000000000000      0xd37 ./system/src/stm32f1-stdperiph/stm32f10x_gpio.o
 .debug_line    0x0000000000000d37      0xdf9 ./system/src/stm32f1-stdperiph/stm32f10x_rcc.o
 .debug_line    0x0000000000001b30      0x40e ./system/src/newlib/_exit.o
 .debug_line    0x0000000000001f3e      0x3f8 ./system/src/newlib/_sbrk.o
 .debug_line    0x0000000000002336      0x676 ./system/src/newlib/_startup.o
 .debug_line    0x00000000000029ac      0x531 ./system/src/newlib/_syscalls.o
 .debug_line    0x0000000000002edd      0x44a ./system/src/newlib/assert.o
 .debug_line    0x0000000000003327      0x4ea ./system/src/diag/Trace.o
 .debug_line    0x0000000000003811      0x752 ./system/src/diag/trace_impl.o
 .debug_line    0x0000000000003f63      0x3af ./system/src/cortexm/_initialize_hardware.o
 .debug_line    0x0000000000004312      0x986 ./system/src/cortexm/exception_handlers.o
 .debug_line    0x0000000000004c98      0x5d2 ./system/src/cmsis/system_stm32f10x.o
 .debug_line    0x000000000000526a      0x141 ./system/src/cmsis/vectors_stm32f10x.o
 .debug_line    0x00000000000053ab      0x39a ./src/BlinkLed.o
 .debug_line    0x0000000000005745      0x474 ./src/Timer.o
 .debug_line    0x0000000000005bb9      0x71d ./src/main.o

.debug_frame    0x0000000000000000      0xddc
 *(.debug_frame)
 .debug_frame   0x0000000000000000      0x1e4 ./system/src/stm32f1-stdperiph/stm32f10x_gpio.o
 .debug_frame   0x00000000000001e4      0x31c ./system/src/stm32f1-stdperiph/stm32f10x_rcc.o
 .debug_frame   0x0000000000000500       0x38 ./system/src/newlib/_exit.o
 .debug_frame   0x0000000000000538       0x28 ./system/src/newlib/_sbrk.o
 .debug_frame   0x0000000000000560       0x7c ./system/src/newlib/_startup.o
 .debug_frame   0x00000000000005dc       0x50 ./system/src/newlib/_syscalls.o
 .debug_frame   0x000000000000062c       0x40 ./system/src/newlib/assert.o
 .debug_frame   0x000000000000066c       0x94 ./system/src/diag/Trace.o
 .debug_frame   0x0000000000000700       0x64 ./system/src/diag/trace_impl.o
 .debug_frame   0x0000000000000764       0x40 ./system/src/cortexm/_initialize_hardware.o
 .debug_frame   0x00000000000007a4      0x158 ./system/src/cortexm/exception_handlers.o
 .debug_frame   0x00000000000008fc       0x6c ./system/src/cmsis/system_stm32f10x.o
 .debug_frame   0x0000000000000968       0x20 ./system/src/cmsis/vectors_stm32f10x.o
 .debug_frame   0x0000000000000988       0x30 ./src/BlinkLed.o
 .debug_frame   0x00000000000009b8       0x58 ./src/Timer.o
 .debug_frame   0x0000000000000a10       0x28 ./src/main.o
 .debug_frame   0x0000000000000a38       0x20 c:/users/manht/appdata/roaming/xpacks/@xpack-dev-tools/arm-none-eabi-gcc/10.2.1-1.1.2/.content/bin/../lib/gcc/arm-none-eabi/10.2.1/../../../../arm-none-eabi/lib/thumb/v7-m/nofp\libg_nano.a(lib_a-errno.o)
 .debug_frame   0x0000000000000a58       0x4c c:/users/manht/appdata/roaming/xpacks/@xpack-dev-tools/arm-none-eabi-gcc/10.2.1-1.1.2/.content/bin/../lib/gcc/arm-none-eabi/10.2.1/../../../../arm-none-eabi/lib/thumb/v7-m/nofp\libg_nano.a(lib_a-vsnprintf.o)
 .debug_frame   0x0000000000000aa4       0x90 c:/users/manht/appdata/roaming/xpacks/@xpack-dev-tools/arm-none-eabi-gcc/10.2.1-1.1.2/.content/bin/../lib/gcc/arm-none-eabi/10.2.1/../../../../arm-none-eabi/lib/thumb/v7-m/nofp\libg_nano.a(lib_a-nano-svfprintf.o)
 .debug_frame   0x0000000000000b34       0x60 c:/users/manht/appdata/roaming/xpacks/@xpack-dev-tools/arm-none-eabi-gcc/10.2.1-1.1.2/.content/bin/../lib/gcc/arm-none-eabi/10.2.1/../../../../arm-none-eabi/lib/thumb/v7-m/nofp\libg_nano.a(lib_a-nano-vfprintf_i.o)
 .debug_frame   0x0000000000000b94       0x28 c:/users/manht/appdata/roaming/xpacks/@xpack-dev-tools/arm-none-eabi-gcc/10.2.1-1.1.2/.content/bin/../lib/gcc/arm-none-eabi/10.2.1/../../../../arm-none-eabi/lib/thumb/v7-m/nofp\libg_nano.a(lib_a-memchr-stub.o)
 .debug_frame   0x0000000000000bbc       0x28 c:/users/manht/appdata/roaming/xpacks/@xpack-dev-tools/arm-none-eabi-gcc/10.2.1-1.1.2/.content/bin/../lib/gcc/arm-none-eabi/10.2.1/../../../../arm-none-eabi/lib/thumb/v7-m/nofp\libg_nano.a(lib_a-memcpy-stub.o)
 .debug_frame   0x0000000000000be4       0x28 c:/users/manht/appdata/roaming/xpacks/@xpack-dev-tools/arm-none-eabi-gcc/10.2.1-1.1.2/.content/bin/../lib/gcc/arm-none-eabi/10.2.1/../../../../arm-none-eabi/lib/thumb/v7-m/nofp\libg_nano.a(lib_a-memmove.o)
 .debug_frame   0x0000000000000c0c       0x38 c:/users/manht/appdata/roaming/xpacks/@xpack-dev-tools/arm-none-eabi-gcc/10.2.1-1.1.2/.content/bin/../lib/gcc/arm-none-eabi/10.2.1/../../../../arm-none-eabi/lib/thumb/v7-m/nofp\libg_nano.a(lib_a-nano-freer.o)
 .debug_frame   0x0000000000000c44       0x30 c:/users/manht/appdata/roaming/xpacks/@xpack-dev-tools/arm-none-eabi-gcc/10.2.1-1.1.2/.content/bin/../lib/gcc/arm-none-eabi/10.2.1/../../../../arm-none-eabi/lib/thumb/v7-m/nofp\libg_nano.a(lib_a-nano-mallocr.o)
 .debug_frame   0x0000000000000c74       0x3c c:/users/manht/appdata/roaming/xpacks/@xpack-dev-tools/arm-none-eabi-gcc/10.2.1-1.1.2/.content/bin/../lib/gcc/arm-none-eabi/10.2.1/../../../../arm-none-eabi/lib/thumb/v7-m/nofp\libg_nano.a(lib_a-nano-reallocr.o)
 .debug_frame   0x0000000000000cb0       0x2c c:/users/manht/appdata/roaming/xpacks/@xpack-dev-tools/arm-none-eabi-gcc/10.2.1-1.1.2/.content/bin/../lib/gcc/arm-none-eabi/10.2.1/../../../../arm-none-eabi/lib/thumb/v7-m/nofp\libg_nano.a(lib_a-sbrkr.o)
 .debug_frame   0x0000000000000cdc       0x30 c:/users/manht/appdata/roaming/xpacks/@xpack-dev-tools/arm-none-eabi-gcc/10.2.1-1.1.2/.content/bin/../lib/gcc/arm-none-eabi/10.2.1/../../../../arm-none-eabi/lib/thumb/v7-m/nofp\libg_nano.a(lib_a-mlock.o)
 .debug_frame   0x0000000000000d0c       0x20 c:/users/manht/appdata/roaming/xpacks/@xpack-dev-tools/arm-none-eabi-gcc/10.2.1-1.1.2/.content/bin/../lib/gcc/arm-none-eabi/10.2.1/../../../../arm-none-eabi/lib/thumb/v7-m/nofp\libg_nano.a(lib_a-nano-msizer.o)
 .debug_frame   0x0000000000000d2c       0xb0 c:/users/manht/appdata/roaming/xpacks/@xpack-dev-tools/arm-none-eabi-gcc/10.2.1-1.1.2/.content/bin/../lib/gcc/arm-none-eabi/10.2.1/../../../../arm-none-eabi/lib/thumb/v7-m/nofp\libg_nano.a(lib_a-lock.o)

.debug_str      0x0000000000000000    0x57159
 *(.debug_str)
 .debug_str     0x0000000000000000    0x4eb8d ./system/src/stm32f1-stdperiph/stm32f10x_gpio.o
                                      0x4ed01 (size before relaxing)
 .debug_str     0x000000000004eb8d      0xb4a ./system/src/stm32f1-stdperiph/stm32f10x_rcc.o
                                      0x4f2d0 (size before relaxing)
 .debug_str     0x000000000004f6d7     0x48d4 ./system/src/newlib/_exit.o
                                       0x772d (size before relaxing)
 .debug_str     0x0000000000053fab      0x4de ./system/src/newlib/_sbrk.o
                                       0x6b0e (size before relaxing)
 .debug_str     0x0000000000054489      0x266 ./system/src/newlib/_startup.o
                                       0x6314 (size before relaxing)
 .debug_str     0x00000000000546ef     0x1505 ./system/src/newlib/_syscalls.o
                                       0x805b (size before relaxing)
 .debug_str     0x0000000000055bf4       0xd5 ./system/src/newlib/assert.o
                                       0x8232 (size before relaxing)
 .debug_str     0x0000000000055cc9      0x819 ./system/src/diag/Trace.o
                                       0x7eb3 (size before relaxing)
 .debug_str     0x00000000000564e2      0x381 ./system/src/diag/trace_impl.o
                                      0x5231b (size before relaxing)
 .debug_str     0x0000000000056863       0xb2 ./system/src/cortexm/_initialize_hardware.o
                                      0x4e7eb (size before relaxing)
 .debug_str     0x0000000000056915      0x19d ./system/src/cortexm/exception_handlers.o
                                      0x53499 (size before relaxing)
 .debug_str     0x0000000000056ab2       0xa6 ./system/src/cmsis/system_stm32f10x.o
                                      0x4e895 (size before relaxing)
 .debug_str     0x0000000000056b58       0x57 ./system/src/cmsis/vectors_stm32f10x.o
                                       0x384f (size before relaxing)
 .debug_str     0x0000000000056baf      0x130 ./src/BlinkLed.o
                                      0x4e96f (size before relaxing)
 .debug_str     0x0000000000056cdf      0x3ea ./src/Timer.o
                                      0x4ebb8 (size before relaxing)
 .debug_str     0x00000000000570c9       0x90 ./src/main.o
                                      0x5394f (size before relaxing)

.debug_loc      0x0000000000000000     0x2458
 *(.debug_loc)
 .debug_loc     0x0000000000000000      0x9eb ./system/src/stm32f1-stdperiph/stm32f10x_gpio.o
 .debug_loc     0x00000000000009eb      0xd20 ./system/src/stm32f1-stdperiph/stm32f10x_rcc.o
 .debug_loc     0x000000000000170b       0x15 ./system/src/newlib/_exit.o
 .debug_loc     0x0000000000001720       0x97 ./system/src/newlib/_sbrk.o
 .debug_loc     0x00000000000017b7      0x2de ./system/src/newlib/_startup.o
 .debug_loc     0x0000000000001a95       0x6f ./system/src/newlib/_syscalls.o
 .debug_loc     0x0000000000001b04      0x17d ./system/src/newlib/assert.o
 .debug_loc     0x0000000000001c81      0x118 ./system/src/diag/Trace.o
 .debug_loc     0x0000000000001d99      0x194 ./system/src/diag/trace_impl.o
 .debug_loc     0x0000000000001f2d      0x35c ./system/src/cortexm/exception_handlers.o
 .debug_loc     0x0000000000002289       0xff ./system/src/cmsis/system_stm32f10x.o
 .debug_loc     0x0000000000002388       0x63 ./src/Timer.o
 .debug_loc     0x00000000000023eb       0x6d ./src/main.o

.debug_macinfo
 *(.debug_macinfo)

.debug_weaknames
 *(.debug_weaknames)

.debug_funcnames
 *(.debug_funcnames)

.debug_typenames
 *(.debug_typenames)

.debug_varnames
 *(.debug_varnames)
OUTPUT(STM32F1_Blink.elf elf32-littlearm)
LOAD linker stubs

.debug_ranges   0x0000000000000000      0x3c0
 .debug_ranges  0x0000000000000000       0x98 ./system/src/stm32f1-stdperiph/stm32f10x_gpio.o
 .debug_ranges  0x0000000000000098      0x108 ./system/src/stm32f1-stdperiph/stm32f10x_rcc.o
 .debug_ranges  0x00000000000001a0       0x18 ./system/src/newlib/_exit.o
 .debug_ranges  0x00000000000001b8       0x10 ./system/src/newlib/_sbrk.o
 .debug_ranges  0x00000000000001c8       0x30 ./system/src/newlib/_startup.o
 .debug_ranges  0x00000000000001f8       0x20 ./system/src/newlib/_syscalls.o
 .debug_ranges  0x0000000000000218       0x18 ./system/src/newlib/assert.o
 .debug_ranges  0x0000000000000230       0x28 ./system/src/diag/Trace.o
 .debug_ranges  0x0000000000000258       0x38 ./system/src/diag/trace_impl.o
 .debug_ranges  0x0000000000000290       0x18 ./system/src/cortexm/_initialize_hardware.o
 .debug_ranges  0x00000000000002a8       0x98 ./system/src/cortexm/exception_handlers.o
 .debug_ranges  0x0000000000000340       0x28 ./system/src/cmsis/system_stm32f10x.o
 .debug_ranges  0x0000000000000368       0x10 ./system/src/cmsis/vectors_stm32f10x.o
 .debug_ranges  0x0000000000000378       0x10 ./src/BlinkLed.o
 .debug_ranges  0x0000000000000388       0x28 ./src/Timer.o
 .debug_ranges  0x00000000000003b0       0x10 ./src/main.o

.debug_macro    0x0000000000000000     0x3a3a
 .debug_macro   0x0000000000000000      0x1b9 ./system/src/stm32f1-stdperiph/stm32f10x_gpio.o
 .debug_macro   0x00000000000001b9       0x8b ./system/src/stm32f1-stdperiph/stm32f10x_gpio.o
 .debug_macro   0x0000000000000244      0x2a6 ./system/src/stm32f1-stdperiph/stm32f10x_gpio.o
 .debug_macro   0x00000000000004ea      0x287 ./system/src/stm32f1-stdperiph/stm32f10x_rcc.o
 .debug_macro   0x0000000000000771      0x3dc ./system/src/stm32f1-stdperiph/stm32f10x_rcc.o
 .debug_macro   0x0000000000000b4d      0x1ae ./system/src/newlib/_exit.o
 .debug_macro   0x0000000000000cfb       0x34 ./system/src/newlib/_exit.o
 .debug_macro   0x0000000000000d2f      0x10e ./system/src/newlib/_exit.o
 .debug_macro   0x0000000000000e3d       0x8d ./system/src/newlib/_exit.o
 .debug_macro   0x0000000000000eca       0x43 ./system/src/newlib/_exit.o
 .debug_macro   0x0000000000000f0d      0x333 ./system/src/newlib/_exit.o
 .debug_macro   0x0000000000001240       0x35 ./system/src/newlib/_exit.o
 .debug_macro   0x0000000000001275      0x163 ./system/src/newlib/_sbrk.o
 .debug_macro   0x00000000000013d8      0x174 ./system/src/newlib/_sbrk.o
 .debug_macro   0x000000000000154c       0x10 ./system/src/newlib/_sbrk.o
 .debug_macro   0x000000000000155c      0x23b ./system/src/newlib/_sbrk.o
 .debug_macro   0x0000000000001797      0x15f ./system/src/newlib/_startup.o
 .debug_macro   0x00000000000018f6      0x220 ./system/src/newlib/_syscalls.o
 .debug_macro   0x0000000000001b16       0x1c ./system/src/newlib/_syscalls.o
 .debug_macro   0x0000000000001b32       0x10 ./system/src/newlib/_syscalls.o
 .debug_macro   0x0000000000001b42       0x10 ./system/src/newlib/_syscalls.o
 .debug_macro   0x0000000000001b52       0x10 ./system/src/newlib/_syscalls.o
 .debug_macro   0x0000000000001b62       0x35 ./system/src/newlib/_syscalls.o
 .debug_macro   0x0000000000001b97      0x12c ./system/src/newlib/_syscalls.o
 .debug_macro   0x0000000000001cc3       0xce ./system/src/newlib/_syscalls.o
 .debug_macro   0x0000000000001d91       0x7c ./system/src/newlib/_syscalls.o
 .debug_macro   0x0000000000001e0d       0x17 ./system/src/newlib/_syscalls.o
 .debug_macro   0x0000000000001e24      0x118 ./system/src/newlib/_syscalls.o
 .debug_macro   0x0000000000001f3c      0x189 ./system/src/newlib/_syscalls.o
 .debug_macro   0x00000000000020c5       0x16 ./system/src/newlib/_syscalls.o
 .debug_macro   0x00000000000020db      0x1ca ./system/src/newlib/assert.o
 .debug_macro   0x00000000000022a5       0x1c ./system/src/newlib/assert.o
 .debug_macro   0x00000000000022c1      0x1f5 ./system/src/diag/Trace.o
 .debug_macro   0x00000000000024b6       0x16 ./system/src/diag/Trace.o
 .debug_macro   0x00000000000024cc       0x97 ./system/src/diag/Trace.o
 .debug_macro   0x0000000000002563       0xfd ./system/src/diag/Trace.o
 .debug_macro   0x0000000000002660       0x10 ./system/src/diag/Trace.o
 .debug_macro   0x0000000000002670       0x16 ./system/src/diag/Trace.o
 .debug_macro   0x0000000000002686      0x16f ./system/src/diag/Trace.o
 .debug_macro   0x00000000000027f5       0x4c ./system/src/diag/Trace.o
 .debug_macro   0x0000000000002841       0x16 ./system/src/diag/Trace.o
 .debug_macro   0x0000000000002857      0x2c6 ./system/src/diag/trace_impl.o
 .debug_macro   0x0000000000002b1d       0x10 ./system/src/diag/trace_impl.o
 .debug_macro   0x0000000000002b2d       0xcf ./system/src/diag/trace_impl.o
 .debug_macro   0x0000000000002bfc       0x20 ./system/src/diag/trace_impl.o
 .debug_macro   0x0000000000002c1c       0xbe ./system/src/diag/trace_impl.o
 .debug_macro   0x0000000000002cda       0x22 ./system/src/diag/trace_impl.o
 .debug_macro   0x0000000000002cfc      0x16b ./system/src/cortexm/_initialize_hardware.o
 .debug_macro   0x0000000000002e67      0x31e ./system/src/cortexm/exception_handlers.o
 .debug_macro   0x0000000000003185       0x3b ./system/src/cortexm/exception_handlers.o
 .debug_macro   0x00000000000031c0       0x10 ./system/src/cortexm/exception_handlers.o
 .debug_macro   0x00000000000031d0      0x16e ./system/src/cmsis/system_stm32f10x.o
 .debug_macro   0x000000000000333e       0x34 ./system/src/cmsis/vectors_stm32f10x.o
 .debug_macro   0x0000000000003372      0x170 ./src/BlinkLed.o
 .debug_macro   0x00000000000034e2       0x28 ./src/BlinkLed.o
 .debug_macro   0x000000000000350a      0x184 ./src/Timer.o
 .debug_macro   0x000000000000368e       0x10 ./src/Timer.o
 .debug_macro   0x000000000000369e      0x36e ./src/main.o
 .debug_macro   0x0000000000003a0c       0x2e ./src/main.o
