22:33:44 **** Incremental Build of configuration Debug for project STM32F0_LCDTFT_bxCAN ****
Info: Internal Builder is used for build
arm-none-eabi-gcc -mcpu=cortex-m0 -mthumb -Og -fmessage-length=0 -fsigned-char -ffunction-sections -fdata-sections -ffreestanding -fno-move-loop-invariants -Wall -Wextra -g3 -DDEBUG -DUSE_FULL_ASSERT -DSTM32F072 -DUSE_STDPERIPH_DRIVER -DHSE_VALUE=8000000 -I../include -I../system/include -I../system/include/cmsis -I../system/include/stm32f0-stdperiph -std=gnu11 -c -o "system\\src\\cortexm\\_reset_hardware.o" "..\\system\\src\\cortexm\\_reset_hardware.c" 
arm-none-eabi-gcc -mcpu=cortex-m0 -mthumb -Og -fmessage-length=0 -fsigned-char -ffunction-sections -fdata-sections -ffreestanding -fno-move-loop-invariants -Wall -Wextra -g3 -DDEBUG -DUSE_FULL_ASSERT -DSTM32F072 -DUSE_STDPERIPH_DRIVER -DHSE_VALUE=8000000 -I../include -I../system/include -I../system/include/cmsis -I../system/include/stm32f0-stdperiph -std=gnu11 -c -o "src\\lcd\\Fonts\\font28.o" "..\\src\\lcd\\Fonts\\font28.c" 
arm-none-eabi-gcc -mcpu=cortex-m0 -mthumb -Og -fmessage-length=0 -fsigned-char -ffunction-sections -fdata-sections -ffreestanding -fno-move-loop-invariants -Wall -Wextra -g3 -DDEBUG -DUSE_FULL_ASSERT -DSTM32F072 -DUSE_STDPERIPH_DRIVER -DHSE_VALUE=8000000 -I../include -I../system/include -I../system/include/cmsis -I../system/include/stm32f0-stdperiph -std=gnu11 -c -o "system\\src\\stm32f0-stdperiph\\stm32f0xx_rtc.o" "..\\system\\src\\stm32f0-stdperiph\\stm32f0xx_rtc.c" 
..\system\src\stm32f0-stdperiph\stm32f0xx_rtc.c: In function 'RTC_GetAlarmSubSecond':
..\system\src\stm32f0-stdperiph\stm32f0xx_rtc.c:1350:41: warning: unused parameter 'RTC_Alarm' [-Wunused-parameter]
 1350 | uint32_t RTC_GetAlarmSubSecond(uint32_t RTC_Alarm)
      |                                ~~~~~~~~~^~~~~~~~~
arm-none-eabi-gcc -mcpu=cortex-m0 -mthumb -Og -fmessage-length=0 -fsigned-char -ffunction-sections -fdata-sections -ffreestanding -fno-move-loop-invariants -Wall -Wextra -g3 -DDEBUG -DUSE_FULL_ASSERT -DSTM32F072 -DUSE_STDPERIPH_DRIVER -DHSE_VALUE=8000000 -I../include -I../system/include -I../system/include/cmsis -I../system/include/stm32f0-stdperiph -std=gnu11 -c -o "src\\usart\\usart.o" "..\\src\\usart\\usart.c" 
arm-none-eabi-gcc -mcpu=cortex-m0 -mthumb -Og -fmessage-length=0 -fsigned-char -ffunction-sections -fdata-sections -ffreestanding -fno-move-loop-invariants -Wall -Wextra -g3 -DDEBUG -DUSE_FULL_ASSERT -DSTM32F072 -DUSE_STDPERIPH_DRIVER -DHSE_VALUE=8000000 -I../include -I../system/include -I../system/include/cmsis -I../system/include/stm32f0-stdperiph -std=gnu11 -c -o "src\\ioc\\actuator_io_hardware.o" "..\\src\\ioc\\actuator_io_hardware.c" 
arm-none-eabi-gcc -mcpu=cortex-m0 -mthumb -Og -fmessage-length=0 -fsigned-char -ffunction-sections -fdata-sections -ffreestanding -fno-move-loop-invariants -Wall -Wextra -g3 -DDEBUG -DUSE_FULL_ASSERT -DSTM32F072 -DUSE_STDPERIPH_DRIVER -DHSE_VALUE=8000000 -I../include -I../system/include -I../system/include/cmsis -I../system/include/stm32f0-stdperiph -std=gnu11 -c -o "system\\src\\cmsis\\vectors_stm32f0xx.o" "..\\system\\src\\cmsis\\vectors_stm32f0xx.c" 
arm-none-eabi-gcc -mcpu=cortex-m0 -mthumb -Og -fmessage-length=0 -fsigned-char -ffunction-sections -fdata-sections -ffreestanding -fno-move-loop-invariants -Wall -Wextra -g3 -DDEBUG -DUSE_FULL_ASSERT -DSTM32F072 -DUSE_STDPERIPH_DRIVER -DHSE_VALUE=8000000 -I../include -I../system/include -I../system/include/cmsis -I../system/include/stm32f0-stdperiph -std=gnu11 -c -o "src\\lcd\\stm32_adafruit_lcd.o" "..\\src\\lcd\\stm32_adafruit_lcd.c" 
arm-none-eabi-gcc -mcpu=cortex-m0 -mthumb -Og -fmessage-length=0 -fsigned-char -ffunction-sections -fdata-sections -ffreestanding -fno-move-loop-invariants -Wall -Wextra -g3 -DDEBUG -DUSE_FULL_ASSERT -DSTM32F072 -DUSE_STDPERIPH_DRIVER -DHSE_VALUE=8000000 -I../include -I../system/include -I../system/include/cmsis -I../system/include/stm32f0-stdperiph -std=gnu11 -c -o "system\\src\\stm32f0-stdperiph\\stm32f0xx_exti.o" "..\\system\\src\\stm32f0-stdperiph\\stm32f0xx_exti.c" 
arm-none-eabi-gcc -mcpu=cortex-m0 -mthumb -Og -fmessage-length=0 -fsigned-char -ffunction-sections -fdata-sections -ffreestanding -fno-move-loop-invariants -Wall -Wextra -g3 -DDEBUG -DUSE_FULL_ASSERT -DSTM32F072 -DUSE_STDPERIPH_DRIVER -DHSE_VALUE=8000000 -I../include -I../system/include -I../system/include/cmsis -I../system/include/stm32f0-stdperiph -std=gnu11 -c -o "system\\src\\stm32f0-stdperiph\\stm32f0xx_tim.o" "..\\system\\src\\stm32f0-stdperiph\\stm32f0xx_tim.c" 
arm-none-eabi-gcc -mcpu=cortex-m0 -mthumb -Og -fmessage-length=0 -fsigned-char -ffunction-sections -fdata-sections -ffreestanding -fno-move-loop-invariants -Wall -Wextra -g3 -DDEBUG -DUSE_FULL_ASSERT -DSTM32F072 -DUSE_STDPERIPH_DRIVER -DHSE_VALUE=8000000 -I../include -I../system/include -I../system/include/cmsis -I../system/include/stm32f0-stdperiph -std=gnu11 -c -o "system\\src\\diag\\Trace.o" "..\\system\\src\\diag\\Trace.c" 
arm-none-eabi-gcc -mcpu=cortex-m0 -mthumb -Og -fmessage-length=0 -fsigned-char -ffunction-sections -fdata-sections -ffreestanding -fno-move-loop-invariants -Wall -Wextra -g3 -DDEBUG -DUSE_FULL_ASSERT -DSTM32F072 -DUSE_STDPERIPH_DRIVER -DHSE_VALUE=8000000 -I../include -I../system/include -I../system/include/cmsis -I../system/include/stm32f0-stdperiph -std=gnu11 -c -o "system\\src\\diag\\trace_impl.o" "..\\system\\src\\diag\\trace_impl.c" 
arm-none-eabi-gcc -mcpu=cortex-m0 -mthumb -Og -fmessage-length=0 -fsigned-char -ffunction-sections -fdata-sections -ffreestanding -fno-move-loop-invariants -Wall -Wextra -g3 -DDEBUG -DUSE_FULL_ASSERT -DSTM32F072 -DUSE_STDPERIPH_DRIVER -DHSE_VALUE=8000000 -I../include -I../system/include -I../system/include/cmsis -I../system/include/stm32f0-stdperiph -std=gnu11 -c -o "system\\src\\stm32f0-stdperiph\\stm32f0xx_syscfg.o" "..\\system\\src\\stm32f0-stdperiph\\stm32f0xx_syscfg.c" 
arm-none-eabi-gcc -mcpu=cortex-m0 -mthumb -Og -fmessage-length=0 -fsigned-char -ffunction-sections -fdata-sections -ffreestanding -fno-move-loop-invariants -Wall -Wextra -g3 -DDEBUG -DUSE_FULL_ASSERT -DSTM32F072 -DUSE_STDPERIPH_DRIVER -DHSE_VALUE=8000000 -I../include -I../system/include -I../system/include/cmsis -I../system/include/stm32f0-stdperiph -std=gnu11 -c -o "system\\src\\cortexm\\_initialize_hardware.o" "..\\system\\src\\cortexm\\_initialize_hardware.c" 
arm-none-eabi-gcc -mcpu=cortex-m0 -mthumb -Og -fmessage-length=0 -fsigned-char -ffunction-sections -fdata-sections -ffreestanding -fno-move-loop-invariants -Wall -Wextra -g3 -DDEBUG -DUSE_FULL_ASSERT -DSTM32F072 -DUSE_STDPERIPH_DRIVER -DHSE_VALUE=8000000 -I../include -I../system/include -I../system/include/cmsis -I../system/include/stm32f0-stdperiph -std=gnu11 -c -o "system\\src\\cmsis\\system_stm32f0xx.o" "..\\system\\src\\cmsis\\system_stm32f0xx.c" 
arm-none-eabi-gcc -mcpu=cortex-m0 -mthumb -Og -fmessage-length=0 -fsigned-char -ffunction-sections -fdata-sections -ffreestanding -fno-move-loop-invariants -Wall -Wextra -g3 -DDEBUG -DUSE_FULL_ASSERT -DSTM32F072 -DUSE_STDPERIPH_DRIVER -DHSE_VALUE=8000000 -I../include -I../system/include -I../system/include/cmsis -I../system/include/stm32f0-stdperiph -std=gnu11 -c -o "src\\can\\can_hardware.o" "..\\src\\can\\can_hardware.c" 
arm-none-eabi-gcc -mcpu=cortex-m0 -mthumb -Og -fmessage-length=0 -fsigned-char -ffunction-sections -fdata-sections -ffreestanding -fno-move-loop-invariants -Wall -Wextra -g3 -DDEBUG -DUSE_FULL_ASSERT -DSTM32F072 -DUSE_STDPERIPH_DRIVER -DHSE_VALUE=8000000 -I../include -I../system/include -I../system/include/cmsis -I../system/include/stm32f0-stdperiph -std=gnu11 -c -o "system\\src\\stm32f0-stdperiph\\stm32f0xx_pwr.o" "..\\system\\src\\stm32f0-stdperiph\\stm32f0xx_pwr.c" 
arm-none-eabi-gcc -mcpu=cortex-m0 -mthumb -Og -fmessage-length=0 -fsigned-char -ffunction-sections -fdata-sections -ffreestanding -fno-move-loop-invariants -Wall -Wextra -g3 -DDEBUG -DUSE_FULL_ASSERT -DSTM32F072 -DUSE_STDPERIPH_DRIVER -DHSE_VALUE=8000000 -I../include -I../system/include -I../system/include/cmsis -I../system/include/stm32f0-stdperiph -std=gnu11 -c -o "system\\src\\cortexm\\exception_handlers.o" "..\\system\\src\\cortexm\\exception_handlers.c" 
arm-none-eabi-gcc -mcpu=cortex-m0 -mthumb -Og -fmessage-length=0 -fsigned-char -ffunction-sections -fdata-sections -ffreestanding -fno-move-loop-invariants -Wall -Wextra -g3 -DDEBUG -DUSE_FULL_ASSERT -DSTM32F072 -DUSE_STDPERIPH_DRIVER -DHSE_VALUE=8000000 -I../include -I../system/include -I../system/include/cmsis -I../system/include/stm32f0-stdperiph -std=gnu11 -c -o "src\\backup.o" "..\\src\\backup.c" 
arm-none-eabi-gcc -mcpu=cortex-m0 -mthumb -Og -fmessage-length=0 -fsigned-char -ffunction-sections -fdata-sections -ffreestanding -fno-move-loop-invariants -Wall -Wextra -g3 -DDEBUG -DUSE_FULL_ASSERT -DSTM32F072 -DUSE_STDPERIPH_DRIVER -DHSE_VALUE=8000000 -I../include -I../system/include -I../system/include/cmsis -I../system/include/stm32f0-stdperiph -std=gnu11 -c -o "src\\stm32f0xx_it.o" "..\\src\\stm32f0xx_it.c" 
arm-none-eabi-gcc -mcpu=cortex-m0 -mthumb -Og -fmessage-length=0 -fsigned-char -ffunction-sections -fdata-sections -ffreestanding -fno-move-loop-invariants -Wall -Wextra -g3 -DDEBUG -DUSE_FULL_ASSERT -DSTM32F072 -DUSE_STDPERIPH_DRIVER -DHSE_VALUE=8000000 -I../include -I../system/include -I../system/include/cmsis -I../system/include/stm32f0-stdperiph -std=gnu11 -c -o "src\\ioc\\ioc.o" "..\\src\\ioc\\ioc.c" 
..\src\ioc\ioc.c:202:13: warning: 'is_key_on' defined but not used [-Wunused-function]
  202 | static bool is_key_on(ioc_t* p_ioc)
      |             ^~~~~~~~~
arm-none-eabi-g++ -mcpu=cortex-m0 -mthumb -Og -fmessage-length=0 -fsigned-char -ffunction-sections -fdata-sections -ffreestanding -fno-move-loop-invariants -Wall -Wextra -g3 -DDEBUG -DUSE_FULL_ASSERT -DSTM32F072 -DUSE_STDPERIPH_DRIVER -DHSE_VALUE=8000000 -I../include -I../system/include -I../system/include/cmsis -I../system/include/stm32f0-stdperiph -std=gnu++11 -fabi-version=0 -fno-exceptions -fno-rtti -fno-use-cxa-atexit -fno-threadsafe-statics -c -o "system\\src\\newlib\\_cxx.o" "..\\system\\src\\newlib\\_cxx.cpp" 
arm-none-eabi-gcc -mcpu=cortex-m0 -mthumb -Og -fmessage-length=0 -fsigned-char -ffunction-sections -fdata-sections -ffreestanding -fno-move-loop-invariants -Wall -Wextra -g3 -DDEBUG -DUSE_FULL_ASSERT -DSTM32F072 -DUSE_STDPERIPH_DRIVER -DHSE_VALUE=8000000 -I../include -I../system/include -I../system/include/cmsis -I../system/include/stm32f0-stdperiph -std=gnu11 -c -o "system\\src\\newlib\\_sbrk.o" "..\\system\\src\\newlib\\_sbrk.c" 
arm-none-eabi-gcc -mcpu=cortex-m0 -mthumb -Og -fmessage-length=0 -fsigned-char -ffunction-sections -fdata-sections -ffreestanding -fno-move-loop-invariants -Wall -Wextra -g3 -DDEBUG -DUSE_FULL_ASSERT -DSTM32F072 -DUSE_STDPERIPH_DRIVER -DHSE_VALUE=8000000 -I../include -I../system/include -I../system/include/cmsis -I../system/include/stm32f0-stdperiph -std=gnu11 -c -o "system\\src\\newlib\\_syscalls.o" "..\\system\\src\\newlib\\_syscalls.c" 
arm-none-eabi-gcc -mcpu=cortex-m0 -mthumb -Og -fmessage-length=0 -fsigned-char -ffunction-sections -fdata-sections -ffreestanding -fno-move-loop-invariants -Wall -Wextra -g3 -DDEBUG -DUSE_FULL_ASSERT -DSTM32F072 -DUSE_STDPERIPH_DRIVER -DHSE_VALUE=8000000 -I../include -I../system/include -I../system/include/cmsis -I../system/include/stm32f0-stdperiph -std=gnu11 -c -o "system\\src\\newlib\\assert.o" "..\\system\\src\\newlib\\assert.c" 
arm-none-eabi-gcc -mcpu=cortex-m0 -mthumb -Og -fmessage-length=0 -fsigned-char -ffunction-sections -fdata-sections -ffreestanding -fno-move-loop-invariants -Wall -Wextra -g3 -DDEBUG -DUSE_FULL_ASSERT -DSTM32F072 -DUSE_STDPERIPH_DRIVER -DHSE_VALUE=8000000 -I../include -I../system/include -I../system/include/cmsis -I../system/include/stm32f0-stdperiph -std=gnu11 -c -o "system\\src\\stm32f0-stdperiph\\stm32f0xx_misc.o" "..\\system\\src\\stm32f0-stdperiph\\stm32f0xx_misc.c" 
arm-none-eabi-gcc -mcpu=cortex-m0 -mthumb -Og -fmessage-length=0 -fsigned-char -ffunction-sections -fdata-sections -ffreestanding -fno-move-loop-invariants -Wall -Wextra -g3 -DDEBUG -DUSE_FULL_ASSERT -DSTM32F072 -DUSE_STDPERIPH_DRIVER -DHSE_VALUE=8000000 -I../include -I../system/include -I../system/include/cmsis -I../system/include/stm32f0-stdperiph -std=gnu11 -c -o "src\\board.o" "..\\src\\board.c" 
arm-none-eabi-gcc -mcpu=cortex-m0 -mthumb -Og -fmessage-length=0 -fsigned-char -ffunction-sections -fdata-sections -ffreestanding -fno-move-loop-invariants -Wall -Wextra -g3 -DDEBUG -DUSE_FULL_ASSERT -DSTM32F072 -DUSE_STDPERIPH_DRIVER -DHSE_VALUE=8000000 -I../include -I../system/include -I../system/include/cmsis -I../system/include/stm32f0-stdperiph -std=gnu11 -c -o "src\\main.o" "..\\src\\main.c" 
arm-none-eabi-gcc -mcpu=cortex-m0 -mthumb -Og -fmessage-length=0 -fsigned-char -ffunction-sections -fdata-sections -ffreestanding -fno-move-loop-invariants -Wall -Wextra -g3 -DDEBUG -DUSE_FULL_ASSERT -DSTM32F072 -DUSE_STDPERIPH_DRIVER -DHSE_VALUE=8000000 -I../include -I../system/include -I../system/include/cmsis -I../system/include/stm32f0-stdperiph -std=gnu11 -c -o "system\\src\\stm32f0-stdperiph\\stm32f0xx_can.o" "..\\system\\src\\stm32f0-stdperiph\\stm32f0xx_can.c" 
arm-none-eabi-gcc -mcpu=cortex-m0 -mthumb -Og -fmessage-length=0 -fsigned-char -ffunction-sections -fdata-sections -ffreestanding -fno-move-loop-invariants -Wall -Wextra -g3 -DDEBUG -DUSE_FULL_ASSERT -DSTM32F072 -DUSE_STDPERIPH_DRIVER -DHSE_VALUE=8000000 -I../include -I../system/include -I../system/include/cmsis -I../system/include/stm32f0-stdperiph -std=gnu11 -c -o "src\\lcd\\lcd_io_gpio8.o" "..\\src\\lcd\\lcd_io_gpio8.c" 
..\src\lcd\lcd_io_gpio8.c: In function 'LCD_IO_Bl_OnOff':
..\src\lcd\lcd_io_gpio8.c:249:30: warning: unused parameter 'Bl' [-Wunused-parameter]
  249 | void LCD_IO_Bl_OnOff(uint8_t Bl)
      |                      ~~~~~~~~^~
arm-none-eabi-gcc -mcpu=cortex-m0 -mthumb -Og -fmessage-length=0 -fsigned-char -ffunction-sections -fdata-sections -ffreestanding -fno-move-loop-invariants -Wall -Wextra -g3 -DDEBUG -DUSE_FULL_ASSERT -DSTM32F072 -DUSE_STDPERIPH_DRIVER -DHSE_VALUE=8000000 -I../include -I../system/include -I../system/include/cmsis -I../system/include/stm32f0-stdperiph -std=gnu11 -c -o "system\\src\\newlib\\_exit.o" "..\\system\\src\\newlib\\_exit.c" 
arm-none-eabi-gcc -mcpu=cortex-m0 -mthumb -Og -fmessage-length=0 -fsigned-char -ffunction-sections -fdata-sections -ffreestanding -fno-move-loop-invariants -Wall -Wextra -g3 -DDEBUG -DUSE_FULL_ASSERT -DSTM32F072 -DUSE_STDPERIPH_DRIVER -DHSE_VALUE=8000000 -I../include -I../system/include -I../system/include/cmsis -I../system/include/stm32f0-stdperiph -std=gnu11 -c -o "system\\src\\stm32f0-stdperiph\\stm32f0xx_gpio.o" "..\\system\\src\\stm32f0-stdperiph\\stm32f0xx_gpio.c" 
arm-none-eabi-gcc -mcpu=cortex-m0 -mthumb -Og -fmessage-length=0 -fsigned-char -ffunction-sections -fdata-sections -ffreestanding -fno-move-loop-invariants -Wall -Wextra -g3 -DDEBUG -DUSE_FULL_ASSERT -DSTM32F072 -DUSE_STDPERIPH_DRIVER -DHSE_VALUE=8000000 -I../include -I../system/include -I../system/include/cmsis -I../system/include/stm32f0-stdperiph -std=gnu11 -c -o "system\\src\\stm32f0-stdperiph\\stm32f0xx_usart.o" "..\\system\\src\\stm32f0-stdperiph\\stm32f0xx_usart.c" 
arm-none-eabi-gcc -mcpu=cortex-m0 -mthumb -Og -fmessage-length=0 -fsigned-char -ffunction-sections -fdata-sections -ffreestanding -fno-move-loop-invariants -Wall -Wextra -g3 -DDEBUG -DUSE_FULL_ASSERT -DSTM32F072 -DUSE_STDPERIPH_DRIVER -DHSE_VALUE=8000000 -I../include -I../system/include -I../system/include/cmsis -I../system/include/stm32f0-stdperiph -std=gnu11 -c -o "src\\lcd\\digit.o" "..\\src\\lcd\\digit.c" 
..\src\lcd\digit.c:639:30: warning: initialization discards 'const' qualifier from pointer target type [-Wdiscarded-qualifiers]
  639 | const tChar Font_array1[] = {&digit1_0,&digit1_1,&digit1_2,&digit1_3,&digit1_4,&digit1_5,&digit1_6,&digit1_7,&digit1_8,&digit1_9};
      |                              ^
..\src\lcd\digit.c:639:40: warning: initialization discards 'const' qualifier from pointer target type [-Wdiscarded-qualifiers]
  639 | const tChar Font_array1[] = {&digit1_0,&digit1_1,&digit1_2,&digit1_3,&digit1_4,&digit1_5,&digit1_6,&digit1_7,&digit1_8,&digit1_9};
      |                                        ^
..\src\lcd\digit.c:639:50: warning: initialization discards 'const' qualifier from pointer target type [-Wdiscarded-qualifiers]
  639 | const tChar Font_array1[] = {&digit1_0,&digit1_1,&digit1_2,&digit1_3,&digit1_4,&digit1_5,&digit1_6,&digit1_7,&digit1_8,&digit1_9};
      |                                                  ^
..\src\lcd\digit.c:639:60: warning: initialization discards 'const' qualifier from pointer target type [-Wdiscarded-qualifiers]
  639 | const tChar Font_array1[] = {&digit1_0,&digit1_1,&digit1_2,&digit1_3,&digit1_4,&digit1_5,&digit1_6,&digit1_7,&digit1_8,&digit1_9};
      |                                                            ^
..\src\lcd\digit.c:639:70: warning: initialization discards 'const' qualifier from pointer target type [-Wdiscarded-qualifiers]
  639 | const tChar Font_array1[] = {&digit1_0,&digit1_1,&digit1_2,&digit1_3,&digit1_4,&digit1_5,&digit1_6,&digit1_7,&digit1_8,&digit1_9};
      |                                                                      ^
..\src\lcd\digit.c:639:80: warning: initialization discards 'const' qualifier from pointer target type [-Wdiscarded-qualifiers]
  639 | const tChar Font_array1[] = {&digit1_0,&digit1_1,&digit1_2,&digit1_3,&digit1_4,&digit1_5,&digit1_6,&digit1_7,&digit1_8,&digit1_9};
      |                                                                                ^
..\src\lcd\digit.c:639:90: warning: initialization discards 'const' qualifier from pointer target type [-Wdiscarded-qualifiers]
  639 | const tChar Font_array1[] = {&digit1_0,&digit1_1,&digit1_2,&digit1_3,&digit1_4,&digit1_5,&digit1_6,&digit1_7,&digit1_8,&digit1_9};
      |                                                                                          ^
..\src\lcd\digit.c:639:100: warning: initialization discards 'const' qualifier from pointer target type [-Wdiscarded-qualifiers]
  639 | const tChar Font_array1[] = {&digit1_0,&digit1_1,&digit1_2,&digit1_3,&digit1_4,&digit1_5,&digit1_6,&digit1_7,&digit1_8,&digit1_9};
      |                                                                                                    ^
..\src\lcd\digit.c:639:110: warning: initialization discards 'const' qualifier from pointer target type [-Wdiscarded-qualifiers]
  639 | const tChar Font_array1[] = {&digit1_0,&digit1_1,&digit1_2,&digit1_3,&digit1_4,&digit1_5,&digit1_6,&digit1_7,&digit1_8,&digit1_9};
      |                                                                                                              ^
..\src\lcd\digit.c:639:120: warning: initialization discards 'const' qualifier from pointer target type [-Wdiscarded-qualifiers]
  639 | const tChar Font_array1[] = {&digit1_0,&digit1_1,&digit1_2,&digit1_3,&digit1_4,&digit1_5,&digit1_6,&digit1_7,&digit1_8,&digit1_9};
      |                                                                                                                        ^
..\src\lcd\digit.c:639:29: warning: missing braces around initializer [-Wmissing-braces]
  639 | const tChar Font_array1[] = {&digit1_0,&digit1_1,&digit1_2,&digit1_3,&digit1_4,&digit1_5,&digit1_6,&digit1_7,&digit1_8,&digit1_9};
      |                             ^
      |                              {        }{        }{        }{        }{        }{        }{        }{        }{        }{        }
arm-none-eabi-gcc -mcpu=cortex-m0 -mthumb -Og -fmessage-length=0 -fsigned-char -ffunction-sections -fdata-sections -ffreestanding -fno-move-loop-invariants -Wall -Wextra -g3 -DDEBUG -DUSE_FULL_ASSERT -DSTM32F072 -DUSE_STDPERIPH_DRIVER -DHSE_VALUE=8000000 -I../include -I../system/include -I../system/include/cmsis -I../system/include/stm32f0-stdperiph -std=gnu11 -c -o "system\\src\\stm32f0-stdperiph\\stm32f0xx_rcc.o" "..\\system\\src\\stm32f0-stdperiph\\stm32f0xx_rcc.c" 
arm-none-eabi-gcc -mcpu=cortex-m0 -mthumb -Og -fmessage-length=0 -fsigned-char -ffunction-sections -fdata-sections -ffreestanding -fno-move-loop-invariants -Wall -Wextra -g3 -DDEBUG -DUSE_FULL_ASSERT -DSTM32F072 -DUSE_STDPERIPH_DRIVER -DHSE_VALUE=8000000 -I../include -I../system/include -I../system/include/cmsis -I../system/include/stm32f0-stdperiph -std=gnu11 -c -o "src\\ioc\\switch.o" "..\\src\\ioc\\switch.c" 
arm-none-eabi-gcc -mcpu=cortex-m0 -mthumb -Og -fmessage-length=0 -fsigned-char -ffunction-sections -fdata-sections -ffreestanding -fno-move-loop-invariants -Wall -Wextra -g3 -DDEBUG -DUSE_FULL_ASSERT -DSTM32F072 -DUSE_STDPERIPH_DRIVER -DHSE_VALUE=8000000 -I../include -I../system/include -I../system/include/cmsis -I../system/include/stm32f0-stdperiph -std=gnu11 -c -o "src\\lcd\\screen.o" "..\\src\\lcd\\screen.c" 
arm-none-eabi-gcc -mcpu=cortex-m0 -mthumb -Og -fmessage-length=0 -fsigned-char -ffunction-sections -fdata-sections -ffreestanding -fno-move-loop-invariants -Wall -Wextra -g3 -DDEBUG -DUSE_FULL_ASSERT -DSTM32F072 -DUSE_STDPERIPH_DRIVER -DHSE_VALUE=8000000 -I../include -I../system/include -I../system/include/cmsis -I../system/include/stm32f0-stdperiph -std=gnu11 -c -o "src\\lcd\\digit1.o" "..\\src\\lcd\\digit1.c" 
..\src\lcd\digit1.c:1256:29: warning: initialization discards 'const' qualifier from pointer target type [-Wdiscarded-qualifiers]
 1256 | const tChar Font_array[] = {&digit_0,&digit_1,&digit_2,&digit_3,&digit_4,&digit_5,&digit_6,&digit_7,&digit_8,&digit_9};
      |                             ^
..\src\lcd\digit1.c:1256:38: warning: initialization discards 'const' qualifier from pointer target type [-Wdiscarded-qualifiers]
 1256 | const tChar Font_array[] = {&digit_0,&digit_1,&digit_2,&digit_3,&digit_4,&digit_5,&digit_6,&digit_7,&digit_8,&digit_9};
      |                                      ^
..\src\lcd\digit1.c:1256:47: warning: initialization discards 'const' qualifier from pointer target type [-Wdiscarded-qualifiers]
 1256 | const tChar Font_array[] = {&digit_0,&digit_1,&digit_2,&digit_3,&digit_4,&digit_5,&digit_6,&digit_7,&digit_8,&digit_9};
      |                                               ^
..\src\lcd\digit1.c:1256:56: warning: initialization discards 'const' qualifier from pointer target type [-Wdiscarded-qualifiers]
 1256 | const tChar Font_array[] = {&digit_0,&digit_1,&digit_2,&digit_3,&digit_4,&digit_5,&digit_6,&digit_7,&digit_8,&digit_9};
      |                                                        ^
..\src\lcd\digit1.c:1256:65: warning: initialization discards 'const' qualifier from pointer target type [-Wdiscarded-qualifiers]
 1256 | const tChar Font_array[] = {&digit_0,&digit_1,&digit_2,&digit_3,&digit_4,&digit_5,&digit_6,&digit_7,&digit_8,&digit_9};
      |                                                                 ^
..\src\lcd\digit1.c:1256:74: warning: initialization discards 'const' qualifier from pointer target type [-Wdiscarded-qualifiers]
 1256 | const tChar Font_array[] = {&digit_0,&digit_1,&digit_2,&digit_3,&digit_4,&digit_5,&digit_6,&digit_7,&digit_8,&digit_9};
      |                                                                          ^
..\src\lcd\digit1.c:1256:83: warning: initialization discards 'const' qualifier from pointer target type [-Wdiscarded-qualifiers]
 1256 | const tChar Font_array[] = {&digit_0,&digit_1,&digit_2,&digit_3,&digit_4,&digit_5,&digit_6,&digit_7,&digit_8,&digit_9};
      |                                                                                   ^
..\src\lcd\digit1.c:1256:92: warning: initialization discards 'const' qualifier from pointer target type [-Wdiscarded-qualifiers]
 1256 | const tChar Font_array[] = {&digit_0,&digit_1,&digit_2,&digit_3,&digit_4,&digit_5,&digit_6,&digit_7,&digit_8,&digit_9};
      |                                                                                            ^
..\src\lcd\digit1.c:1256:101: warning: initialization discards 'const' qualifier from pointer target type [-Wdiscarded-qualifiers]
 1256 | const tChar Font_array[] = {&digit_0,&digit_1,&digit_2,&digit_3,&digit_4,&digit_5,&digit_6,&digit_7,&digit_8,&digit_9};
      |                                                                                                     ^
..\src\lcd\digit1.c:1256:110: warning: initialization discards 'const' qualifier from pointer target type [-Wdiscarded-qualifiers]
 1256 | const tChar Font_array[] = {&digit_0,&digit_1,&digit_2,&digit_3,&digit_4,&digit_5,&digit_6,&digit_7,&digit_8,&digit_9};
      |                                                                                                              ^
..\src\lcd\digit1.c:1256:28: warning: missing braces around initializer [-Wmissing-braces]
 1256 | const tChar Font_array[] = {&digit_0,&digit_1,&digit_2,&digit_3,&digit_4,&digit_5,&digit_6,&digit_7,&digit_8,&digit_9};
      |                            ^
      |                             {       }{       }{       }{       }{       }{       }{       }{       }{       }{       }
arm-none-eabi-gcc -mcpu=cortex-m0 -mthumb -Og -fmessage-length=0 -fsigned-char -ffunction-sections -fdata-sections -ffreestanding -fno-move-loop-invariants -Wall -Wextra -g3 -DDEBUG -DUSE_FULL_ASSERT -DSTM32F072 -DUSE_STDPERIPH_DRIVER -DHSE_VALUE=8000000 -I../include -I../system/include -I../system/include/cmsis -I../system/include/stm32f0-stdperiph -std=gnu11 -c -o "src\\can\\can_receive.o" "..\\src\\can\\can_receive.c" 
arm-none-eabi-gcc -mcpu=cortex-m0 -mthumb -Og -fmessage-length=0 -fsigned-char -ffunction-sections -fdata-sections -ffreestanding -fno-move-loop-invariants -Wall -Wextra -g3 -DDEBUG -DUSE_FULL_ASSERT -DSTM32F072 -DUSE_STDPERIPH_DRIVER -DHSE_VALUE=8000000 -I../include -I../system/include -I../system/include/cmsis -I../system/include/stm32f0-stdperiph -std=gnu11 -c -o "src\\lcd\\ili9486.o" "..\\src\\lcd\\ili9486.c" 
..\src\lcd\ili9486.c: In function 'ili9486_DrawBitmap':
..\src\lcd\ili9486.c:429:34: warning: unused parameter 'Xpos' [-Wunused-parameter]
  429 | void ili9486_DrawBitmap(uint16_t Xpos, uint16_t Ypos, uint8_t *pbmp)
      |                         ~~~~~~~~~^~~~
..\src\lcd\ili9486.c:429:49: warning: unused parameter 'Ypos' [-Wunused-parameter]
  429 | void ili9486_DrawBitmap(uint16_t Xpos, uint16_t Ypos, uint8_t *pbmp)
      |                                        ~~~~~~~~~^~~~
..\src\lcd\ili9486.c: In function 'ili9486_DrawBitmap_MonoChrome':
..\src\lcd\ili9486.c:450:45: warning: unused parameter 'Xpos' [-Wunused-parameter]
  450 | void ili9486_DrawBitmap_MonoChrome(uint16_t Xpos, uint16_t Ypos, uint8_t* pbmp)
      |                                    ~~~~~~~~~^~~~
..\src\lcd\ili9486.c:450:60: warning: unused parameter 'Ypos' [-Wunused-parameter]
  450 | void ili9486_DrawBitmap_MonoChrome(uint16_t Xpos, uint16_t Ypos, uint8_t* pbmp)
      |                                                   ~~~~~~~~~^~~~
..\src\lcd\ili9486.c: In function 'ili9486_DrawBitmap_Grayscale4':
..\src\lcd\ili9486.c:487:4: warning: implicit declaration of function 'LCD_IO_WriteCmd8MultipleData16_Grayscale4'; did you mean 'LCD_IO_WriteCmd8MultipleData16_Monochrome'? [-Wimplicit-function-declaration]
  487 |    LCD_IO_WriteCmd8MultipleData16_Grayscale4(ILI9486_RAMWR, (uint16_t *)pbmp, size);
      |    ^~~~~~~~~~~~~~~~~~~~~~~~~~~~~~~~~~~~~~~~~
      |    LCD_IO_WriteCmd8MultipleData16_Monochrome
..\src\lcd\ili9486.c:471:45: warning: unused parameter 'Xpos' [-Wunused-parameter]
  471 | void ili9486_DrawBitmap_Grayscale4(uint16_t Xpos, uint16_t Ypos, uint8_t* pbmp)
      |                                    ~~~~~~~~~^~~~
..\src\lcd\ili9486.c:471:60: warning: unused parameter 'Ypos' [-Wunused-parameter]
  471 | void ili9486_DrawBitmap_Grayscale4(uint16_t Xpos, uint16_t Ypos, uint8_t* pbmp)
      |                                                   ~~~~~~~~~^~~~
arm-none-eabi-gcc -mcpu=cortex-m0 -mthumb -Og -fmessage-length=0 -fsigned-char -ffunction-sections -fdata-sections -ffreestanding -fno-move-loop-invariants -Wall -Wextra -g3 -DDEBUG -DUSE_FULL_ASSERT -DSTM32F072 -DUSE_STDPERIPH_DRIVER -DHSE_VALUE=8000000 -I../include -I../system/include -I../system/include/cmsis -I../system/include/stm32f0-stdperiph -std=gnu11 -c -o "system\\src\\newlib\\_startup.o" "..\\system\\src\\newlib\\_startup.c" 
arm-none-eabi-g++ -mcpu=cortex-m0 -mthumb -Og -fmessage-length=0 -fsigned-char -ffunction-sections -fdata-sections -ffreestanding -fno-move-loop-invariants -Wall -Wextra -g3 -T mem.ld -T libs.ld -T sections.ld -nostartfiles -Xlinker --gc-sections -L../ldscripts -Wl,-Map,STM32F0_LCDTFT_bxCAN.map --specs=nano.specs -o STM32F0_LCDTFT_bxCAN.elf "src\\backup.o" "src\\board.o" "src\\can\\can_hardware.o" "src\\can\\can_receive.o" "src\\ioc\\actuator_io_hardware.o" "src\\ioc\\ioc.o" "src\\ioc\\switch.o" "src\\lcd\\Fonts\\font28.o" "src\\lcd\\digit.o" "src\\lcd\\digit1.o" "src\\lcd\\ili9486.o" "src\\lcd\\lcd_io_gpio8.o" "src\\lcd\\screen.o" "src\\lcd\\stm32_adafruit_lcd.o" "src\\main.o" "src\\stm32f0xx_it.o" "src\\usart\\usart.o" "system\\src\\cmsis\\system_stm32f0xx.o" "system\\src\\cmsis\\vectors_stm32f0xx.o" "system\\src\\cortexm\\_initialize_hardware.o" "system\\src\\cortexm\\_reset_hardware.o" "system\\src\\cortexm\\exception_handlers.o" "system\\src\\diag\\Trace.o" "system\\src\\diag\\trace_impl.o" "system\\src\\newlib\\_cxx.o" "system\\src\\newlib\\_exit.o" "system\\src\\newlib\\_sbrk.o" "system\\src\\newlib\\_startup.o" "system\\src\\newlib\\_syscalls.o" "system\\src\\newlib\\assert.o" "system\\src\\stm32f0-stdperiph\\stm32f0xx_can.o" "system\\src\\stm32f0-stdperiph\\stm32f0xx_exti.o" "system\\src\\stm32f0-stdperiph\\stm32f0xx_gpio.o" "system\\src\\stm32f0-stdperiph\\stm32f0xx_misc.o" "system\\src\\stm32f0-stdperiph\\stm32f0xx_pwr.o" "system\\src\\stm32f0-stdperiph\\stm32f0xx_rcc.o" "system\\src\\stm32f0-stdperiph\\stm32f0xx_rtc.o" "system\\src\\stm32f0-stdperiph\\stm32f0xx_syscfg.o" "system\\src\\stm32f0-stdperiph\\stm32f0xx_tim.o" "system\\src\\stm32f0-stdperiph\\stm32f0xx_usart.o" 
arm-none-eabi-size --format=berkeley STM32F0_LCDTFT_bxCAN.elf 
   text	   data	    bss	    dec	    hex	filename
 116819	    380	    760	 117959	  1ccc7	STM32F0_LCDTFT_bxCAN.elf
arm-none-eabi-objcopy -O ihex STM32F0_LCDTFT_bxCAN.elf STM32F0_LCDTFT_bxCAN.hex 
